Component: Arm Compiler for Embedded 6.23 Tool: armlink [5f102400]

==============================================================================

Section Cross References

    main.o(.text.SysTick_Handler) refers to stm32f2xx_hal.o(.text.HAL_IncTick) for HAL_IncTick
    main.o(.ARM.exidx.text.SysTick_Handler) refers to main.o(.text.SysTick_Handler) for [Anonymous Symbol]
    main.o(.text.main) refers to stm32f2xx_hal.o(.text.HAL_Init) for HAL_Init
    main.o(.text.main) refers to cs42l52.o(.text.cs42l52_Init) for cs42l52_Init
    main.o(.text.main) refers to main.o(.data.audioBuffer) for audioBuffer
    main.o(.text.main) refers to cs42l52.o(.text.cs42l52_Play) for cs42l52_Play
    main.o(.ARM.exidx.text.main) refers to main.o(.text.main) for [Anonymous Symbol]
    cs42l52.o(.text.cs42l52_Init) refers to cs42l52.o(.text.AUDIO_IO_Init) for AUDIO_IO_Init
    cs42l52.o(.text.cs42l52_Init) refers to cs42l52.o(.text.CODEC_IO_Write) for CODEC_IO_Write
    cs42l52.o(.text.cs42l52_Init) refers to cs42l52.o(.bss.OutputDev) for OutputDev
    cs42l52.o(.text.cs42l52_Init) refers to cs42l52.o(.text.cs42l52_SetVolume) for cs42l52_SetVolume
    cs42l52.o(.ARM.exidx.text.cs42l52_Init) refers to cs42l52.o(.text.cs42l52_Init) for [Anonymous Symbol]
    cs42l52.o(.text.cs42l52_DeInit) refers to cs42l52.o(.text.AUDIO_IO_DeInit) for AUDIO_IO_DeInit
    cs42l52.o(.ARM.exidx.text.cs42l52_DeInit) refers to cs42l52.o(.text.cs42l52_DeInit) for [Anonymous Symbol]
    cs42l52.o(.text.cs42l52_ReadID) refers to cs42l52.o(.text.AUDIO_IO_Init) for AUDIO_IO_Init
    cs42l52.o(.text.cs42l52_ReadID) refers to cs42l52.o(.text.AUDIO_IO_Read) for AUDIO_IO_Read
    cs42l52.o(.ARM.exidx.text.cs42l52_ReadID) refers to cs42l52.o(.text.cs42l52_ReadID) for [Anonymous Symbol]
    cs42l52.o(.text.cs42l52_Play) refers to cs42l52.o(.data.Is_cs42l52_Stop) for Is_cs42l52_Stop
    cs42l52.o(.text.cs42l52_Play) refers to cs42l52.o(.text.cs42l52_SetMute) for cs42l52_SetMute
    cs42l52.o(.text.cs42l52_Play) refers to cs42l52.o(.text.CODEC_IO_Write) for CODEC_IO_Write
    cs42l52.o(.ARM.exidx.text.cs42l52_Play) refers to cs42l52.o(.text.cs42l52_Play) for [Anonymous Symbol]
    cs42l52.o(.text.cs42l52_Pause) refers to cs42l52.o(.text.cs42l52_SetMute) for cs42l52_SetMute
    cs42l52.o(.text.cs42l52_Pause) refers to cs42l52.o(.text.AUDIO_IO_Delay) for AUDIO_IO_Delay
    cs42l52.o(.text.cs42l52_Pause) refers to cs42l52.o(.text.CODEC_IO_Write) for CODEC_IO_Write
    cs42l52.o(.ARM.exidx.text.cs42l52_Pause) refers to cs42l52.o(.text.cs42l52_Pause) for [Anonymous Symbol]
    cs42l52.o(.text.cs42l52_Resume) refers to cs42l52.o(.text.cs42l52_SetMute) for cs42l52_SetMute
    cs42l52.o(.text.cs42l52_Resume) refers to cs42l52.o(.text.AUDIO_IO_Delay) for AUDIO_IO_Delay
    cs42l52.o(.text.cs42l52_Resume) refers to cs42l52.o(.bss.OutputDev) for OutputDev
    cs42l52.o(.text.cs42l52_Resume) refers to cs42l52.o(.text.CODEC_IO_Write) for CODEC_IO_Write
    cs42l52.o(.ARM.exidx.text.cs42l52_Resume) refers to cs42l52.o(.text.cs42l52_Resume) for [Anonymous Symbol]
    cs42l52.o(.text.cs42l52_Stop) refers to cs42l52.o(.text.cs42l52_SetMute) for cs42l52_SetMute
    cs42l52.o(.text.cs42l52_Stop) refers to cs42l52.o(.text.AUDIO_IO_Delay) for AUDIO_IO_Delay
    cs42l52.o(.text.cs42l52_Stop) refers to cs42l52.o(.text.CODEC_IO_Write) for CODEC_IO_Write
    cs42l52.o(.text.cs42l52_Stop) refers to cs42l52.o(.data.Is_cs42l52_Stop) for Is_cs42l52_Stop
    cs42l52.o(.ARM.exidx.text.cs42l52_Stop) refers to cs42l52.o(.text.cs42l52_Stop) for [Anonymous Symbol]
    cs42l52.o(.ARM.exidx.text.cs42l52_SetFrequency) refers to cs42l52.o(.text.cs42l52_SetFrequency) for [Anonymous Symbol]
    cs42l52.o(.text.cs42l52_SetVolume) refers to cs42l52.o(.text.CODEC_IO_Write) for CODEC_IO_Write
    cs42l52.o(.ARM.exidx.text.cs42l52_SetVolume) refers to cs42l52.o(.text.cs42l52_SetVolume) for [Anonymous Symbol]
    cs42l52.o(.text.cs42l52_SetMute) refers to cs42l52.o(.text.CODEC_IO_Write) for CODEC_IO_Write
    cs42l52.o(.text.cs42l52_SetMute) refers to cs42l52.o(.bss.OutputDev) for OutputDev
    cs42l52.o(.ARM.exidx.text.cs42l52_SetMute) refers to cs42l52.o(.text.cs42l52_SetMute) for [Anonymous Symbol]
    cs42l52.o(.text.cs42l52_SetOutputMode) refers to cs42l52.o(.bss.OutputDev) for OutputDev
    cs42l52.o(.text.cs42l52_SetOutputMode) refers to cs42l52.o(.text.CODEC_IO_Write) for CODEC_IO_Write
    cs42l52.o(.ARM.exidx.text.cs42l52_SetOutputMode) refers to cs42l52.o(.text.cs42l52_SetOutputMode) for [Anonymous Symbol]
    cs42l52.o(.text.AUDIO_IO_Init) refers to i2c_stm32f2xx.o(.rodata.Driver_I2C1) for Driver_I2C1
    cs42l52.o(.ARM.exidx.text.AUDIO_IO_Init) refers to cs42l52.o(.text.AUDIO_IO_Init) for [Anonymous Symbol]
    cs42l52.o(.text.CODEC_IO_Write) refers to cs42l52.o(.text.AUDIO_IO_Write) for AUDIO_IO_Write
    cs42l52.o(.ARM.exidx.text.CODEC_IO_Write) refers to cs42l52.o(.text.CODEC_IO_Write) for [Anonymous Symbol]
[...]
    Removing stm32f2xx_hal_i2c.o(.text.I2C_DMAError), (114 bytes).
    Removing stm32f2xx_hal_i2c.o(.ARM.exidx.text.I2C_DMAError), (8 bytes).
    Removing stm32f2xx_hal_i2c.o(.text.HAL_I2C_Master_Receive_DMA), (622 bytes).
    Removing stm32f2xx_hal_i2c.o(.ARM.exidx.text.HAL_I2C_Master_Receive_DMA), (8 bytes).
    Removing stm32f2xx_hal_i2c.o(.text.HAL_I2C_Slave_Transmit_DMA), (434 bytes).
    Removing stm32f2xx_hal_i2c.o(.ARM.exidx.text.HAL_I2C_Slave_Transmit_DMA), (8 bytes).
    Removing stm32f2xx_hal_i2c.o(.text.HAL_I2C_Slave_Receive_DMA), (434 bytes).
    Removing stm32f2xx_hal_i2c.o(.ARM.exidx.text.HAL_I2C_Slave_Receive_DMA), (8 bytes).
    Removing stm32f2xx_hal_i2c.o(.text.HAL_I2C_Mem_Write), (532 bytes).
    Removing stm32f2xx_hal_i2c.o(.ARM.exidx.text.HAL_I2C_Mem_Write), (8 bytes).
    Removing stm32f2xx_hal_i2c.o(.text.I2C_RequestMemoryWrite), (314 bytes).
    Removing stm32f2xx_hal_i2c.o(.ARM.exidx.text.I2C_RequestMemoryWrite), (8 bytes).
    Removing stm32f2xx_hal_i2c.o(.text.HAL_I2C_Mem_Read), (1072 bytes).
    Removing stm32f2xx_hal_i2c.o(.ARM.exidx.text.HAL_I2C_Mem_Read), (8 bytes).
    Removing stm32f2xx_hal_i2c.o(.text.I2C_RequestMemoryRead), (482 bytes).
    Removing stm32f2xx_hal_i2c.o(.ARM.exidx.text.I2C_RequestMemoryRead), (8 bytes).
    Removing stm32f2xx_hal_i2c.o(.text.HAL_I2C_Mem_Write_IT), (386 bytes).
    Removing stm32f2xx_hal_i2c.o(.ARM.exidx.text.HAL_I2C_Mem_Write_IT), (8 bytes).
    Removing stm32f2xx_hal_i2c.o(.text.HAL_I2C_Mem_Read_IT), (408 bytes).
    Removing stm32f2xx_hal_i2c.o(.ARM.exidx.text.HAL_I2C_Mem_Read_IT), (8 bytes).
    Removing stm32f2xx_hal_i2c.o(.text.HAL_I2C_Mem_Write_DMA), (762 bytes).
    Removing stm32f2xx_hal_i2c.o(.ARM.exidx.text.HAL_I2C_Mem_Write_DMA), (8 bytes).
    Removing stm32f2xx_hal_i2c.o(.text.HAL_I2C_Mem_Read_DMA), (866 bytes).
    Removing stm32f2xx_hal_i2c.o(.ARM.exidx.text.HAL_I2C_Mem_Read_DMA), (8 bytes).
    Removing stm32f2xx_hal_i2c.o(.text.HAL_I2C_IsDeviceReady), (654 bytes).
    Removing stm32f2xx_hal_i2c.o(.ARM.exidx.text.HAL_I2C_IsDeviceReady), (8 bytes).
    Removing stm32f2xx_hal_i2c.o(.text.HAL_I2C_Master_Seq_Transmit_IT), (440 bytes).
    Removing stm32f2xx_hal_i2c.o(.ARM.exidx.text.HAL_I2C_Master_Seq_Transmit_IT), (8 bytes).
    Removing stm32f2xx_hal_i2c.o(.text.HAL_I2C_Master_Seq_Transmit_DMA), (780 bytes).
    Removing stm32f2xx_hal_i2c.o(.ARM.exidx.text.HAL_I2C_Master_Seq_Transmit_DMA), (8 bytes).
    Removing stm32f2xx_hal_i2c.o(.text.HAL_I2C_Master_Seq_Receive_IT), (544 bytes).
    Removing stm32f2xx_hal_i2c.o(.ARM.exidx.text.HAL_I2C_Master_Seq_Receive_IT), (8 bytes).
    Removing stm32f2xx_hal_i2c.o(.text.HAL_I2C_Master_Seq_Receive_DMA), (942 bytes).
    Removing stm32f2xx_hal_i2c.o(.ARM.exidx.text.HAL_I2C_Master_Seq_Receive_DMA), (8 bytes).
    Removing stm32f2xx_hal_i2c.o(.text.HAL_I2C_Slave_Seq_Transmit_IT), (250 bytes).
    Removing stm32f2xx_hal_i2c.o(.ARM.exidx.text.HAL_I2C_Slave_Seq_Transmit_IT), (8 bytes).
    Removing stm32f2xx_hal_i2c.o(.text.HAL_I2C_Slave_Seq_Transmit_DMA), (642 bytes).
    Removing stm32f2xx_hal_i2c.o(.ARM.exidx.text.HAL_I2C_Slave_Seq_Transmit_DMA), (8 bytes).
    Removing stm32f2xx_hal_i2c.o(.text.I2C_DMAAbort), (342 bytes).
    Removing stm32f2xx_hal_i2c.o(.ARM.exidx.text.I2C_DMAAbort), (8 bytes).
    Removing stm32f2xx_hal_i2c.o(.text.HAL_I2C_Slave_Seq_Receive_IT), (250 bytes).
    Removing stm32f2xx_hal_i2c.o(.ARM.exidx.text.HAL_I2C_Slave_Seq_Receive_IT), (8 bytes).
    Removing stm32f2xx_hal_i2c.o(.text.HAL_I2C_Slave_Seq_Receive_DMA), (642 bytes).
    Removing stm32f2xx_hal_i2c.o(.ARM.exidx.text.HAL_I2C_Slave_Seq_Receive_DMA), (8 bytes).
    Removing stm32f2xx_hal_i2c.o(.text.HAL_I2C_EnableListen_IT), (102 bytes).
    Removing stm32f2xx_hal_i2c.o(.ARM.exidx.text.HAL_I2C_EnableListen_IT), (8 bytes).
    Removing stm32f2xx_hal_i2c.o(.text.HAL_I2C_DisableListen_IT), (104 bytes).
    Removing stm32f2xx_hal_i2c.o(.ARM.exidx.text.HAL_I2C_DisableListen_IT), (8 bytes).
    Removing stm32f2xx_hal_i2c.o(.text.HAL_I2C_Master_Abort_IT), (180 bytes).
    Removing stm32f2xx_hal_i2c.o(.ARM.exidx.text.HAL_I2C_Master_Abort_IT), (8 bytes).
    Removing stm32f2xx_hal_i2c.o(.text.I2C_ITError), (636 bytes).
    Removing stm32f2xx_hal_i2c.o(.ARM.exidx.text.I2C_ITError), (8 bytes).
    Removing stm32f2xx_hal_i2c.o(.text.HAL_I2C_EV_IRQHandler), (970 bytes).
    Removing stm32f2xx_hal_i2c.o(.ARM.exidx.text.HAL_I2C_EV_IRQHandler), (8 bytes).
    Removing stm32f2xx_hal_i2c.o(.text.I2C_ConvertOtherXferOptions), (52 bytes).
    Removing stm32f2xx_hal_i2c.o(.ARM.exidx.text.I2C_ConvertOtherXferOptions), (8 bytes).
    Removing stm32f2xx_hal_i2c.o(.text.I2C_Master_SB), (240 bytes).
    Removing stm32f2xx_hal_i2c.o(.ARM.exidx.text.I2C_Master_SB), (8 bytes).
    Removing stm32f2xx_hal_i2c.o(.text.I2C_Master_ADD10), (70 bytes).
    Removing stm32f2xx_hal_i2c.o(.ARM.exidx.text.I2C_Master_ADD10), (8 bytes).
    Removing stm32f2xx_hal_i2c.o(.text.I2C_Master_ADDR), (830 bytes).
    Removing stm32f2xx_hal_i2c.o(.ARM.exidx.text.I2C_Master_ADDR), (8 bytes).
    Removing stm32f2xx_hal_i2c.o(.text.I2C_MasterTransmit_TXE), (318 bytes).
    Removing stm32f2xx_hal_i2c.o(.ARM.exidx.text.I2C_MasterTransmit_TXE), (8 bytes).
    Removing stm32f2xx_hal_i2c.o(.text.I2C_MasterTransmit_BTF), (222 bytes).
    Removing stm32f2xx_hal_i2c.o(.ARM.exidx.text.I2C_MasterTransmit_BTF), (8 bytes).
    Removing stm32f2xx_hal_i2c.o(.text.I2C_MemoryTransmit_TXE_BTF), (296 bytes).
    Removing stm32f2xx_hal_i2c.o(.ARM.exidx.text.I2C_MemoryTransmit_TXE_BTF), (8 bytes).
    Removing stm32f2xx_hal_i2c.o(.text.I2C_MasterReceive_RXNE), (328 bytes).
    Removing stm32f2xx_hal_i2c.o(.ARM.exidx.text.I2C_MasterReceive_RXNE), (8 bytes).
    Removing stm32f2xx_hal_i2c.o(.text.I2C_MasterReceive_BTF), (414 bytes).
    Removing stm32f2xx_hal_i2c.o(.ARM.exidx.text.I2C_MasterReceive_BTF), (8 bytes).
    Removing stm32f2xx_hal_i2c.o(.text.I2C_Slave_ADDR), (174 bytes).
    Removing stm32f2xx_hal_i2c.o(.ARM.exidx.text.I2C_Slave_ADDR), (8 bytes).
    Removing stm32f2xx_hal_i2c.o(.text.I2C_Slave_STOPF), (586 bytes).
    Removing stm32f2xx_hal_i2c.o(.ARM.exidx.text.I2C_Slave_STOPF), (8 bytes).
    Removing stm32f2xx_hal_i2c.o(.text.I2C_SlaveTransmit_TXE), (108 bytes).
    Removing stm32f2xx_hal_i2c.o(.ARM.exidx.text.I2C_SlaveTransmit_TXE), (8 bytes).
    Removing stm32f2xx_hal_i2c.o(.text.I2C_SlaveTransmit_BTF), (44 bytes).
    Removing stm32f2xx_hal_i2c.o(.ARM.exidx.text.I2C_SlaveTransmit_BTF), (8 bytes).
    Removing stm32f2xx_hal_i2c.o(.text.I2C_SlaveReceive_RXNE), (110 bytes).
    Removing stm32f2xx_hal_i2c.o(.ARM.exidx.text.I2C_SlaveReceive_RXNE), (8 bytes).
    Removing stm32f2xx_hal_i2c.o(.text.I2C_SlaveReceive_BTF), (46 bytes).
    Removing stm32f2xx_hal_i2c.o(.ARM.exidx.text.I2C_SlaveReceive_BTF), (8 bytes).
    Removing stm32f2xx_hal_i2c.o(.text.HAL_I2C_ER_IRQHandler), (378 bytes).
    Removing stm32f2xx_hal_i2c.o(.ARM.exidx.text.HAL_I2C_ER_IRQHandler), (8 bytes).
    Removing stm32f2xx_hal_i2c.o(.text.I2C_Slave_AF), (228 bytes).
    Removing stm32f2xx_hal_i2c.o(.ARM.exidx.text.I2C_Slave_AF), (8 bytes).
    Removing stm32f2xx_hal_i2c.o(.text.HAL_I2C_MasterTxCpltCallback), (8 bytes).
    Removing stm32f2xx_hal_i2c.o(.ARM.exidx.text.HAL_I2C_MasterTxCpltCallback), (8 bytes).
    Removing stm32f2xx_hal_i2c.o(.text.HAL_I2C_MasterRxCpltCallback), (8 bytes).
    Removing stm32f2xx_hal_i2c.o(.ARM.exidx.text.HAL_I2C_MasterRxCpltCallback), (8 bytes).
    Removing stm32f2xx_hal_i2c.o(.text.HAL_I2C_SlaveTxCpltCallback), (8 bytes).
    Removing stm32f2xx_hal_i2c.o(.ARM.exidx.text.HAL_I2C_SlaveTxCpltCallback), (8 bytes).
    Removing stm32f2xx_hal_i2c.o(.text.HAL_I2C_SlaveRxCpltCallback), (8 bytes).
    Removing stm32f2xx_hal_i2c.o(.ARM.exidx.text.HAL_I2C_SlaveRxCpltCallback), (8 bytes).
    Removing stm32f2xx_hal_i2c.o(.text.HAL_I2C_AddrCallback), (16 bytes).
    Removing stm32f2xx_hal_i2c.o(.ARM.exidx.text.HAL_I2C_AddrCallback), (8 bytes).
    Removing stm32f2xx_hal_i2c.o(.text.HAL_I2C_ListenCpltCallback), (8 bytes).
    Removing stm32f2xx_hal_i2c.o(.ARM.exidx.text.HAL_I2C_ListenCpltCallback), (8 bytes).
    Removing stm32f2xx_hal_i2c.o(.text.HAL_I2C_MemTxCpltCallback), (8 bytes).
    Removing stm32f2xx_hal_i2c.o(.ARM.exidx.text.HAL_I2C_MemTxCpltCallback), (8 bytes).
    Removing stm32f2xx_hal_i2c.o(.text.HAL_I2C_MemRxCpltCallback), (8 bytes).
    Removing stm32f2xx_hal_i2c.o(.ARM.exidx.text.HAL_I2C_MemRxCpltCallback), (8 bytes).
    Removing stm32f2xx_hal_i2c.o(.text.HAL_I2C_ErrorCallback), (8 bytes).
    Removing stm32f2xx_hal_i2c.o(.ARM.exidx.text.HAL_I2C_ErrorCallback), (8 bytes).
    Removing stm32f2xx_hal_i2c.o(.text.HAL_I2C_AbortCpltCallback), (8 bytes).
    Removing stm32f2xx_hal_i2c.o(.ARM.exidx.text.HAL_I2C_AbortCpltCallback), (8 bytes).
    Removing stm32f2xx_hal_i2c.o(.text.HAL_I2C_GetState), (14 bytes).
    Removing stm32f2xx_hal_i2c.o(.ARM.exidx.text.HAL_I2C_GetState), (8 bytes).
    Removing stm32f2xx_hal_i2c.o(.text.HAL_I2C_GetMode), (14 bytes).
    Removing stm32f2xx_hal_i2c.o(.ARM.exidx.text.HAL_I2C_GetMode), (8 bytes).
    Removing stm32f2xx_hal_i2c.o(.text.HAL_I2C_GetError), (12 bytes).
    Removing stm32f2xx_hal_i2c.o(.ARM.exidx.text.HAL_I2C_GetError), (8 bytes).
    Removing stm32f2xx_hal_i2c.o(.text.I2C_Flush_DR), (36 bytes).
    Removing stm32f2xx_hal_i2c.o(.ARM.exidx.text.I2C_Flush_DR), (8 bytes).
    Removing stm32f2xx_hal_i2c.o(.text.I2C_WaitOnSTOPRequestThroughIT), (120 bytes).
    Removing stm32f2xx_hal_i2c.o(.ARM.exidx.text.I2C_WaitOnSTOPRequestThroughIT), (8 bytes).
    Removing stm32f2xx_hal_i2c.o(.text.I2C_WaitOnMasterAddressFlagUntilTimeout), (340 bytes).
    Removing stm32f2xx_hal_i2c.o(.ARM.exidx.text.I2C_WaitOnMasterAddressFlagUntilTimeout), (8 bytes).
    Removing stm32f2xx_hal_i2c.o(.text.I2C_IsAcknowledgeFailed), (100 bytes).
    Removing stm32f2xx_hal_i2c.o(.ARM.exidx.text.I2C_IsAcknowledgeFailed), (8 bytes).
    Removing stm32f2xx_hal_i2s.o(.text), (0 bytes).
    Removing stm32f2xx_hal_i2s.o(.text.HAL_I2S_Init), (660 bytes).
    Removing stm32f2xx_hal_i2s.o(.ARM.exidx.text.HAL_I2S_Init), (8 bytes).
    Removing stm32f2xx_hal_i2s.o(.text.HAL_I2S_MspInit), (8 bytes).
    Removing stm32f2xx_hal_i2s.o(.ARM.exidx.text.HAL_I2S_MspInit), (8 bytes).
    Removing stm32f2xx_hal_i2s.o(.text.HAL_I2S_DeInit), (86 bytes).
    Removing stm32f2xx_hal_i2s.o(.ARM.exidx.text.HAL_I2S_DeInit), (8 bytes).
    Removing stm32f2xx_hal_i2s.o(.text.HAL_I2S_MspDeInit), (8 bytes).
    Removing stm32f2xx_hal_i2s.o(.ARM.exidx.text.HAL_I2S_MspDeInit), (8 bytes).
    Removing stm32f2xx_hal_i2s.o(.text.HAL_I2S_Transmit), (544 bytes).
    Removing stm32f2xx_hal_i2s.o(.ARM.exidx.text.HAL_I2S_Transmit), (8 bytes).
    Removing stm32f2xx_hal_i2s.o(.text.I2S_WaitFlagStateUntilTimeout), (128 bytes).
    Removing stm32f2xx_hal_i2s.o(.ARM.exidx.text.I2S_WaitFlagStateUntilTimeout), (8 bytes).
    Removing stm32f2xx_hal_i2s.o(.text.HAL_I2S_Receive), (458 bytes).
    Removing stm32f2xx_hal_i2s.o(.ARM.exidx.text.HAL_I2S_Receive), (8 bytes).
    Removing stm32f2xx_hal_i2s.o(.text.HAL_I2S_Transmit_IT), (258 bytes).
    Removing stm32f2xx_hal_i2s.o(.ARM.exidx.text.HAL_I2S_Transmit_IT), (8 bytes).
    Removing stm32f2xx_hal_i2s.o(.text.HAL_I2S_Receive_IT), (258 bytes).
    Removing stm32f2xx_hal_i2s.o(.ARM.exidx.text.HAL_I2S_Receive_IT), (8 bytes).
    Removing stm32f2xx_hal_i2s.o(.text.HAL_I2S_Transmit_DMA), (372 bytes).
    Removing stm32f2xx_hal_i2s.o(.ARM.exidx.text.HAL_I2S_Transmit_DMA), (8 bytes).
    Removing stm32f2xx_hal_i2s.o(.text.I2S_DMATxHalfCplt), (22 bytes).
    Removing stm32f2xx_hal_i2s.o(.ARM.exidx.text.I2S_DMATxHalfCplt), (8 bytes).
    Removing stm32f2xx_hal_i2s.o(.text.I2S_DMATxCplt), (58 bytes).
    Removing stm32f2xx_hal_i2s.o(.ARM.exidx.text.I2S_DMATxCplt), (8 bytes).
    Removing stm32f2xx_hal_i2s.o(.text.I2S_DMAError), (62 bytes).
    Removing stm32f2xx_hal_i2s.o(.ARM.exidx.text.I2S_DMAError), (8 bytes).
    Removing stm32f2xx_hal_i2s.o(.text.HAL_I2S_Receive_DMA), (416 bytes).
    Removing stm32f2xx_hal_i2s.o(.ARM.exidx.text.HAL_I2S_Receive_DMA), (8 bytes).
    Removing stm32f2xx_hal_i2s.o(.text.I2S_DMARxHalfCplt), (22 bytes).
    Removing stm32f2xx_hal_i2s.o(.ARM.exidx.text.I2S_DMARxHalfCplt), (8 bytes).
    Removing stm32f2xx_hal_i2s.o(.text.I2S_DMARxCplt), (58 bytes).
    Removing stm32f2xx_hal_i2s.o(.ARM.exidx.text.I2S_DMARxCplt), (8 bytes).
    Removing stm32f2xx_hal_i2s.o(.text.HAL_I2S_DMAPause), (122 bytes).
    Removing stm32f2xx_hal_i2s.o(.ARM.exidx.text.HAL_I2S_DMAPause), (8 bytes).
    Removing stm32f2xx_hal_i2s.o(.text.HAL_I2S_DMAResume), (150 bytes).
    Removing stm32f2xx_hal_i2s.o(.ARM.exidx.text.HAL_I2S_DMAResume), (8 bytes).
    Removing stm32f2xx_hal_i2s.o(.text.HAL_I2S_DMAStop), (376 bytes).
    Removing stm32f2xx_hal_i2s.o(.ARM.exidx.text.HAL_I2S_DMAStop), (8 bytes).
    Removing stm32f2xx_hal_i2s.o(.text.HAL_I2S_IRQHandler), (236 bytes).
    Removing stm32f2xx_hal_i2s.o(.ARM.exidx.text.HAL_I2S_IRQHandler), (8 bytes).
    Removing stm32f2xx_hal_i2s.o(.text.I2S_Receive_IT), (74 bytes).
    Removing stm32f2xx_hal_i2s.o(.ARM.exidx.text.I2S_Receive_IT), (8 bytes).
    Removing stm32f2xx_hal_i2s.o(.text.I2S_Transmit_IT), (72 bytes).
    Removing stm32f2xx_hal_i2s.o(.ARM.exidx.text.I2S_Transmit_IT), (8 bytes).
    Removing stm32f2xx_hal_i2s.o(.text.HAL_I2S_ErrorCallback), (8 bytes).
    Removing stm32f2xx_hal_i2s.o(.ARM.exidx.text.HAL_I2S_ErrorCallback), (8 bytes).
    Removing stm32f2xx_hal_i2s.o(.text.HAL_I2S_TxHalfCpltCallback), (8 bytes).
    Removing stm32f2xx_hal_i2s.o(.ARM.exidx.text.HAL_I2S_TxHalfCpltCallback), (8 bytes).
    Removing stm32f2xx_hal_i2s.o(.text.HAL_I2S_TxCpltCallback), (8 bytes).
    Removing stm32f2xx_hal_i2s.o(.ARM.exidx.text.HAL_I2S_TxCpltCallback), (8 bytes).
    Removing stm32f2xx_hal_i2s.o(.text.HAL_I2S_RxHalfCpltCallback), (8 bytes).
    Removing stm32f2xx_hal_i2s.o(.ARM.exidx.text.HAL_I2S_RxHalfCpltCallback), (8 bytes).
    Removing stm32f2xx_hal_i2s.o(.text.HAL_I2S_RxCpltCallback), (8 bytes).
    Removing stm32f2xx_hal_i2s.o(.ARM.exidx.text.HAL_I2S_RxCpltCallback), (8 bytes).
    Removing stm32f2xx_hal_i2s.o(.text.HAL_I2S_GetState), (14 bytes).
    Removing stm32f2xx_hal_i2s.o(.ARM.exidx.text.HAL_I2S_GetState), (8 bytes).
    Removing stm32f2xx_hal_i2s.o(.text.HAL_I2S_GetError), (12 bytes).
    Removing stm32f2xx_hal_i2s.o(.ARM.exidx.text.HAL_I2S_GetError), (8 bytes).
    Removing stm32f2xx_hal_rcc.o(.text), (0 bytes).
    Removing stm32f2xx_hal_rcc.o(.text.HAL_RCC_DeInit), (472 bytes).
    Removing stm32f2xx_hal_rcc.o(.ARM.exidx.text.HAL_RCC_DeInit), (8 bytes).
    Removing stm32f2xx_hal_rcc.o(.text.HAL_RCC_OscConfig), (1614 bytes).
    Removing stm32f2xx_hal_rcc.o(.ARM.exidx.text.HAL_RCC_OscConfig), (8 bytes).
    Removing stm32f2xx_hal_rcc.o(.text.HAL_RCC_ClockConfig), (622 bytes).
    Removing stm32f2xx_hal_rcc.o(.ARM.exidx.text.HAL_RCC_ClockConfig), (8 bytes).
    Removing stm32f2xx_hal_rcc.o(.text.HAL_RCC_GetSysClockFreq), (230 bytes).
    Removing stm32f2xx_hal_rcc.o(.ARM.exidx.text.HAL_RCC_GetSysClockFreq), (8 bytes).
    Removing stm32f2xx_hal_rcc.o(.text.HAL_RCC_MCOConfig), (208 bytes).
    Removing stm32f2xx_hal_rcc.o(.ARM.exidx.text.HAL_RCC_MCOConfig), (8 bytes).
    Removing stm32f2xx_hal_rcc.o(.text.HAL_RCC_EnableCSS), (12 bytes).
    Removing stm32f2xx_hal_rcc.o(.ARM.exidx.text.HAL_RCC_EnableCSS), (8 bytes).
    Removing stm32f2xx_hal_rcc.o(.text.HAL_RCC_DisableCSS), (12 bytes).
    Removing stm32f2xx_hal_rcc.o(.ARM.exidx.text.HAL_RCC_DisableCSS), (8 bytes).
    Removing stm32f2xx_hal_rcc.o(.ARM.exidx.text.HAL_RCC_GetHCLKFreq), (8 bytes).
    Removing stm32f2xx_hal_rcc.o(.ARM.exidx.text.HAL_RCC_GetPCLK1Freq), (8 bytes).
    Removing stm32f2xx_hal_rcc.o(.text.HAL_RCC_GetPCLK2Freq), (62 bytes).
    Removing stm32f2xx_hal_rcc.o(.ARM.exidx.text.HAL_RCC_GetPCLK2Freq), (8 bytes).
    Removing stm32f2xx_hal_rcc.o(.text.HAL_RCC_GetOscConfig), (402 bytes).
    Removing stm32f2xx_hal_rcc.o(.ARM.exidx.text.HAL_RCC_GetOscConfig), (8 bytes).
    Removing stm32f2xx_hal_rcc.o(.text.HAL_RCC_GetClockConfig), (84 bytes).
    Removing stm32f2xx_hal_rcc.o(.ARM.exidx.text.HAL_RCC_GetClockConfig), (8 bytes).
    Removing stm32f2xx_hal_rcc.o(.text.HAL_RCC_NMI_IRQHandler), (40 bytes).
    Removing stm32f2xx_hal_rcc.o(.ARM.exidx.text.HAL_RCC_NMI_IRQHandler), (8 bytes).
    Removing stm32f2xx_hal_rcc.o(.text.HAL_RCC_CSSCallback), (2 bytes).
    Removing stm32f2xx_hal_rcc.o(.ARM.exidx.text.HAL_RCC_CSSCallback), (8 bytes).
    Removing stm32f2xx_hal_rcc_ex.o(.text), (0 bytes).
    Removing stm32f2xx_hal_rcc_ex.o(.text.HAL_RCCEx_PeriphCLKConfig), (608 bytes).
    Removing stm32f2xx_hal_rcc_ex.o(.ARM.exidx.text.HAL_RCCEx_PeriphCLKConfig), (8 bytes).
    Removing stm32f2xx_hal_rcc_ex.o(.text.HAL_RCCEx_GetPeriphCLKConfig), (122 bytes).
    Removing stm32f2xx_hal_rcc_ex.o(.ARM.exidx.text.HAL_RCCEx_GetPeriphCLKConfig), (8 bytes).
    Removing stm32f2xx_hal_rcc_ex.o(.text.HAL_RCCEx_EnablePLLI2S), (218 bytes).
    Removing stm32f2xx_hal_rcc_ex.o(.ARM.exidx.text.HAL_RCCEx_EnablePLLI2S), (8 bytes).
    Removing stm32f2xx_hal_rcc_ex.o(.text.HAL_RCCEx_DisablePLLI2S), (80 bytes).
    Removing stm32f2xx_hal_rcc_ex.o(.ARM.exidx.text.HAL_RCCEx_DisablePLLI2S), (8 bytes).
    Removing system_stm32f2xx.o(.text), (0 bytes).
    Removing system_stm32f2xx.o(.ARM.exidx.text.SystemInit), (8 bytes).
    Removing system_stm32f2xx.o(.text.SystemCoreClockUpdate), (302 bytes).
    Removing system_stm32f2xx.o(.ARM.exidx.text.SystemCoreClockUpdate), (8 bytes).
    Removing system_stm32f2xx.o(.rodata.AHBPrescTable), (16 bytes).

475 unused section(s) (total 51004 bytes) removed from the image.

==============================================================================

Image Symbol Table

    Local Symbols

    Symbol Name                              Value     Ov Type        Size  Object(Section)

    ../clib/angel/boardlib.s                 0x00000000   Number         0  boardinit1.o ABSOLUTE
    ../clib/angel/boardlib.s                 0x00000000   Number         0  boardinit2.o ABSOLUTE
    ../clib/angel/boardlib.s                 0x00000000   Number         0  boardinit3.o ABSOLUTE
    ../clib/angel/boardlib.s                 0x00000000   Number         0  boardshut.o ABSOLUTE
    ../clib/angel/dczerorl.s                 0x00000000   Number         0  __dczerorl.o ABSOLUTE
    ../clib/angel/handlers.s                 0x00000000   Number         0  __scatter_zi.o ABSOLUTE
    ../clib/angel/kernel.s                   0x00000000   Number         0  __rtentry.o ABSOLUTE
    ../clib/angel/kernel.s                   0x00000000   Number         0  __rtentry2.o ABSOLUTE
    ../clib/angel/kernel.s                   0x00000000   Number         0  __rtentry4.o ABSOLUTE
    ../clib/angel/kernel.s                   0x00000000   Number         0  rtexit.o ABSOLUTE
    ../clib/angel/kernel.s                   0x00000000   Number         0  rtexit2.o ABSOLUTE
    ../clib/angel/rt.s                       0x00000000   Number         0  aeabi_ldiv0.o ABSOLUTE
    ../clib/angel/rt.s                       0x00000000   Number         0  aeabi_ldiv0_sigfpe.o ABSOLUTE
    ../clib/angel/rt.s                       0x00000000   Number         0  rt_div0.o ABSOLUTE
    ../clib/angel/rt.s                       0x00000000   Number         0  rt_raise.o ABSOLUTE
    ../clib/angel/scatter.s                  0x00000000   Number         0  __scatter.o ABSOLUTE
    ../clib/angel/startup.s                  0x00000000   Number         0  __main.o ABSOLUTE
    ../clib/angel/sys.s                      0x00000000   Number         0  sys_stackheap_outer.o ABSOLUTE
    ../clib/angel/sys.s                      0x00000000   Number         0  libspace.o ABSOLUTE
    ../clib/angel/sys.s                      0x00000000   Number         0  use_no_semi.o ABSOLUTE
    ../clib/angel/sys.s                      0x00000000   Number         0  indicate_semi.o ABSOLUTE
    ../clib/angel/sysapp.c                   0x00000000   Number         0  sys_exit.o ABSOLUTE
    ../clib/angel/sysapp.c                   0x00000000   Number         0  sys_exit_hlt.o ABSOLUTE
    ../clib/angel/sysapp.c                   0x00000000   Number         0  sys_wrch.o ABSOLUTE
    ../clib/angel/sysapp.c                   0x00000000   Number         0  sys_wrch_hlt.o ABSOLUTE
    ../clib/angel/sysapp.c                   0x00000000   Number         0  sys_command.o ABSOLUTE
    ../clib/angel/sysapp.c                   0x00000000   Number         0  sys_command_hlt.o ABSOLUTE
    ../clib/armsys.c                         0x00000000   Number         0  argv_veneer.o ABSOLUTE
    ../clib/armsys.c                         0x00000000   Number         0  argv_veneer.o ABSOLUTE
    ../clib/armsys.c                         0x00000000   Number         0  _get_argv_nomalloc.o ABSOLUTE
    ../clib/armsys.c                         0x00000000   Number         0  no_argv.o ABSOLUTE
    ../clib/heapalloc.c                      0x00000000   Number         0  hrguard.o ABSOLUTE
    ../clib/heapaux.c                        0x00000000   Number         0  heapauxi.o ABSOLUTE
    ../clib/libinit.s                        0x00000000   Number         0  libinit.o ABSOLUTE
    ../clib/libinit.s                        0x00000000   Number         0  libinit2.o ABSOLUTE
    ../clib/libinit.s                        0x00000000   Number         0  libshutdown.o ABSOLUTE
    ../clib/libinit.s                        0x00000000   Number         0  libshutdown2.o ABSOLUTE
    ../clib/longlong.s                       0x00000000   Number         0  lludivv7m.o ABSOLUTE
    ../clib/memcpset.s                       0x00000000   Number         0  rt_memclr_w.o ABSOLUTE
    ../clib/signal.c                         0x00000000   Number         0  defsig_fpe_outer.o ABSOLUTE
    ../clib/signal.c                         0x00000000   Number         0  defsig_fpe_formal.o ABSOLUTE
    ../clib/signal.c                         0x00000000   Number         0  defsig_exit.o ABSOLUTE
    ../clib/signal.c                         0x00000000   Number         0  defsig_fpe_inner.o ABSOLUTE
    ../clib/signal.c                         0x00000000   Number         0  __raise.o ABSOLUTE
    ../clib/signal.c                         0x00000000   Number         0  defsig_general.o ABSOLUTE
    ../clib/signal.c                         0x00000000   Number         0  defsig_abrt_inner.o ABSOLUTE
    ../clib/signal.c                         0x00000000   Number         0  defsig_rtred_inner.o ABSOLUTE
    ../clib/signal.c                         0x00000000   Number         0  defsig_rtmem_inner.o ABSOLUTE
    ../clib/signal.c                         0x00000000   Number         0  defsig_rtmem_outer.o ABSOLUTE
    ../clib/signal.c                         0x00000000   Number         0  defsig_rtmem_formal.o ABSOLUTE
    ../clib/signal.c                         0x00000000   Number         0  defsig_stak_inner.o ABSOLUTE
    ../clib/signal.c                         0x00000000   Number         0  defsig_pvfn_inner.o ABSOLUTE
    ../clib/signal.c                         0x00000000   Number         0  defsig_cppl_inner.o ABSOLUTE
    ../clib/signal.c                         0x00000000   Number         0  defsig_segv_inner.o ABSOLUTE
    ../clib/signal.c                         0x00000000   Number         0  defsig_other.o ABSOLUTE
    ../clib/signal.s                         0x00000000   Number         0  defsig.o ABSOLUTE
    ../clib/stdlib.c                         0x00000000   Number         0  exit.o ABSOLUTE
    ../fplib/fpinit.s                        0x00000000   Number         0  fpinit.o ABSOLUTE
    ../fplib/fpinit_empty.s                  0x00000000   Number         0  fpinit_empty.o ABSOLUTE
    I2C_STM32F2xx.c                          0x00000000   Number         0  i2c_stm32f2xx.o ABSOLUTE
    RTE/Device/STM32F207IGHx/startup_stm32f207xx.s 0x00000000   Number         0  startup_stm32f207xx.o ABSOLUTE
    cs42l52.c                                0x00000000   Number         0  cs42l52.o ABSOLUTE
    dc.s                                     0x00000000   Number         0  dc.o ABSOLUTE
    main.c                                   0x00000000   Number         0  main.o ABSOLUTE
    stm32f2xx_hal.c                          0x00000000   Number         0  stm32f2xx_hal.o ABSOLUTE
    stm32f2xx_hal_cortex.c                   0x00000000   Number         0  stm32f2xx_hal_cortex.o ABSOLUTE
    stm32f2xx_hal_dma.c                      0x00000000   Number         0  stm32f2xx_hal_dma.o ABSOLUTE
    stm32f2xx_hal_dma_ex.c                   0x00000000   Number         0  stm32f2xx_hal_dma_ex.o ABSOLUTE
    stm32f2xx_hal_gpio.c                     0x00000000   Number         0  stm32f2xx_hal_gpio.o ABSOLUTE
    stm32f2xx_hal_i2c.c                      0x00000000   Number         0  stm32f2xx_hal_i2c.o ABSOLUTE
    stm32f2xx_hal_i2s.c                      0x00000000   Number         0  stm32f2xx_hal_i2s.o ABSOLUTE
    stm32f2xx_hal_rcc.c                      0x00000000   Number         0  stm32f2xx_hal_rcc.o ABSOLUTE
    stm32f2xx_hal_rcc_ex.c                   0x00000000   Number         0  stm32f2xx_hal_rcc_ex.o ABSOLUTE
    system_stm32f2xx.c                       0x00000000   Number         0  system_stm32f2xx.o ABSOLUTE
    RESET                                    0x08000000   Section      388  startup_stm32f207xx.o(RESET)
    !!!main                                  0x08000184   Section        8  __main.o(!!!main)
    !!!scatter                               0x0800018c   Section       92  __scatter.o(!!!scatter)
    !!dczerorl                               0x080001e8   Section       58  __dczerorl.o(!!dczerorl)
    !!handler_null                           0x08000224   Section        2  __scatter.o(!!handler_null)
    !!handler_zi                             0x08000228   Section       28  __scatter_zi.o(!!handler_zi)
    .ARM.Collect$$libinit$$00000000          0x08000244   Section        2  libinit.o(.ARM.Collect$$libinit$$00000000)
    .ARM.Collect$$libinit$$00000002          0x08000246   Section        0  libinit2.o(.ARM.Collect$$libinit$$00000002)
    .ARM.Collect$$libinit$$00000004          0x08000246   Section        0  libinit2.o(.ARM.Collect$$libinit$$00000004)
    .ARM.Collect$$libinit$$00000006          0x08000246   Section        0  libinit2.o(.ARM.Collect$$libinit$$00000006)
    .ARM.Collect$$libinit$$0000000C          0x08000246   Section        0  libinit2.o(.ARM.Collect$$libinit$$0000000C)
    .ARM.Collect$$libinit$$0000000E          0x08000246   Section        0  libinit2.o(.ARM.Collect$$libinit$$0000000E)
    .ARM.Collect$$libinit$$00000010          0x08000246   Section        0  libinit2.o(.ARM.Collect$$libinit$$00000010)
    .ARM.Collect$$libinit$$00000013          0x08000246   Section        0  libinit2.o(.ARM.Collect$$libinit$$00000013)
    .ARM.Collect$$libinit$$00000015          0x08000246   Section        0  libinit2.o(.ARM.Collect$$libinit$$00000015)
    .ARM.Collect$$libinit$$00000017          0x08000246   Section        0  libinit2.o(.ARM.Collect$$libinit$$00000017)
    .ARM.Collect$$libinit$$00000019          0x08000246   Section        0  libinit2.o(.ARM.Collect$$libinit$$00000019)
    .ARM.Collect$$libinit$$0000001B          0x08000246   Section        0  libinit2.o(.ARM.Collect$$libinit$$0000001B)
    .ARM.Collect$$libinit$$0000001D          0x08000246   Section        0  libinit2.o(.ARM.Collect$$libinit$$0000001D)
    .ARM.Collect$$libinit$$0000001F          0x08000246   Section        0  libinit2.o(.ARM.Collect$$libinit$$0000001F)
    .ARM.Collect$$libinit$$00000021          0x08000246   Section        0  libinit2.o(.ARM.Collect$$libinit$$00000021)
    .ARM.Collect$$libinit$$00000023          0x08000246   Section        0  libinit2.o(.ARM.Collect$$libinit$$00000023)
    .ARM.Collect$$libinit$$00000025          0x08000246   Section        0  libinit2.o(.ARM.Collect$$libinit$$00000025)
    .ARM.Collect$$libinit$$00000027          0x08000246   Section        0  libinit2.o(.ARM.Collect$$libinit$$00000027)
    .ARM.Collect$$libinit$$0000002E          0x08000246   Section        0  libinit2.o(.ARM.Collect$$libinit$$0000002E)
    .ARM.Collect$$libinit$$00000030          0x08000246   Section        0  libinit2.o(.ARM.Collect$$libinit$$00000030)
    .ARM.Collect$$libinit$$00000032          0x08000246   Section        0  libinit2.o(.ARM.Collect$$libinit$$00000032)
    .ARM.Collect$$libinit$$00000034          0x08000246   Section        0  libinit2.o(.ARM.Collect$$libinit$$00000034)
    .ARM.Collect$$libinit$$00000035          0x08000246   Section        2  libinit2.o(.ARM.Collect$$libinit$$00000035)
    .ARM.Collect$$libshutdown$$00000000      0x08000248   Section        2  libshutdown.o(.ARM.Collect$$libshutdown$$00000000)
    .ARM.Collect$$libshutdown$$00000002      0x0800024a   Section        0  libshutdown2.o(.ARM.Collect$$libshutdown$$00000002)
    .ARM.Collect$$libshutdown$$00000004      0x0800024a   Section        0  libshutdown2.o(.ARM.Collect$$libshutdown$$00000004)
    .ARM.Collect$$libshutdown$$00000007      0x0800024a   Section        0  libshutdown2.o(.ARM.Collect$$libshutdown$$00000007)
    .ARM.Collect$$libshutdown$$0000000A      0x0800024a   Section        0  libshutdown2.o(.ARM.Collect$$libshutdown$$0000000A)
    .ARM.Collect$$libshutdown$$0000000C      0x0800024a   Section        0  libshutdown2.o(.ARM.Collect$$libshutdown$$0000000C)
    .ARM.Collect$$libshutdown$$0000000F      0x0800024a   Section        0  libshutdown2.o(.ARM.Collect$$libshutdown$$0000000F)
    .ARM.Collect$$libshutdown$$00000010      0x0800024a   Section        2  libshutdown2.o(.ARM.Collect$$libshutdown$$00000010)
    .ARM.Collect$$rtentry$$00000000          0x0800024c   Section        0  __rtentry.o(.ARM.Collect$$rtentry$$00000000)
    .ARM.Collect$$rtentry$$00000002          0x0800024c   Section        0  __rtentry2.o(.ARM.Collect$$rtentry$$00000002)
    .ARM.Collect$$rtentry$$00000004          0x0800024c   Section        6  __rtentry4.o(.ARM.Collect$$rtentry$$00000004)
    .ARM.Collect$$rtentry$$00000009          0x08000252   Section        0  __rtentry2.o(.ARM.Collect$$rtentry$$00000009)
    .ARM.Collect$$rtentry$$0000000A          0x08000252   Section        4  __rtentry2.o(.ARM.Collect$$rtentry$$0000000A)
    .ARM.Collect$$rtentry$$0000000C          0x08000256   Section        0  __rtentry2.o(.ARM.Collect$$rtentry$$0000000C)
    .ARM.Collect$$rtentry$$0000000D          0x08000256   Section        8  __rtentry2.o(.ARM.Collect$$rtentry$$0000000D)
    .ARM.Collect$$rtexit$$00000000           0x0800025e   Section        2  rtexit.o(.ARM.Collect$$rtexit$$00000000)
    .ARM.Collect$$rtexit$$00000002           0x08000260   Section        0  rtexit2.o(.ARM.Collect$$rtexit$$00000002)
    .ARM.Collect$$rtexit$$00000003           0x08000260   Section        4  rtexit2.o(.ARM.Collect$$rtexit$$00000003)
    .ARM.Collect$$rtexit$$00000004           0x08000264   Section        6  rtexit2.o(.ARM.Collect$$rtexit$$00000004)
    .text                                    0x0800026c   Section       64  startup_stm32f207xx.o(.text)
    .text                                    0x080002ac   Section       78  rt_memclr_w.o(.text)
    .text                                    0x080002fa   Section        0  heapauxi.o(.text)
    .text                                    0x08000300   Section       74  sys_stackheap_outer.o(.text)
    .text                                    0x0800034a   Section        0  exit.o(.text)
    .text                                    0x0800035c   Section        8  libspace.o(.text)
    .text                                    0x08000364   Section        0  sys_exit.o(.text)
    .text                                    0x08000370   Section        2  use_no_semi.o(.text)
    .text                                    0x08000372   Section        0  indicate_semi.o(.text)
    [Anonymous Symbol]                       0x08000374   Section        0  cs42l52.o(.text.AUDIO_IO_Init)
    [Anonymous Symbol]                       0x080003ac   Section        0  cs42l52.o(.text.AUDIO_IO_Write)
    CODEC_IO_Write                           0x08000409   Thumb Code    44  cs42l52.o(.text.CODEC_IO_Write)
    [Anonymous Symbol]                       0x08000408   Section        0  cs42l52.o(.text.CODEC_IO_Write)
    DMA_CalcBaseAndBitshift                  0x08000435   Thumb Code    86  stm32f2xx_hal_dma.o(.text.DMA_CalcBaseAndBitshift)
    [Anonymous Symbol]                       0x08000434   Section        0  stm32f2xx_hal_dma.o(.text.DMA_CalcBaseAndBitshift)
    DMA_CheckFifoParam                       0x0800048d   Thumb Code   240  stm32f2xx_hal_dma.o(.text.DMA_CheckFifoParam)
    [Anonymous Symbol]                       0x0800048c   Section        0  stm32f2xx_hal_dma.o(.text.DMA_CheckFifoParam)
    DMA_SetConfig                            0x0800057d   Thumb Code    80  stm32f2xx_hal_dma.o(.text.DMA_SetConfig)
    [Anonymous Symbol]                       0x0800057c   Section        0  stm32f2xx_hal_dma.o(.text.DMA_SetConfig)
    Enable_GPIO_Clock                        0x080005cd   Thumb Code   490  i2c_stm32f2xx.o(.text.Enable_GPIO_Clock)
    [Anonymous Symbol]                       0x080005cc   Section        0  i2c_stm32f2xx.o(.text.Enable_GPIO_Clock)
    [Anonymous Symbol]                       0x080007b8   Section        0  stm32f2xx_hal_dma.o(.text.HAL_DMA_Abort)
    [Anonymous Symbol]                       0x080008a4   Section        0  stm32f2xx_hal_dma.o(.text.HAL_DMA_Init)
    [Anonymous Symbol]                       0x08000a14   Section        0  stm32f2xx_hal_dma.o(.text.HAL_DMA_Start_IT)
    [Anonymous Symbol]                       0x08000ad8   Section        0  stm32f2xx_hal.o(.text.HAL_Delay)
    [Anonymous Symbol]                       0x08000b1c   Section        0  stm32f2xx_hal_gpio.o(.text.HAL_GPIO_DeInit)
    [Anonymous Symbol]                       0x08000d54   Section        0  stm32f2xx_hal_gpio.o(.text.HAL_GPIO_Init)
    [Anonymous Symbol]                       0x08001120   Section        0  stm32f2xx_hal_gpio.o(.text.HAL_GPIO_ReadPin)
    [Anonymous Symbol]                       0x08001150   Section        0  stm32f2xx_hal_gpio.o(.text.HAL_GPIO_WritePin)
    [Anonymous Symbol]                       0x08001180   Section        0  stm32f2xx_hal.o(.text.HAL_GetTick)
    [Anonymous Symbol]                       0x0800118c   Section        0  stm32f2xx_hal.o(.text.HAL_IncTick)
    [Anonymous Symbol]                       0x080011a8   Section        0  stm32f2xx_hal.o(.text.HAL_Init)
    [Anonymous Symbol]                       0x080011e0   Section        0  stm32f2xx_hal.o(.text.HAL_InitTick)
    [Anonymous Symbol]                       0x08001250   Section        0  stm32f2xx_hal.o(.text.HAL_MspInit)
    [Anonymous Symbol]                       0x08001254   Section        0  stm32f2xx_hal_cortex.o(.text.HAL_NVIC_ClearPendingIRQ)
    [Anonymous Symbol]                       0x08001268   Section        0  stm32f2xx_hal_cortex.o(.text.HAL_NVIC_DisableIRQ)
    [Anonymous Symbol]                       0x0800127c   Section        0  stm32f2xx_hal_cortex.o(.text.HAL_NVIC_EnableIRQ)
    [Anonymous Symbol]                       0x08001290   Section        0  stm32f2xx_hal_cortex.o(.text.HAL_NVIC_SetPriority)
    [Anonymous Symbol]                       0x080012c4   Section        0  stm32f2xx_hal_cortex.o(.text.HAL_NVIC_SetPriorityGrouping)
    [Anonymous Symbol]                       0x080012d4   Section        0  stm32f2xx_hal_rcc.o(.text.HAL_RCC_GetHCLKFreq)
    [Anonymous Symbol]                       0x080012e0   Section        0  stm32f2xx_hal_rcc.o(.text.HAL_RCC_GetPCLK1Freq)
    [Anonymous Symbol]                       0x08001320   Section        0  stm32f2xx_hal_cortex.o(.text.HAL_SYSTICK_Config)
    I2C1_Control                             0x08001331   Thumb Code    28  i2c_stm32f2xx.o(.text.I2C1_Control)
    [Anonymous Symbol]                       0x08001330   Section        0  i2c_stm32f2xx.o(.text.I2C1_Control)
    [Anonymous Symbol]                       0x0800134c   Section        0  i2c_stm32f2xx.o(.text.I2C1_ER_IRQHandler)
    [Anonymous Symbol]                       0x0800135c   Section        0  i2c_stm32f2xx.o(.text.I2C1_EV_IRQHandler)
    I2C1_GetDataCount                        0x0800136d   Thumb Code    16  i2c_stm32f2xx.o(.text.I2C1_GetDataCount)
    [Anonymous Symbol]                       0x0800136c   Section        0  i2c_stm32f2xx.o(.text.I2C1_GetDataCount)
    I2C1_GetStatus                           0x0800137d   Thumb Code    24  i2c_stm32f2xx.o(.text.I2C1_GetStatus)
    [Anonymous Symbol]                       0x0800137c   Section        0  i2c_stm32f2xx.o(.text.I2C1_GetStatus)
    I2C1_Initialize                          0x08001395   Thumb Code    24  i2c_stm32f2xx.o(.text.I2C1_Initialize)
    [Anonymous Symbol]                       0x08001394   Section        0  i2c_stm32f2xx.o(.text.I2C1_Initialize)
    I2C1_MasterReceive                       0x080013ad   Thumb Code    50  i2c_stm32f2xx.o(.text.I2C1_MasterReceive)
    [Anonymous Symbol]                       0x080013ac   Section        0  i2c_stm32f2xx.o(.text.I2C1_MasterReceive)
    I2C1_MasterTransmit                      0x080013e1   Thumb Code    50  i2c_stm32f2xx.o(.text.I2C1_MasterTransmit)
    [Anonymous Symbol]                       0x080013e0   Section        0  i2c_stm32f2xx.o(.text.I2C1_MasterTransmit)
    I2C1_PowerControl                        0x08001415   Thumb Code    28  i2c_stm32f2xx.o(.text.I2C1_PowerControl)
    [Anonymous Symbol]                       0x08001414   Section        0  i2c_stm32f2xx.o(.text.I2C1_PowerControl)
    I2C1_SlaveReceive                        0x08001431   Thumb Code    28  i2c_stm32f2xx.o(.text.I2C1_SlaveReceive)
    [Anonymous Symbol]                       0x08001430   Section        0  i2c_stm32f2xx.o(.text.I2C1_SlaveReceive)
    I2C1_SlaveTransmit                       0x0800144d   Thumb Code    28  i2c_stm32f2xx.o(.text.I2C1_SlaveTransmit)
    [Anonymous Symbol]                       0x0800144c   Section        0  i2c_stm32f2xx.o(.text.I2C1_SlaveTransmit)
    I2C1_Uninitialize                        0x08001469   Thumb Code    16  i2c_stm32f2xx.o(.text.I2C1_Uninitialize)
    [Anonymous Symbol]                       0x08001468   Section        0  i2c_stm32f2xx.o(.text.I2C1_Uninitialize)
    I2CX_GetCapabilities                     0x08001479   Thumb Code    12  i2c_stm32f2xx.o(.text.I2CX_GetCapabilities)
    [Anonymous Symbol]                       0x08001478   Section        0  i2c_stm32f2xx.o(.text.I2CX_GetCapabilities)
    I2CX_GetVersion                          0x08001485   Thumb Code    18  i2c_stm32f2xx.o(.text.I2CX_GetVersion)
    [Anonymous Symbol]                       0x08001484   Section        0  i2c_stm32f2xx.o(.text.I2CX_GetVersion)
    I2C_Control                              0x08001499   Thumb Code  1112  i2c_stm32f2xx.o(.text.I2C_Control)
    [Anonymous Symbol]                       0x08001498   Section        0  i2c_stm32f2xx.o(.text.I2C_Control)
    I2C_ER_IRQHandler                        0x080018f1   Thumb Code   760  i2c_stm32f2xx.o(.text.I2C_ER_IRQHandler)
    [Anonymous Symbol]                       0x080018f0   Section        0  i2c_stm32f2xx.o(.text.I2C_ER_IRQHandler)
    I2C_EV_IRQHandler                        0x08001be9   Thumb Code  2432  i2c_stm32f2xx.o(.text.I2C_EV_IRQHandler)
    [Anonymous Symbol]                       0x08001be8   Section        0  i2c_stm32f2xx.o(.text.I2C_EV_IRQHandler)
    I2C_GetDataCount                         0x08002569   Thumb Code    84  i2c_stm32f2xx.o(.text.I2C_GetDataCount)
    [Anonymous Symbol]                       0x08002568   Section        0  i2c_stm32f2xx.o(.text.I2C_GetDataCount)
    I2C_GetStatus                            0x080025bd   Thumb Code    18  i2c_stm32f2xx.o(.text.I2C_GetStatus)
    [Anonymous Symbol]                       0x080025bc   Section        0  i2c_stm32f2xx.o(.text.I2C_GetStatus)
    I2C_Initialize                           0x080025d1   Thumb Code   570  i2c_stm32f2xx.o(.text.I2C_Initialize)
    [Anonymous Symbol]                       0x080025d0   Section        0  i2c_stm32f2xx.o(.text.I2C_Initialize)
    I2C_MasterReceive                        0x0800280d   Thumb Code   396  i2c_stm32f2xx.o(.text.I2C_MasterReceive)
    [Anonymous Symbol]                       0x0800280c   Section        0  i2c_stm32f2xx.o(.text.I2C_MasterReceive)
    I2C_MasterTransmit                       0x08002999   Thumb Code   372  i2c_stm32f2xx.o(.text.I2C_MasterTransmit)
    [Anonymous Symbol]                       0x08002998   Section        0  i2c_stm32f2xx.o(.text.I2C_MasterTransmit)
    I2C_PowerControl                         0x08002b0d   Thumb Code   782  i2c_stm32f2xx.o(.text.I2C_PowerControl)
    [Anonymous Symbol]                       0x08002b0c   Section        0  i2c_stm32f2xx.o(.text.I2C_PowerControl)
    I2C_SlaveReceive                         0x08002e1d   Thumb Code   182  i2c_stm32f2xx.o(.text.I2C_SlaveReceive)
    [Anonymous Symbol]                       0x08002e1c   Section        0  i2c_stm32f2xx.o(.text.I2C_SlaveReceive)
    I2C_SlaveTransmit                        0x08002ed5   Thumb Code   182  i2c_stm32f2xx.o(.text.I2C_SlaveTransmit)
    [Anonymous Symbol]                       0x08002ed4   Section        0  i2c_stm32f2xx.o(.text.I2C_SlaveTransmit)
    I2C_Uninitialize                         0x08002f8d   Thumb Code    76  i2c_stm32f2xx.o(.text.I2C_Uninitialize)
    [Anonymous Symbol]                       0x08002f8c   Section        0  i2c_stm32f2xx.o(.text.I2C_Uninitialize)
    NVIC_EncodePriority                      0x08002fd9   Thumb Code   108  stm32f2xx_hal_cortex.o(.text.NVIC_EncodePriority)
    [Anonymous Symbol]                       0x08002fd8   Section        0  stm32f2xx_hal_cortex.o(.text.NVIC_EncodePriority)
    SysTick_Config                           0x08003045   Thumb Code    82  stm32f2xx_hal_cortex.o(.text.SysTick_Config)
    [Anonymous Symbol]                       0x08003044   Section        0  stm32f2xx_hal_cortex.o(.text.SysTick_Config)
    [Anonymous Symbol]                       0x08003098   Section        0  main.o(.text.SysTick_Handler)
    [Anonymous Symbol]                       0x080030a0   Section        0  system_stm32f2xx.o(.text.SystemInit)
    __NVIC_ClearPendingIRQ                   0x080030a5   Thumb Code    48  stm32f2xx_hal_cortex.o(.text.__NVIC_ClearPendingIRQ)
    [Anonymous Symbol]                       0x080030a4   Section        0  stm32f2xx_hal_cortex.o(.text.__NVIC_ClearPendingIRQ)
    __NVIC_DisableIRQ                        0x080030d5   Thumb Code    56  stm32f2xx_hal_cortex.o(.text.__NVIC_DisableIRQ)
    [Anonymous Symbol]                       0x080030d4   Section        0  stm32f2xx_hal_cortex.o(.text.__NVIC_DisableIRQ)
    __NVIC_EnableIRQ                         0x0800310d   Thumb Code    48  stm32f2xx_hal_cortex.o(.text.__NVIC_EnableIRQ)
    [Anonymous Symbol]                       0x0800310c   Section        0  stm32f2xx_hal_cortex.o(.text.__NVIC_EnableIRQ)
    __NVIC_GetPriorityGrouping               0x0800313d   Thumb Code    16  stm32f2xx_hal_cortex.o(.text.__NVIC_GetPriorityGrouping)
    [Anonymous Symbol]                       0x0800313c   Section        0  stm32f2xx_hal_cortex.o(.text.__NVIC_GetPriorityGrouping)
    __NVIC_SetPriority                       0x0800314d   Thumb Code    66  stm32f2xx_hal_cortex.o(.text.__NVIC_SetPriority)
    [Anonymous Symbol]                       0x0800314c   Section        0  stm32f2xx_hal_cortex.o(.text.__NVIC_SetPriority)
    __NVIC_SetPriorityGrouping               0x08003191   Thumb Code    60  stm32f2xx_hal_cortex.o(.text.__NVIC_SetPriorityGrouping)
    [Anonymous Symbol]                       0x08003190   Section        0  stm32f2xx_hal_cortex.o(.text.__NVIC_SetPriorityGrouping)
    [Anonymous Symbol]                       0x080031cc   Section        0  cs42l52.o(.text.cs42l52_Init)
    [Anonymous Symbol]                       0x080033d8   Section        0  cs42l52.o(.text.cs42l52_Play)
    [Anonymous Symbol]                       0x08003438   Section        0  cs42l52.o(.text.cs42l52_SetMute)
    [Anonymous Symbol]                       0x080034b0   Section        0  cs42l52.o(.text.cs42l52_SetVolume)
    [Anonymous Symbol]                       0x0800356c   Section        0  main.o(.text.main)
    DMA_CalcBaseAndBitshift.flagBitshiftOffset 0x080035a6   Data           8  stm32f2xx_hal_dma.o(.rodata.DMA_CalcBaseAndBitshift.flagBitshiftOffset)
    [Anonymous Symbol]                       0x080035a6   Section        0  stm32f2xx_hal_dma.o(.rodata.DMA_CalcBaseAndBitshift.flagBitshiftOffset)
    I2C1_Resources                           0x080035e0   Data          48  i2c_stm32f2xx.o(.rodata.I2C1_Resources)
    [Anonymous Symbol]                       0x080035e0   Section        0  i2c_stm32f2xx.o(.rodata.I2C1_Resources)
    Is_cs42l52_Stop                          0x20000000   Data           1  cs42l52.o(.data.Is_cs42l52_Stop)
    [Anonymous Symbol]                       0x20000000   Section        0  cs42l52.o(.data.Is_cs42l52_Stop)
    .bss                                     0x20002720   Section       96  libspace.o(.bss)
    I2C1_Info                                0x20002780   Data          40  i2c_stm32f2xx.o(.bss.I2C1_Info)
    [Anonymous Symbol]                       0x20002780   Section        0  i2c_stm32f2xx.o(.bss.I2C1_Info)
    Heap_Mem                                 0x200027b0   Data         512  startup_stm32f207xx.o(HEAP)
    HEAP                                     0x200027b0   Section      512  startup_stm32f207xx.o(HEAP)
    Stack_Mem                                0x200029b0   Data        1024  startup_stm32f207xx.o(STACK)
    STACK                                    0x200029b0   Section     1024  startup_stm32f207xx.o(STACK)
    __initial_sp                             0x20002db0   Data           0  startup_stm32f207xx.o(STACK)

    Global Symbols

    Symbol Name                              Value     Ov Type        Size  Object(Section)

    BuildAttributes$$THM_ISAv4$P$D$K$B$S$PE$A:L22UL41UL21$X:L11$S22US41US21$IEEE1$IW$~IW$USESV6$~STKCKD$USESV7$~SHL$OSPACE$ROPI$EBA8$UX$STANDARDLIB$REQ8$PRES8$EABIv2 0x00000000   Number         0  anon$$obj.o ABSOLUTE
    __fp_init_empty                          0x00000000   Number         0  fpinit_empty.o ABSOLUTE
    __ARM_exceptions_init                     - Undefined Weak Reference
    __alloca_initialize                       - Undefined Weak Reference
    __arm_preinit_                            - Undefined Weak Reference
    __arm_relocate_pie_                       - Undefined Weak Reference
    __cpp_initialize__aeabi_                  - Undefined Weak Reference
    __cxa_finalize                            - Undefined Weak Reference
    __rt_locale                               - Undefined Weak Reference
    __sigvec_lookup                           - Undefined Weak Reference
    _atexit_init                              - Undefined Weak Reference
    _call_atexit_fns                          - Undefined Weak Reference
    _clock_init                               - Undefined Weak Reference
    _fp_trap_init                             - Undefined Weak Reference
    _fp_trap_shutdown                         - Undefined Weak Reference
    _get_lc_collate                           - Undefined Weak Reference
    _get_lc_ctype                             - Undefined Weak Reference
    _get_lc_monetary                          - Undefined Weak Reference
    _get_lc_numeric                           - Undefined Weak Reference
    _get_lc_time                              - Undefined Weak Reference
    _getenv_init                              - Undefined Weak Reference
    _handle_redirection                       - Undefined Weak Reference
    _init_alloc                               - Undefined Weak Reference
    _init_user_alloc                          - Undefined Weak Reference
    _initio                                   - Undefined Weak Reference
    _rand_init                                - Undefined Weak Reference
    _signal_finish                            - Undefined Weak Reference
    _signal_init                              - Undefined Weak Reference
    _terminate_alloc                          - Undefined Weak Reference
    _terminate_user_alloc                     - Undefined Weak Reference
    _terminateio                              - Undefined Weak Reference
    __Vectors_Size                           0x00000184   Number         0  startup_stm32f207xx.o ABSOLUTE
    __Vectors                                0x08000000   Data           4  startup_stm32f207xx.o(RESET)
    __Vectors_End                            0x08000184   Data           0  startup_stm32f207xx.o(RESET)
    __main                                   0x08000185   Thumb Code     8  __main.o(!!!main)
    __scatterload                            0x0800018d   Thumb Code     0  __scatter.o(!!!scatter)
    __scatterload_rt2                        0x0800018d   Thumb Code    84  __scatter.o(!!!scatter)
    __scatterload_rt2_thumb_only             0x0800018d   Thumb Code     0  __scatter.o(!!!scatter)
    __scatterload_loop                       0x08000197   Thumb Code     0  __scatter.o(!!!scatter)
    __decompress                             0x080001e9   Thumb Code    58  __dczerorl.o(!!dczerorl)
    __decompress0                            0x080001e9   Thumb Code     0  __dczerorl.o(!!dczerorl)
    __scatterload_null                       0x08000225   Thumb Code     2  __scatter.o(!!handler_null)
    __scatterload_zeroinit                   0x08000229   Thumb Code    28  __scatter_zi.o(!!handler_zi)
    __rt_lib_init                            0x08000245   Thumb Code     0  libinit.o(.ARM.Collect$$libinit$$00000000)
    __rt_lib_init_alloca_1                   0x08000247   Thumb Code     0  libinit2.o(.ARM.Collect$$libinit$$00000030)
    __rt_lib_init_argv_1                     0x08000247   Thumb Code     0  libinit2.o(.ARM.Collect$$libinit$$0000002E)
    __rt_lib_init_atexit_1                   0x08000247   Thumb Code     0  libinit2.o(.ARM.Collect$$libinit$$0000001D)
    __rt_lib_init_clock_1                    0x08000247   Thumb Code     0  libinit2.o(.ARM.Collect$$libinit$$00000023)
    __rt_lib_init_cpp_1                      0x08000247   Thumb Code     0  libinit2.o(.ARM.Collect$$libinit$$00000034)
    __rt_lib_init_exceptions_1               0x08000247   Thumb Code     0  libinit2.o(.ARM.Collect$$libinit$$00000032)
    __rt_lib_init_fp_1                       0x08000247   Thumb Code     0  libinit2.o(.ARM.Collect$$libinit$$00000002)
    __rt_lib_init_fp_trap_1                  0x08000247   Thumb Code     0  libinit2.o(.ARM.Collect$$libinit$$00000021)
    __rt_lib_init_getenv_1                   0x08000247   Thumb Code     0  libinit2.o(.ARM.Collect$$libinit$$00000025)
    __rt_lib_init_heap_1                     0x08000247   Thumb Code     0  libinit2.o(.ARM.Collect$$libinit$$0000000C)
    __rt_lib_init_lc_collate_1               0x08000247   Thumb Code     0  libinit2.o(.ARM.Collect$$libinit$$00000013)
    __rt_lib_init_lc_ctype_1                 0x08000247   Thumb Code     0  libinit2.o(.ARM.Collect$$libinit$$00000015)
    __rt_lib_init_lc_monetary_1              0x08000247   Thumb Code     0  libinit2.o(.ARM.Collect$$libinit$$00000017)
    __rt_lib_init_lc_numeric_1               0x08000247   Thumb Code     0  libinit2.o(.ARM.Collect$$libinit$$00000019)
    __rt_lib_init_lc_time_1                  0x08000247   Thumb Code     0  libinit2.o(.ARM.Collect$$libinit$$0000001B)
    __rt_lib_init_preinit_1                  0x08000247   Thumb Code     0  libinit2.o(.ARM.Collect$$libinit$$00000006)
    __rt_lib_init_rand_1                     0x08000247   Thumb Code     0  libinit2.o(.ARM.Collect$$libinit$$00000010)
    __rt_lib_init_relocate_pie_1             0x08000247   Thumb Code     0  libinit2.o(.ARM.Collect$$libinit$$00000004)
    __rt_lib_init_return                     0x08000247   Thumb Code     0  libinit2.o(.ARM.Collect$$libinit$$00000035)
    __rt_lib_init_signal_1                   0x08000247   Thumb Code     0  libinit2.o(.ARM.Collect$$libinit$$0000001F)
    __rt_lib_init_stdio_1                    0x08000247   Thumb Code     0  libinit2.o(.ARM.Collect$$libinit$$00000027)
    __rt_lib_init_user_alloc_1               0x08000247   Thumb Code     0  libinit2.o(.ARM.Collect$$libinit$$0000000E)
    __rt_lib_shutdown                        0x08000249   Thumb Code     0  libshutdown.o(.ARM.Collect$$libshutdown$$00000000)
    __rt_lib_shutdown_cpp_1                  0x0800024b   Thumb Code     0  libshutdown2.o(.ARM.Collect$$libshutdown$$00000002)
    __rt_lib_shutdown_fp_trap_1              0x0800024b   Thumb Code     0  libshutdown2.o(.ARM.Collect$$libshutdown$$00000007)
    __rt_lib_shutdown_heap_1                 0x0800024b   Thumb Code     0  libshutdown2.o(.ARM.Collect$$libshutdown$$0000000F)
    __rt_lib_shutdown_return                 0x0800024b   Thumb Code     0  libshutdown2.o(.ARM.Collect$$libshutdown$$00000010)
    __rt_lib_shutdown_signal_1               0x0800024b   Thumb Code     0  libshutdown2.o(.ARM.Collect$$libshutdown$$0000000A)
    __rt_lib_shutdown_stdio_1                0x0800024b   Thumb Code     0  libshutdown2.o(.ARM.Collect$$libshutdown$$00000004)
    __rt_lib_shutdown_user_alloc_1           0x0800024b   Thumb Code     0  libshutdown2.o(.ARM.Collect$$libshutdown$$0000000C)
    __rt_entry                               0x0800024d   Thumb Code     0  __rtentry.o(.ARM.Collect$$rtentry$$00000000)
    __rt_entry_presh_1                       0x0800024d   Thumb Code     0  __rtentry2.o(.ARM.Collect$$rtentry$$00000002)
    __rt_entry_sh                            0x0800024d   Thumb Code     0  __rtentry4.o(.ARM.Collect$$rtentry$$00000004)
    __rt_entry_li                            0x08000253   Thumb Code     0  __rtentry2.o(.ARM.Collect$$rtentry$$0000000A)
    __rt_entry_postsh_1                      0x08000253   Thumb Code     0  __rtentry2.o(.ARM.Collect$$rtentry$$00000009)
    __rt_entry_main                          0x08000257   Thumb Code     0  __rtentry2.o(.ARM.Collect$$rtentry$$0000000D)
    __rt_entry_postli_1                      0x08000257   Thumb Code     0  __rtentry2.o(.ARM.Collect$$rtentry$$0000000C)
    __rt_exit                                0x0800025f   Thumb Code     0  rtexit.o(.ARM.Collect$$rtexit$$00000000)
    __rt_exit_ls                             0x08000261   Thumb Code     0  rtexit2.o(.ARM.Collect$$rtexit$$00000003)
    __rt_exit_prels_1                        0x08000261   Thumb Code     0  rtexit2.o(.ARM.Collect$$rtexit$$00000002)
    __rt_exit_exit                           0x08000265   Thumb Code     0  rtexit2.o(.ARM.Collect$$rtexit$$00000004)
    Reset_Handler                            0x0800026d   Thumb Code     8  startup_stm32f207xx.o(.text)
    NMI_Handler                              0x08000275   Thumb Code     2  startup_stm32f207xx.o(.text)
    HardFault_Handler                        0x08000277   Thumb Code     2  startup_stm32f207xx.o(.text)
    MemManage_Handler                        0x08000279   Thumb Code     2  startup_stm32f207xx.o(.text)
    BusFault_Handler                         0x0800027b   Thumb Code     2  startup_stm32f207xx.o(.text)
    UsageFault_Handler                       0x0800027d   Thumb Code     2  startup_stm32f207xx.o(.text)
    SVC_Handler                              0x0800027f   Thumb Code     2  startup_stm32f207xx.o(.text)
    DebugMon_Handler                         0x08000281   Thumb Code     2  startup_stm32f207xx.o(.text)
    PendSV_Handler                           0x08000283   Thumb Code     2  startup_stm32f207xx.o(.text)
    ADC_IRQHandler                           0x08000287   Thumb Code     0  startup_stm32f207xx.o(.text)
    CAN1_RX0_IRQHandler                      0x08000287   Thumb Code     0  startup_stm32f207xx.o(.text)
    CAN1_RX1_IRQHandler                      0x08000287   Thumb Code     0  startup_stm32f207xx.o(.text)
    CAN1_SCE_IRQHandler                      0x08000287   Thumb Code     0  startup_stm32f207xx.o(.text)
    CAN1_TX_IRQHandler                       0x08000287   Thumb Code     0  startup_stm32f207xx.o(.text)
    CAN2_RX0_IRQHandler                      0x08000287   Thumb Code     0  startup_stm32f207xx.o(.text)
    CAN2_RX1_IRQHandler                      0x08000287   Thumb Code     0  startup_stm32f207xx.o(.text)
    CAN2_SCE_IRQHandler                      0x08000287   Thumb Code     0  startup_stm32f207xx.o(.text)
    CAN2_TX_IRQHandler                       0x08000287   Thumb Code     0  startup_stm32f207xx.o(.text)
    DCMI_IRQHandler                          0x08000287   Thumb Code     0  startup_stm32f207xx.o(.text)
    DMA1_Stream0_IRQHandler                  0x08000287   Thumb Code     0  startup_stm32f207xx.o(.text)
    DMA1_Stream1_IRQHandler                  0x08000287   Thumb Code     0  startup_stm32f207xx.o(.text)
    DMA1_Stream2_IRQHandler                  0x08000287   Thumb Code     0  startup_stm32f207xx.o(.text)
    DMA1_Stream3_IRQHandler                  0x08000287   Thumb Code     0  startup_stm32f207xx.o(.text)
    DMA1_Stream4_IRQHandler                  0x08000287   Thumb Code     0  startup_stm32f207xx.o(.text)
    DMA1_Stream5_IRQHandler                  0x08000287   Thumb Code     0  startup_stm32f207xx.o(.text)
    DMA1_Stream6_IRQHandler                  0x08000287   Thumb Code     0  startup_stm32f207xx.o(.text)
    DMA1_Stream7_IRQHandler                  0x08000287   Thumb Code     0  startup_stm32f207xx.o(.text)
    DMA2_Stream0_IRQHandler                  0x08000287   Thumb Code     0  startup_stm32f207xx.o(.text)
    DMA2_Stream1_IRQHandler                  0x08000287   Thumb Code     0  startup_stm32f207xx.o(.text)
    DMA2_Stream2_IRQHandler                  0x08000287   Thumb Code     0  startup_stm32f207xx.o(.text)
    DMA2_Stream3_IRQHandler                  0x08000287   Thumb Code     0  startup_stm32f207xx.o(.text)
    DMA2_Stream4_IRQHandler                  0x08000287   Thumb Code     0  startup_stm32f207xx.o(.text)
    DMA2_Stream5_IRQHandler                  0x08000287   Thumb Code     0  startup_stm32f207xx.o(.text)
    DMA2_Stream6_IRQHandler                  0x08000287   Thumb Code     0  startup_stm32f207xx.o(.text)
    DMA2_Stream7_IRQHandler                  0x08000287   Thumb Code     0  startup_stm32f207xx.o(.text)
    ETH_IRQHandler                           0x08000287   Thumb Code     0  startup_stm32f207xx.o(.text)
    ETH_WKUP_IRQHandler                      0x08000287   Thumb Code     0  startup_stm32f207xx.o(.text)
    EXTI0_IRQHandler                         0x08000287   Thumb Code     0  startup_stm32f207xx.o(.text)
    EXTI15_10_IRQHandler                     0x08000287   Thumb Code     0  startup_stm32f207xx.o(.text)
    EXTI1_IRQHandler                         0x08000287   Thumb Code     0  startup_stm32f207xx.o(.text)
    EXTI2_IRQHandler                         0x08000287   Thumb Code     0  startup_stm32f207xx.o(.text)
    EXTI3_IRQHandler                         0x08000287   Thumb Code     0  startup_stm32f207xx.o(.text)
    EXTI4_IRQHandler                         0x08000287   Thumb Code     0  startup_stm32f207xx.o(.text)
    EXTI9_5_IRQHandler                       0x08000287   Thumb Code     0  startup_stm32f207xx.o(.text)
    FLASH_IRQHandler                         0x08000287   Thumb Code     0  startup_stm32f207xx.o(.text)
    FSMC_IRQHandler                          0x08000287   Thumb Code     0  startup_stm32f207xx.o(.text)
    HASH_RNG_IRQHandler                      0x08000287   Thumb Code     0  startup_stm32f207xx.o(.text)
    I2C2_ER_IRQHandler                       0x08000287   Thumb Code     0  startup_stm32f207xx.o(.text)
    I2C2_EV_IRQHandler                       0x08000287   Thumb Code     0  startup_stm32f207xx.o(.text)
    I2C3_ER_IRQHandler                       0x08000287   Thumb Code     0  startup_stm32f207xx.o(.text)
    I2C3_EV_IRQHandler                       0x08000287   Thumb Code     0  startup_stm32f207xx.o(.text)
    OTG_FS_IRQHandler                        0x08000287   Thumb Code     0  startup_stm32f207xx.o(.text)
    OTG_FS_WKUP_IRQHandler                   0x08000287   Thumb Code     0  startup_stm32f207xx.o(.text)
    OTG_HS_EP1_IN_IRQHandler                 0x08000287   Thumb Code     0  startup_stm32f207xx.o(.text)
    OTG_HS_EP1_OUT_IRQHandler                0x08000287   Thumb Code     0  startup_stm32f207xx.o(.text)
    OTG_HS_IRQHandler                        0x08000287   Thumb Code     0  startup_stm32f207xx.o(.text)
    OTG_HS_WKUP_IRQHandler                   0x08000287   Thumb Code     0  startup_stm32f207xx.o(.text)
    PVD_IRQHandler                           0x08000287   Thumb Code     0  startup_stm32f207xx.o(.text)
    RCC_IRQHandler                           0x08000287   Thumb Code     0  startup_stm32f207xx.o(.text)
    RTC_Alarm_IRQHandler                     0x08000287   Thumb Code     0  startup_stm32f207xx.o(.text)
    RTC_WKUP_IRQHandler                      0x08000287   Thumb Code     0  startup_stm32f207xx.o(.text)
    SDIO_IRQHandler                          0x08000287   Thumb Code     0  startup_stm32f207xx.o(.text)
    SPI1_IRQHandler                          0x08000287   Thumb Code     0  startup_stm32f207xx.o(.text)
    SPI2_IRQHandler                          0x08000287   Thumb Code     0  startup_stm32f207xx.o(.text)
    SPI3_IRQHandler                          0x08000287   Thumb Code     0  startup_stm32f207xx.o(.text)
    TAMP_STAMP_IRQHandler                    0x08000287   Thumb Code     0  startup_stm32f207xx.o(.text)
    TIM1_BRK_TIM9_IRQHandler                 0x08000287   Thumb Code     0  startup_stm32f207xx.o(.text)
    TIM1_CC_IRQHandler                       0x08000287   Thumb Code     0  startup_stm32f207xx.o(.text)
    TIM1_TRG_COM_TIM11_IRQHandler            0x08000287   Thumb Code     0  startup_stm32f207xx.o(.text)
    TIM1_UP_TIM10_IRQHandler                 0x08000287   Thumb Code     0  startup_stm32f207xx.o(.text)
    TIM2_IRQHandler                          0x08000287   Thumb Code     0  startup_stm32f207xx.o(.text)
    TIM3_IRQHandler                          0x08000287   Thumb Code     0  startup_stm32f207xx.o(.text)
    TIM4_IRQHandler                          0x08000287   Thumb Code     0  startup_stm32f207xx.o(.text)
    TIM5_IRQHandler                          0x08000287   Thumb Code     0  startup_stm32f207xx.o(.text)
    TIM6_DAC_IRQHandler                      0x08000287   Thumb Code     0  startup_stm32f207xx.o(.text)
    TIM7_IRQHandler                          0x08000287   Thumb Code     0  startup_stm32f207xx.o(.text)
    TIM8_BRK_TIM12_IRQHandler                0x08000287   Thumb Code     0  startup_stm32f207xx.o(.text)
    TIM8_CC_IRQHandler                       0x08000287   Thumb Code     0  startup_stm32f207xx.o(.text)
    TIM8_TRG_COM_TIM14_IRQHandler            0x08000287   Thumb Code     0  startup_stm32f207xx.o(.text)
    TIM8_UP_TIM13_IRQHandler                 0x08000287   Thumb Code     0  startup_stm32f207xx.o(.text)
    UART4_IRQHandler                         0x08000287   Thumb Code     0  startup_stm32f207xx.o(.text)
    UART5_IRQHandler                         0x08000287   Thumb Code     0  startup_stm32f207xx.o(.text)
    USART1_IRQHandler                        0x08000287   Thumb Code     0  startup_stm32f207xx.o(.text)
    USART2_IRQHandler                        0x08000287   Thumb Code     0  startup_stm32f207xx.o(.text)
    USART3_IRQHandler                        0x08000287   Thumb Code     0  startup_stm32f207xx.o(.text)
    USART6_IRQHandler                        0x08000287   Thumb Code     0  startup_stm32f207xx.o(.text)
    WWDG_IRQHandler                          0x08000287   Thumb Code     0  startup_stm32f207xx.o(.text)
    __user_initial_stackheap                 0x08000289   Thumb Code     0  startup_stm32f207xx.o(.text)
    __aeabi_memclr4                          0x080002ad   Thumb Code     0  rt_memclr_w.o(.text)
    __aeabi_memclr8                          0x080002ad   Thumb Code     0  rt_memclr_w.o(.text)
    __rt_memclr_w                            0x080002ad   Thumb Code     0  rt_memclr_w.o(.text)
    _memset_w                                0x080002b1   Thumb Code    74  rt_memclr_w.o(.text)
    __use_two_region_memory                  0x080002fb   Thumb Code     2  heapauxi.o(.text)
    __rt_heap_escrow$2region                 0x080002fd   Thumb Code     2  heapauxi.o(.text)
    __rt_heap_expand$2region                 0x080002ff   Thumb Code     2  heapauxi.o(.text)
    __user_setup_stackheap                   0x08000301   Thumb Code    74  sys_stackheap_outer.o(.text)
    exit                                     0x0800034b   Thumb Code    18  exit.o(.text)
    __user_libspace                          0x0800035d   Thumb Code     8  libspace.o(.text)
    __user_perproc_libspace                  0x0800035d   Thumb Code     0  libspace.o(.text)
    __user_perthread_libspace                0x0800035d   Thumb Code     0  libspace.o(.text)
    _sys_exit                                0x08000365   Thumb Code     8  sys_exit.o(.text)
    __I$use$semihosting                      0x08000371   Thumb Code     0  use_no_semi.o(.text)
    __use_no_semihosting_swi                 0x08000371   Thumb Code     2  use_no_semi.o(.text)
    __semihosting_library_function           0x08000373   Thumb Code     0  indicate_semi.o(.text)
    AUDIO_IO_Init                            0x08000375   Thumb Code    56  cs42l52.o(.text.AUDIO_IO_Init)
    AUDIO_IO_Write                           0x080003ad   Thumb Code    90  cs42l52.o(.text.AUDIO_IO_Write)
    HAL_DMA_Abort                            0x080007b9   Thumb Code   236  stm32f2xx_hal_dma.o(.text.HAL_DMA_Abort)
    HAL_DMA_Init                             0x080008a5   Thumb Code   366  stm32f2xx_hal_dma.o(.text.HAL_DMA_Init)
    HAL_DMA_Start_IT                         0x08000a15   Thumb Code   194  stm32f2xx_hal_dma.o(.text.HAL_DMA_Start_IT)
    HAL_Delay                                0x08000ad9   Thumb Code    66  stm32f2xx_hal.o(.text.HAL_Delay)
    HAL_GPIO_DeInit                          0x08000b1d   Thumb Code   566  stm32f2xx_hal_gpio.o(.text.HAL_GPIO_DeInit)
    HAL_GPIO_Init                            0x08000d55   Thumb Code   970  stm32f2xx_hal_gpio.o(.text.HAL_GPIO_Init)
    HAL_GPIO_ReadPin                         0x08001121   Thumb Code    46  stm32f2xx_hal_gpio.o(.text.HAL_GPIO_ReadPin)
    HAL_GPIO_WritePin                        0x08001151   Thumb Code    46  stm32f2xx_hal_gpio.o(.text.HAL_GPIO_WritePin)
    HAL_GetTick                              0x08001181   Thumb Code    12  stm32f2xx_hal.o(.text.HAL_GetTick)
    HAL_IncTick                              0x0800118d   Thumb Code    26  stm32f2xx_hal.o(.text.HAL_IncTick)
    HAL_Init                                 0x080011a9   Thumb Code    54  stm32f2xx_hal.o(.text.HAL_Init)
    HAL_InitTick                             0x080011e1   Thumb Code   112  stm32f2xx_hal.o(.text.HAL_InitTick)
    HAL_MspInit                              0x08001251   Thumb Code     2  stm32f2xx_hal.o(.text.HAL_MspInit)
    HAL_NVIC_ClearPendingIRQ                 0x08001255   Thumb Code    20  stm32f2xx_hal_cortex.o(.text.HAL_NVIC_ClearPendingIRQ)
    HAL_NVIC_DisableIRQ                      0x08001269   Thumb Code    20  stm32f2xx_hal_cortex.o(.text.HAL_NVIC_DisableIRQ)
    HAL_NVIC_EnableIRQ                       0x0800127d   Thumb Code    20  stm32f2xx_hal_cortex.o(.text.HAL_NVIC_EnableIRQ)
    HAL_NVIC_SetPriority                     0x08001291   Thumb Code    50  stm32f2xx_hal_cortex.o(.text.HAL_NVIC_SetPriority)
    HAL_NVIC_SetPriorityGrouping             0x080012c5   Thumb Code    16  stm32f2xx_hal_cortex.o(.text.HAL_NVIC_SetPriorityGrouping)
    HAL_RCC_GetHCLKFreq                      0x080012d5   Thumb Code    12  stm32f2xx_hal_rcc.o(.text.HAL_RCC_GetHCLKFreq)
    HAL_RCC_GetPCLK1Freq                     0x080012e1   Thumb Code    62  stm32f2xx_hal_rcc.o(.text.HAL_RCC_GetPCLK1Freq)
    HAL_SYSTICK_Config                       0x08001321   Thumb Code    16  stm32f2xx_hal_cortex.o(.text.HAL_SYSTICK_Config)
    I2C1_ER_IRQHandler                       0x0800134d   Thumb Code    16  i2c_stm32f2xx.o(.text.I2C1_ER_IRQHandler)
    I2C1_EV_IRQHandler                       0x0800135d   Thumb Code    16  i2c_stm32f2xx.o(.text.I2C1_EV_IRQHandler)
    SysTick_Handler                          0x08003099   Thumb Code     8  main.o(.text.SysTick_Handler)
    SystemInit                               0x080030a1   Thumb Code     2  system_stm32f2xx.o(.text.SystemInit)
    cs42l52_Init                             0x080031cd   Thumb Code   522  cs42l52.o(.text.cs42l52_Init)
    cs42l52_Play                             0x080033d9   Thumb Code    94  cs42l52.o(.text.cs42l52_Play)
    cs42l52_SetMute                          0x08003439   Thumb Code   120  cs42l52.o(.text.cs42l52_SetMute)
    cs42l52_SetVolume                        0x080034b1   Thumb Code   188  cs42l52.o(.text.cs42l52_SetVolume)
    main                                     0x0800356d   Thumb Code    50  main.o(.text.main)
    APBPrescTable                            0x0800359e   Data           8  system_stm32f2xx.o(.rodata.APBPrescTable)
    Driver_I2C1                              0x080035b0   Data          48  i2c_stm32f2xx.o(.rodata.Driver_I2C1)
    Region$$Table$$Base                      0x08003610   Number         0  anon$$obj.o(Region$$Table)
    Region$$Table$$Limit                     0x08003630   Number         0  anon$$obj.o(Region$$Table)
    SystemCoreClock                          0x20000004   Data           4  system_stm32f2xx.o(.data.SystemCoreClock)
    audioBuffer                              0x20000008   Data       10000  main.o(.data.audioBuffer)
    uwTickFreq                               0x20002718   Data           1  stm32f2xx_hal.o(.data.uwTickFreq)
    uwTickPrio                               0x2000271c   Data           4  stm32f2xx_hal.o(.data.uwTickPrio)
    __libspace_start                         0x20002720   Data          96  libspace.o(.bss)
    __temporary_stack_top$libspace           0x20002780   Data           0  libspace.o(.bss)
    OutputDev                                0x200027a8   Data           1  cs42l52.o(.bss.OutputDev)
    uwTick                                   0x200027ac   Data           4  stm32f2xx_hal.o(.bss.uwTick)



==============================================================================

Memory Map of the image

  Image Entry point : 0x0800026d

  Load Region LR_1 (Base: 0x08000000, Size: 0x00005d50, Max: 0xffffffff, ABSOLUTE, COMPRESSED[0x000055b4])

    Execution Region ER_RO (Exec base: 0x08000000, Load base: 0x08000000, Size: 0x00003630, Max: 0xffffffff, ABSOLUTE)

    Exec Addr    Load Addr    Size         Type   Attr      Idx    E Section Name        Object

    0x08000000   0x08000000   0x00000184   Data   RO          623    RESET               startup_stm32f207xx.o
    0x08000184   0x08000184   0x00000008   Code   RO          652  * !!!main             c_w.l(__main.o)
    0x0800018c   0x0800018c   0x0000005c   Code   RO          829    !!!scatter          c_w.l(__scatter.o)
    0x080001e8   0x080001e8   0x0000003a   Code   RO          827    !!dczerorl          c_w.l(__dczerorl.o)
    0x08000222   0x08000222   0x00000002   PAD
    0x08000224   0x08000224   0x00000002   Code   RO          830    !!handler_null      c_w.l(__scatter.o)
    0x08000226   0x08000226   0x00000002   PAD
    0x08000228   0x08000228   0x0000001c   Code   RO          833    !!handler_zi        c_w.l(__scatter_zi.o)
    0x08000244   0x08000244   0x00000002   Code   RO          689    .ARM.Collect$$libinit$$00000000  c_w.l(libinit.o)
    0x08000246   0x08000246   0x00000000   Code   RO          702    .ARM.Collect$$libinit$$00000002  c_w.l(libinit2.o)
    0x08000246   0x08000246   0x00000000   Code   RO          704    .ARM.Collect$$libinit$$00000004  c_w.l(libinit2.o)
    0x08000246   0x08000246   0x00000000   Code   RO          706    .ARM.Collect$$libinit$$00000006  c_w.l(libinit2.o)
    0x08000246   0x08000246   0x00000000   Code   RO          709    .ARM.Collect$$libinit$$0000000C  c_w.l(libinit2.o)
    0x08000246   0x08000246   0x00000000   Code   RO          711    .ARM.Collect$$libinit$$0000000E  c_w.l(libinit2.o)
    0x08000246   0x08000246   0x00000000   Code   RO          713    .ARM.Collect$$libinit$$00000010  c_w.l(libinit2.o)
    0x08000246   0x08000246   0x00000000   Code   RO          716    .ARM.Collect$$libinit$$00000013  c_w.l(libinit2.o)
    0x08000246   0x08000246   0x00000000   Code   RO          718    .ARM.Collect$$libinit$$00000015  c_w.l(libinit2.o)
    0x08000246   0x08000246   0x00000000   Code   RO          720    .ARM.Collect$$libinit$$00000017  c_w.l(libinit2.o)
    0x08000246   0x08000246   0x00000000   Code   RO          722    .ARM.Collect$$libinit$$00000019  c_w.l(libinit2.o)
    0x08000246   0x08000246   0x00000000   Code   RO          724    .ARM.Collect$$libinit$$0000001B  c_w.l(libinit2.o)
    0x08000246   0x08000246   0x00000000   Code   RO          726    .ARM.Collect$$libinit$$0000001D  c_w.l(libinit2.o)
    0x08000246   0x08000246   0x00000000   Code   RO          728    .ARM.Collect$$libinit$$0000001F  c_w.l(libinit2.o)
    0x08000246   0x08000246   0x00000000   Code   RO          730    .ARM.Collect$$libinit$$00000021  c_w.l(libinit2.o)
    0x08000246   0x08000246   0x00000000   Code   RO          732    .ARM.Collect$$libinit$$00000023  c_w.l(libinit2.o)
    0x08000246   0x08000246   0x00000000   Code   RO          734    .ARM.Collect$$libinit$$00000025  c_w.l(libinit2.o)
    0x08000246   0x08000246   0x00000000   Code   RO          736    .ARM.Collect$$libinit$$00000027  c_w.l(libinit2.o)
    0x08000246   0x08000246   0x00000000   Code   RO          740    .ARM.Collect$$libinit$$0000002E  c_w.l(libinit2.o)
    0x08000246   0x08000246   0x00000000   Code   RO          742    .ARM.Collect$$libinit$$00000030  c_w.l(libinit2.o)
    0x08000246   0x08000246   0x00000000   Code   RO          744    .ARM.Collect$$libinit$$00000032  c_w.l(libinit2.o)
    0x08000246   0x08000246   0x00000000   Code   RO          746    .ARM.Collect$$libinit$$00000034  c_w.l(libinit2.o)
    0x08000246   0x08000246   0x00000002   Code   RO          747    .ARM.Collect$$libinit$$00000035  c_w.l(libinit2.o)
    0x08000248   0x08000248   0x00000002   Code   RO          782    .ARM.Collect$$libshutdown$$00000000  c_w.l(libshutdown.o)
    0x0800024a   0x0800024a   0x00000000   Code   RO          810    .ARM.Collect$$libshutdown$$00000002  c_w.l(libshutdown2.o)
    0x0800024a   0x0800024a   0x00000000   Code   RO          812    .ARM.Collect$$libshutdown$$00000004  c_w.l(libshutdown2.o)
    0x0800024a   0x0800024a   0x00000000   Code   RO          815    .ARM.Collect$$libshutdown$$00000007  c_w.l(libshutdown2.o)
    0x0800024a   0x0800024a   0x00000000   Code   RO          818    .ARM.Collect$$libshutdown$$0000000A  c_w.l(libshutdown2.o)
    0x0800024a   0x0800024a   0x00000000   Code   RO          820    .ARM.Collect$$libshutdown$$0000000C  c_w.l(libshutdown2.o)
    0x0800024a   0x0800024a   0x00000000   Code   RO          823    .ARM.Collect$$libshutdown$$0000000F  c_w.l(libshutdown2.o)
    0x0800024a   0x0800024a   0x00000002   Code   RO          824    .ARM.Collect$$libshutdown$$00000010  c_w.l(libshutdown2.o)
    0x0800024c   0x0800024c   0x00000000   Code   RO          654    .ARM.Collect$$rtentry$$00000000  c_w.l(__rtentry.o)
    0x0800024c   0x0800024c   0x00000000   Code   RO          660    .ARM.Collect$$rtentry$$00000002  c_w.l(__rtentry2.o)
    0x0800024c   0x0800024c   0x00000006   Code   RO          672    .ARM.Collect$$rtentry$$00000004  c_w.l(__rtentry4.o)
    0x08000252   0x08000252   0x00000000   Code   RO          662    .ARM.Collect$$rtentry$$00000009  c_w.l(__rtentry2.o)
    0x08000252   0x08000252   0x00000004   Code   RO          663    .ARM.Collect$$rtentry$$0000000A  c_w.l(__rtentry2.o)
    0x08000256   0x08000256   0x00000000   Code   RO          665    .ARM.Collect$$rtentry$$0000000C  c_w.l(__rtentry2.o)
    0x08000256   0x08000256   0x00000008   Code   RO          666    .ARM.Collect$$rtentry$$0000000D  c_w.l(__rtentry2.o)
    0x0800025e   0x0800025e   0x00000002   Code   RO          693    .ARM.Collect$$rtexit$$00000000  c_w.l(rtexit.o)
    0x08000260   0x08000260   0x00000000   Code   RO          753    .ARM.Collect$$rtexit$$00000002  c_w.l(rtexit2.o)
    0x08000260   0x08000260   0x00000004   Code   RO          754    .ARM.Collect$$rtexit$$00000003  c_w.l(rtexit2.o)
    0x08000264   0x08000264   0x00000006   Code   RO          755    .ARM.Collect$$rtexit$$00000004  c_w.l(rtexit2.o)
    0x0800026a   0x0800026a   0x00000002   PAD
    0x0800026c   0x0800026c   0x00000040   Code   RO          624  * .text               startup_stm32f207xx.o
    0x080002ac   0x080002ac   0x0000004e   Code   RO          648    .text               c_w.l(rt_memclr_w.o)
    0x080002fa   0x080002fa   0x00000006   Code   RO          650    .text               c_w.l(heapauxi.o)
    0x08000300   0x08000300   0x0000004a   Code   RO          676    .text               c_w.l(sys_stackheap_outer.o)
    0x0800034a   0x0800034a   0x00000012   Code   RO          678    .text               c_w.l(exit.o)
    0x0800035c   0x0800035c   0x00000008   Code   RO          690    .text               c_w.l(libspace.o)
    0x08000364   0x08000364   0x0000000c   Code   RO          748    .text               c_w.l(sys_exit.o)
    0x08000370   0x08000370   0x00000002   Code   RO          771    .text               c_w.l(use_no_semi.o)
    0x08000372   0x08000372   0x00000000   Code   RO          773    .text               c_w.l(indicate_semi.o)
    0x08000372   0x08000372   0x00000002   PAD
    0x08000374   0x08000374   0x00000038   Code   RO           37    .text.AUDIO_IO_Init  cs42l52.o
    0x080003ac   0x080003ac   0x0000005a   Code   RO           47    .text.AUDIO_IO_Write  cs42l52.o
    0x08000406   0x08000406   0x00000002   PAD
    0x08000408   0x08000408   0x0000002c   Code   RO           39    .text.CODEC_IO_Write  cs42l52.o
    0x08000434   0x08000434   0x00000056   Code   RO          264    .text.DMA_CalcBaseAndBitshift  stm32f2xx_hal_dma.o
    0x0800048a   0x0800048a   0x00000002   PAD
    0x0800048c   0x0800048c   0x000000f0   Code   RO          262    .text.DMA_CheckFifoParam  stm32f2xx_hal_dma.o
    0x0800057c   0x0800057c   0x00000050   Code   RO          270    .text.DMA_SetConfig  stm32f2xx_hal_dma.o
    0x080005cc   0x080005cc   0x000001ea   Code   RO           93    .text.Enable_GPIO_Clock  i2c_stm32f2xx.o
    0x080007b6   0x080007b6   0x00000002   PAD
    0x080007b8   0x080007b8   0x000000ec   Code   RO          274    .text.HAL_DMA_Abort  stm32f2xx_hal_dma.o
    0x080008a4   0x080008a4   0x0000016e   Code   RO          260    .text.HAL_DMA_Init  stm32f2xx_hal_dma.o
    0x08000a12   0x08000a12   0x00000002   PAD
    0x08000a14   0x08000a14   0x000000c2   Code   RO          272    .text.HAL_DMA_Start_IT  stm32f2xx_hal_dma.o
    0x08000ad6   0x08000ad6   0x00000002   PAD
    0x08000ad8   0x08000ad8   0x00000042   Code   RO          145    .text.HAL_Delay     stm32f2xx_hal.o
    0x08000b1a   0x08000b1a   0x00000002   PAD
    0x08000b1c   0x08000b1c   0x00000236   Code   RO          315    .text.HAL_GPIO_DeInit  stm32f2xx_hal_gpio.o
    0x08000d52   0x08000d52   0x00000002   PAD
    0x08000d54   0x08000d54   0x000003ca   Code   RO          313    .text.HAL_GPIO_Init  stm32f2xx_hal_gpio.o
    0x0800111e   0x0800111e   0x00000002   PAD
    0x08001120   0x08001120   0x0000002e   Code   RO          317    .text.HAL_GPIO_ReadPin  stm32f2xx_hal_gpio.o
    0x0800114e   0x0800114e   0x00000002   PAD
    0x08001150   0x08001150   0x0000002e   Code   RO          319    .text.HAL_GPIO_WritePin  stm32f2xx_hal_gpio.o
    0x0800117e   0x0800117e   0x00000002   PAD
    0x08001180   0x08001180   0x0000000c   Code   RO          137    .text.HAL_GetTick   stm32f2xx_hal.o
    0x0800118c   0x0800118c   0x0000001a   Code   RO          135    .text.HAL_IncTick   stm32f2xx_hal.o
    0x080011a6   0x080011a6   0x00000002   PAD
    0x080011a8   0x080011a8   0x00000036   Code   RO          125    .text.HAL_Init      stm32f2xx_hal.o
    0x080011de   0x080011de   0x00000002   PAD
    0x080011e0   0x080011e0   0x00000070   Code   RO          127    .text.HAL_InitTick  stm32f2xx_hal.o
    0x08001250   0x08001250   0x00000002   Code   RO          129    .text.HAL_MspInit   stm32f2xx_hal.o
    0x08001252   0x08001252   0x00000002   PAD
    0x08001254   0x08001254   0x00000014   Code   RO          239    .text.HAL_NVIC_ClearPendingIRQ  stm32f2xx_hal_cortex.o
    0x08001268   0x08001268   0x00000014   Code   RO          205    .text.HAL_NVIC_DisableIRQ  stm32f2xx_hal_cortex.o
    0x0800127c   0x0800127c   0x00000014   Code   RO          201    .text.HAL_NVIC_EnableIRQ  stm32f2xx_hal_cortex.o
    0x08001290   0x08001290   0x00000032   Code   RO          193    .text.HAL_NVIC_SetPriority  stm32f2xx_hal_cortex.o
    0x080012c2   0x080012c2   0x00000002   PAD
    0x080012c4   0x080012c4   0x00000010   Code   RO          189    .text.HAL_NVIC_SetPriorityGrouping  stm32f2xx_hal_cortex.o
    0x080012d4   0x080012d4   0x0000000c   Code   RO          586    .text.HAL_RCC_GetHCLKFreq  stm32f2xx_hal_rcc.o
    0x080012e0   0x080012e0   0x0000003e   Code   RO          588    .text.HAL_RCC_GetPCLK1Freq  stm32f2xx_hal_rcc.o
    0x0800131e   0x0800131e   0x00000002   PAD
    0x08001320   0x08001320   0x00000010   Code   RO          213    .text.HAL_SYSTICK_Config  stm32f2xx_hal_cortex.o
    0x08001330   0x08001330   0x0000001c   Code   RO           87    .text.I2C1_Control  i2c_stm32f2xx.o
    0x0800134c   0x0800134c   0x00000010   Code   RO           63    .text.I2C1_ER_IRQHandler  i2c_stm32f2xx.o
    0x0800135c   0x0800135c   0x00000010   Code   RO           59    .text.I2C1_EV_IRQHandler  i2c_stm32f2xx.o
    0x0800136c   0x0800136c   0x00000010   Code   RO           85    .text.I2C1_GetDataCount  i2c_stm32f2xx.o
    0x0800137c   0x0800137c   0x00000018   Code   RO           89    .text.I2C1_GetStatus  i2c_stm32f2xx.o
    0x08001394   0x08001394   0x00000018   Code   RO           71    .text.I2C1_Initialize  i2c_stm32f2xx.o
    0x080013ac   0x080013ac   0x00000032   Code   RO           79    .text.I2C1_MasterReceive  i2c_stm32f2xx.o
    0x080013de   0x080013de   0x00000002   PAD
    0x080013e0   0x080013e0   0x00000032   Code   RO           77    .text.I2C1_MasterTransmit  i2c_stm32f2xx.o
    0x08001412   0x08001412   0x00000002   PAD
    0x08001414   0x08001414   0x0000001c   Code   RO           75    .text.I2C1_PowerControl  i2c_stm32f2xx.o
    0x08001430   0x08001430   0x0000001c   Code   RO           83    .text.I2C1_SlaveReceive  i2c_stm32f2xx.o
    0x0800144c   0x0800144c   0x0000001c   Code   RO           81    .text.I2C1_SlaveTransmit  i2c_stm32f2xx.o
    0x08001468   0x08001468   0x00000010   Code   RO           73    .text.I2C1_Uninitialize  i2c_stm32f2xx.o
    0x08001478   0x08001478   0x0000000c   Code   RO           69    .text.I2CX_GetCapabilities  i2c_stm32f2xx.o
    0x08001484   0x08001484   0x00000012   Code   RO           67    .text.I2CX_GetVersion  i2c_stm32f2xx.o
    0x08001496   0x08001496   0x00000002   PAD
    0x08001498   0x08001498   0x00000458   Code   RO          109    .text.I2C_Control   i2c_stm32f2xx.o
    0x080018f0   0x080018f0   0x000002f8   Code   RO           65    .text.I2C_ER_IRQHandler  i2c_stm32f2xx.o
    0x08001be8   0x08001be8   0x00000980   Code   RO           61    .text.I2C_EV_IRQHandler  i2c_stm32f2xx.o
    0x08002568   0x08002568   0x00000054   Code   RO          107    .text.I2C_GetDataCount  i2c_stm32f2xx.o
    0x080025bc   0x080025bc   0x00000012   Code   RO          111    .text.I2C_GetStatus  i2c_stm32f2xx.o
    0x080025ce   0x080025ce   0x00000002   PAD
    0x080025d0   0x080025d0   0x0000023a   Code   RO           91    .text.I2C_Initialize  i2c_stm32f2xx.o
    0x0800280a   0x0800280a   0x00000002   PAD
    0x0800280c   0x0800280c   0x0000018c   Code   RO          101    .text.I2C_MasterReceive  i2c_stm32f2xx.o
    0x08002998   0x08002998   0x00000174   Code   RO           99    .text.I2C_MasterTransmit  i2c_stm32f2xx.o
    0x08002b0c   0x08002b0c   0x0000030e   Code   RO           97    .text.I2C_PowerControl  i2c_stm32f2xx.o
    0x08002e1a   0x08002e1a   0x00000002   PAD
    0x08002e1c   0x08002e1c   0x000000b6   Code   RO          105    .text.I2C_SlaveReceive  i2c_stm32f2xx.o
    0x08002ed2   0x08002ed2   0x00000002   PAD
    0x08002ed4   0x08002ed4   0x000000b6   Code   RO          103    .text.I2C_SlaveTransmit  i2c_stm32f2xx.o
    0x08002f8a   0x08002f8a   0x00000002   PAD
    0x08002f8c   0x08002f8c   0x0000004c   Code   RO           95    .text.I2C_Uninitialize  i2c_stm32f2xx.o
    0x08002fd8   0x08002fd8   0x0000006c   Code   RO          199    .text.NVIC_EncodePriority  stm32f2xx_hal_cortex.o
    0x08003044   0x08003044   0x00000052   Code   RO          215    .text.SysTick_Config  stm32f2xx_hal_cortex.o
    0x08003096   0x08003096   0x00000002   PAD
    0x08003098   0x08003098   0x00000008   Code   RO            2    .text.SysTick_Handler  main.o
    0x080030a0   0x080030a0   0x00000002   Code   RO          631    .text.SystemInit    system_stm32f2xx.o
    0x080030a2   0x080030a2   0x00000002   PAD
    0x080030a4   0x080030a4   0x00000030   Code   RO          241    .text.__NVIC_ClearPendingIRQ  stm32f2xx_hal_cortex.o
    0x080030d4   0x080030d4   0x00000038   Code   RO          207    .text.__NVIC_DisableIRQ  stm32f2xx_hal_cortex.o
    0x0800310c   0x0800310c   0x00000030   Code   RO          203    .text.__NVIC_EnableIRQ  stm32f2xx_hal_cortex.o
    0x0800313c   0x0800313c   0x00000010   Code   RO          195    .text.__NVIC_GetPriorityGrouping  stm32f2xx_hal_cortex.o
    0x0800314c   0x0800314c   0x00000042   Code   RO          197    .text.__NVIC_SetPriority  stm32f2xx_hal_cortex.o
    0x0800318e   0x0800318e   0x00000002   PAD
    0x08003190   0x08003190   0x0000003c   Code   RO          191    .text.__NVIC_SetPriorityGrouping  stm32f2xx_hal_cortex.o
    0x080031cc   0x080031cc   0x0000020a   Code   RO           15    .text.cs42l52_Init  cs42l52.o
    0x080033d6   0x080033d6   0x00000002   PAD
    0x080033d8   0x080033d8   0x0000005e   Code   RO           21    .text.cs42l52_Play  cs42l52.o
    0x08003436   0x08003436   0x00000002   PAD
    0x08003438   0x08003438   0x00000078   Code   RO           33    .text.cs42l52_SetMute  cs42l52.o
    0x080034b0   0x080034b0   0x000000bc   Code   RO           31    .text.cs42l52_SetVolume  cs42l52.o
    0x0800356c   0x0800356c   0x00000032   Code   RO            4    .text.main          main.o
    0x0800359e   0x0800359e   0x00000008   Data   RO          637    .rodata.APBPrescTable  system_stm32f2xx.o
    0x080035a6   0x080035a6   0x00000008   Data   RO          290    .rodata.DMA_CalcBaseAndBitshift.flagBitshiftOffset  stm32f2xx_hal_dma.o
    0x080035ae   0x080035ae   0x00000002   PAD
    0x080035b0   0x080035b0   0x00000030   Data   RO          114    .rodata.Driver_I2C1  i2c_stm32f2xx.o
    0x080035e0   0x080035e0   0x00000030   Data   RO          113    .rodata.I2C1_Resources  i2c_stm32f2xx.o
    0x08003610   0x08003610   0x00000020   Data   RO          826    Region$$Table       anon$$obj.o


    Execution Region ER_RW (Exec base: 0x20000000, Load base: 0x08003630, Size: 0x00002720, Max: 0xffffffff, ABSOLUTE, COMPRESSED[0x00001f84])

    Exec Addr    Load Addr    Size         Type   Attr      Idx    E Section Name        Object

    0x20000000   COMPRESSED   0x00000001   Data   RW           51    .data.Is_cs42l52_Stop  cs42l52.o
    0x20000001   COMPRESSED   0x00000003   PAD
    0x20000004   COMPRESSED   0x00000004   Data   RW          635    .data.SystemCoreClock  system_stm32f2xx.o
    0x20000008   COMPRESSED   0x00002710   Data   RW            6    .data.audioBuffer   main.o
    0x20002718   COMPRESSED   0x00000001   Data   RW          180    .data.uwTickFreq    stm32f2xx_hal.o
    0x20002719   COMPRESSED   0x00000003   PAD
    0x2000271c   COMPRESSED   0x00000004   Data   RW          179    .data.uwTickPrio    stm32f2xx_hal.o


    Execution Region ER_ZI (Exec base: 0x20002720, Load base: 0x080055b4, Size: 0x00000690, Max: 0xffffffff, ABSOLUTE)

    Exec Addr    Load Addr    Size         Type   Attr      Idx    E Section Name        Object

    0x20002720        -       0x00000060   Zero   RW          691    .bss                c_w.l(libspace.o)
    0x20002780        -       0x00000028   Zero   RW          115    .bss.I2C1_Info      i2c_stm32f2xx.o
    0x200027a8        -       0x00000001   Zero   RW           50    .bss.OutputDev      cs42l52.o
    0x200027a9   0x080055b4   0x00000003   PAD
    0x200027ac        -       0x00000004   Zero   RW          181    .bss.uwTick         stm32f2xx_hal.o
    0x200027b0        -       0x00000200   Zero   RW          622    HEAP                startup_stm32f207xx.o
    0x200029b0        -       0x00000400   Zero   RW          621    STACK               startup_stm32f207xx.o


==============================================================================

Image component sizes


      Code (inc. data)   RO Data    RW Data    ZI Data      Debug   Object Name

      1114          4          0          1          1       4829   cs42l52.o
      7810          8         96          0         40      19448   i2c_stm32f2xx.o
        58          0          0      10000          0        734   main.o
        64         26        388          0       1536        836   startup_stm32f207xx.o
       272          0          0          5          4       7420   stm32f2xx_hal.o
       626          0          0          0          0       9829   stm32f2xx_hal_cortex.o
      1202          8          8          0          0       8754   stm32f2xx_hal_dma.o
      1628          0          0          0          0       5245   stm32f2xx_hal_gpio.o
        74          0          0          0          0       8080   stm32f2xx_hal_rcc.o
         2          0          8          4          0       2099   system_stm32f2xx.o

    ----------------------------------------------------------------------
     12906         46        534      10016       1584      67274   Object Totals
         0          0         32          0          0          0   (incl. Generated)
        56          0          2          6          3          0   (incl. Padding)

    ----------------------------------------------------------------------

      Code (inc. data)   RO Data    RW Data    ZI Data      Debug   Library Member Name

        58          0          0          0          0          0   __dczerorl.o
         8          0          0          0          0         68   __main.o
         0          0          0          0          0          0   __rtentry.o
        12          0          0          0          0          0   __rtentry2.o
         6          0          0          0          0          0   __rtentry4.o
        94          8          0          0          0          0   __scatter.o
        28          0          0          0          0          0   __scatter_zi.o
        18          0          0          0          0         80   exit.o
         6          0          0          0          0        152   heapauxi.o
         0          0          0          0          0          0   indicate_semi.o
         2          0          0          0          0          0   libinit.o
         2          0          0          0          0          0   libinit2.o
         2          0          0          0          0          0   libshutdown.o
         2          0          0          0          0          0   libshutdown2.o
         8          4          0          0         96         68   libspace.o
        78          0          0          0          0         80   rt_memclr_w.o
         2          0          0          0          0          0   rtexit.o
        10          0          0          0          0          0   rtexit2.o
        12          4          0          0          0         68   sys_exit.o
        74          0          0          0          0         80   sys_stackheap_outer.o
         2          0          0          0          0         68   use_no_semi.o

    ----------------------------------------------------------------------
       432         16          0          0         96        664   Library Totals
         8          0          0          0          0          0   (incl. Padding)

    ----------------------------------------------------------------------

      Code (inc. data)   RO Data    RW Data    ZI Data      Debug   Library Name

       424         16          0          0         96        664   c_w.l

    ----------------------------------------------------------------------
       432         16          0          0         96        664   Library Totals

    ----------------------------------------------------------------------

==============================================================================


      Code (inc. data)   RO Data    RW Data    ZI Data      Debug   

     13338         62        534      10016       1680      67686   Grand Totals
     13338         62        534       8068       1680      67686   ELF Image Totals (compressed)
     13338         62        534       8068          0          0   ROM Totals

==============================================================================

    Total RO  Size (Code + RO Data)                13872 (  13.55kB)
    Total RW  Size (RW Data + ZI Data)             11696 (  11.42kB)
    Total ROM Size (Code + RO Data + RW Data)      21940 (  21.43kB)

==============================================================================

