Component: Arm Compiler for Embedded 6.23 Tool: armlink [5f102400]

==============================================================================

Section Cross References

    startup_stm32f207xx.o(STACK) refers (Special) to heapauxi.o(.text) for __use_two_region_memory
    startup_stm32f207xx.o(HEAP) refers (Special) to heapauxi.o(.text) for __use_two_region_memory
    startup_stm32f207xx.o(RESET) refers (Special) to heapauxi.o(.text) for __use_two_region_memory
    startup_stm32f207xx.o(RESET) refers to startup_stm32f207xx.o(STACK) for __initial_sp
    startup_stm32f207xx.o(RESET) refers to startup_stm32f207xx.o(.text) for Reset_Handler
    startup_stm32f207xx.o(RESET) refers to stm32f2xx_it.o(.text.NMI_Handler) for NMI_Handler
    startup_stm32f207xx.o(RESET) refers to stm32f2xx_it.o(.text.HardFault_Handler) for HardFault_Handler
    startup_stm32f207xx.o(RESET) refers to stm32f2xx_it.o(.text.MemManage_Handler) for MemManage_Handler
    startup_stm32f207xx.o(RESET) refers to stm32f2xx_it.o(.text.BusFault_Handler) for BusFault_Handler
    startup_stm32f207xx.o(RESET) refers to stm32f2xx_it.o(.text.UsageFault_Handler) for UsageFault_Handler
    startup_stm32f207xx.o(RESET) refers to stm32f2xx_it.o(.text.SVC_Handler) for SVC_Handler
    startup_stm32f207xx.o(RESET) refers to stm32f2xx_it.o(.text.DebugMon_Handler) for DebugMon_Handler
    startup_stm32f207xx.o(RESET) refers to stm32f2xx_it.o(.text.PendSV_Handler) for PendSV_Handler
    startup_stm32f207xx.o(RESET) refers to stm32f2xx_it.o(.text.SysTick_Handler) for SysTick_Handler
    startup_stm32f207xx.o(RESET) refers to stm32f2xx_it.o(.text.DMA1_Stream5_IRQHandler) for DMA1_Stream5_IRQHandler
    startup_stm32f207xx.o(RESET) refers to stm32f2xx_it.o(.text.USART1_IRQHandler) for USART1_IRQHandler
    startup_stm32f207xx.o(.text) refers (Special) to heapauxi.o(.text) for __use_two_region_memory
    startup_stm32f207xx.o(.text) refers to system_stm32f2xx.o(.text.SystemInit) for SystemInit
    startup_stm32f207xx.o(.text) refers to __main.o(!!!main) for __main
    startup_stm32f207xx.o(.text) refers to startup_stm32f207xx.o(HEAP) for Heap_Mem
    startup_stm32f207xx.o(.text) refers to startup_stm32f207xx.o(STACK) for Stack_Mem
    main.o(.text.Generate_Sine_Table) refers to main.o(.bss.sine_table) for sine_table
    main.o(.text.Generate_Sine_Table) refers to dflt_clz.o(x$fpl$dfltu) for __aeabi_ui2d
    main.o(.text.Generate_Sine_Table) refers to dmul.o(x$fpl$dmul) for __aeabi_dmul
    main.o(.text.Generate_Sine_Table) refers to d2f.o(x$fpl$d2f) for __aeabi_d2f
    main.o(.text.Generate_Sine_Table) refers to sinf.o(i.sinf) for sinf
    main.o(.text.Generate_Sine_Table) refers to fmul.o(x$fpl$fmul) for __aeabi_fmul
    main.o(.text.Generate_Sine_Table) refers to faddsub_clz.o(x$fpl$fadd) for __aeabi_fadd
    main.o(.text.Generate_Sine_Table) refers to ffix.o(x$fpl$ffix) for __aeabi_f2iz
    main.o(.ARM.exidx.text.Generate_Sine_Table) refers to main.o(.text.Generate_Sine_Table) for [Anonymous Symbol]
    main.o(.text.Set_Sine_Frequency) refers to fcmp.o(x$fpl$fcmp) for __aeabi_fcmple
    main.o(.text.Set_Sine_Frequency) refers to fmul.o(x$fpl$fmul) for __aeabi_fmul
    main.o(.text.Set_Sine_Frequency) refers to fdiv.o(x$fpl$fdiv) for __aeabi_fdiv
    main.o(.text.Set_Sine_Frequency) refers to faddsub_clz.o(x$fpl$fadd) for __aeabi_fadd
    main.o(.text.Set_Sine_Frequency) refers to ffixu.o(x$fpl$ffixu) for __aeabi_f2uiz
    main.o(.text.Set_Sine_Frequency) refers to main.o(.bss..L_MergedGlobals) for .L_MergedGlobals
    main.o(.text.Set_Sine_Frequency) refers to main.o(.bss.sine_table) for sine_table
    main.o(.text.Set_Sine_Frequency) refers to stm32f2xx_hal_dac.o(.text.HAL_DAC_Start_DMA) for HAL_DAC_Start_DMA
    main.o(.ARM.exidx.text.Set_Sine_Frequency) refers to main.o(.text.Set_Sine_Frequency) for [Anonymous Symbol]
    main.o(.text.Stop_Sine) refers to main.o(.bss..L_MergedGlobals) for .L_MergedGlobals
    main.o(.text.Stop_Sine) refers to stm32f2xx_hal_dac.o(.text.HAL_DAC_Stop_DMA) for HAL_DAC_Stop_DMA
    main.o(.text.Stop_Sine) refers to stm32f2xx_hal_dac.o(.text.HAL_DAC_SetValue) for HAL_DAC_SetValue
    main.o(.ARM.exidx.text.Stop_Sine) refers to main.o(.text.Stop_Sine) for [Anonymous Symbol]
    main.o(.text.HAL_UART_RxCpltCallback) refers to main.o(.bss..L_MergedGlobals) for .L_MergedGlobals
    main.o(.text.HAL_UART_RxCpltCallback) refers to main.o(.bss.huart1) for huart1
    main.o(.text.HAL_UART_RxCpltCallback) refers to stm32f2xx_hal_uart.o(.text.HAL_UART_Receive_IT) for HAL_UART_Receive_IT
    main.o(.ARM.exidx.text.HAL_UART_RxCpltCallback) refers to main.o(.text.HAL_UART_RxCpltCallback) for [Anonymous Symbol]
    main.o(.text.Process_Note_Command) refers to main.o(.bss..L_MergedGlobals) for .L_MergedGlobals
    main.o(.text.Process_Note_Command) refers to strlen.o(.text) for strlen
    main.o(.text.Process_Note_Command) refers to main.o(.data.notes_octave4) for notes_octave4
[...]
    ../clib/libinit.s                        0x00000000   Number         0  libinit.o ABSOLUTE
    ../clib/libinit.s                        0x00000000   Number         0  libinit2.o ABSOLUTE
    ../clib/libinit.s                        0x00000000   Number         0  libshutdown.o ABSOLUTE
    ../clib/libinit.s                        0x00000000   Number         0  libshutdown2.o ABSOLUTE
    ../clib/longlong.s                       0x00000000   Number         0  lludivv7m.o ABSOLUTE
    ../clib/memcpset.s                       0x00000000   Number         0  strcmpv7m.o ABSOLUTE
    ../clib/signal.c                         0x00000000   Number         0  defsig_fpe_outer.o ABSOLUTE
    ../clib/signal.c                         0x00000000   Number         0  defsig_fpe_formal.o ABSOLUTE
    ../clib/signal.c                         0x00000000   Number         0  defsig_exit.o ABSOLUTE
    ../clib/signal.c                         0x00000000   Number         0  defsig_fpe_inner.o ABSOLUTE
    ../clib/signal.c                         0x00000000   Number         0  __raise.o ABSOLUTE
    ../clib/signal.c                         0x00000000   Number         0  defsig_general.o ABSOLUTE
    ../clib/signal.c                         0x00000000   Number         0  defsig_abrt_inner.o ABSOLUTE
    ../clib/signal.c                         0x00000000   Number         0  defsig_rtred_inner.o ABSOLUTE
    ../clib/signal.c                         0x00000000   Number         0  defsig_rtmem_inner.o ABSOLUTE
    ../clib/signal.c                         0x00000000   Number         0  defsig_rtmem_outer.o ABSOLUTE
    ../clib/signal.c                         0x00000000   Number         0  defsig_rtmem_formal.o ABSOLUTE
    ../clib/signal.c                         0x00000000   Number         0  defsig_stak_inner.o ABSOLUTE
    ../clib/signal.c                         0x00000000   Number         0  defsig_pvfn_inner.o ABSOLUTE
    ../clib/signal.c                         0x00000000   Number         0  defsig_cppl_inner.o ABSOLUTE
    ../clib/signal.c                         0x00000000   Number         0  defsig_segv_inner.o ABSOLUTE
    ../clib/signal.c                         0x00000000   Number         0  defsig_other.o ABSOLUTE
    ../clib/signal.s                         0x00000000   Number         0  defsig.o ABSOLUTE
    ../clib/stdlib.c                         0x00000000   Number         0  exit.o ABSOLUTE
    ../clib/string.c                         0x00000000   Number         0  strlen.o ABSOLUTE
    ../fplib/d2f.s                           0x00000000   Number         0  d2f.o ABSOLUTE
    ../fplib/dflt.s                          0x00000000   Number         0  dflt_clz.o ABSOLUTE
    ../fplib/dmul.s                          0x00000000   Number         0  dmul.o ABSOLUTE
    ../fplib/dnaninf.s                       0x00000000   Number         0  dnaninf.o ABSOLUTE
    ../fplib/dretinf.s                       0x00000000   Number         0  dretinf.o ABSOLUTE
    ../fplib/faddsub.s                       0x00000000   Number         0  faddsub_clz.o ABSOLUTE
    ../fplib/fcheck1.s                       0x00000000   Number         0  fcheck1.o ABSOLUTE
    ../fplib/fcmp.s                          0x00000000   Number         0  fcmp.o ABSOLUTE
    ../fplib/fcmpi.s                         0x00000000   Number         0  fcmpi.o ABSOLUTE
    ../fplib/fdiv.s                          0x00000000   Number         0  fdiv.o ABSOLUTE
    ../fplib/feqf.s                          0x00000000   Number         0  feqf.o ABSOLUTE
    ../fplib/ffix.s                          0x00000000   Number         0  ffix.o ABSOLUTE
    ../fplib/ffixu.s                         0x00000000   Number         0  ffixu.o ABSOLUTE
    ../fplib/fflt.s                          0x00000000   Number         0  fflt_clz.o ABSOLUTE
    ../fplib/fgeqf.s                         0x00000000   Number         0  fgeqf.o ABSOLUTE
    ../fplib/fleqf.s                         0x00000000   Number         0  fleqf.o ABSOLUTE
    ../fplib/fmul.s                          0x00000000   Number         0  fmul.o ABSOLUTE
    ../fplib/fnaninf.s                       0x00000000   Number         0  fnaninf.o ABSOLUTE
    ../fplib/fpinit.s                        0x00000000   Number         0  fpinit.o ABSOLUTE
    ../fplib/fpinit_empty.s                  0x00000000   Number         0  fpinit_empty.o ABSOLUTE
    ../fplib/fretinf.s                       0x00000000   Number         0  fretinf.o ABSOLUTE
    ../fplib/frnd.s                          0x00000000   Number         0  frnd.o ABSOLUTE
    ../fplib/retnan.s                        0x00000000   Number         0  retnan.o ABSOLUTE
    ../fplib/scalbnf.s                       0x00000000   Number         0  scalbnf.o ABSOLUTE
    ../fplib/trapv.s                         0x00000000   Number         0  trapv.o ABSOLUTE
    ../fplib/usenofp.s                       0x00000000   Number         0  usenofp.o ABSOLUTE
    ../mathlib/fpclassifyf.c                 0x00000000   Number         0  fpclassifyf.o ABSOLUTE
    ../mathlib/funder.c                      0x00000000   Number         0  funder.o ABSOLUTE
    ../mathlib/rredf.c                       0x00000000   Number         0  rredf.o ABSOLUTE
    ../mathlib/sinf.c                        0x00000000   Number         0  sinf.o ABSOLUTE
    dc.s                                     0x00000000   Number         0  dc.o ABSOLUTE
    main.c                                   0x00000000   Number         0  main.o ABSOLUTE
    startup_stm32f207xx.s                    0x00000000   Number         0  startup_stm32f207xx.o ABSOLUTE
    stm32f2xx_hal.c                          0x00000000   Number         0  stm32f2xx_hal.o ABSOLUTE
    stm32f2xx_hal_cortex.c                   0x00000000   Number         0  stm32f2xx_hal_cortex.o ABSOLUTE
    stm32f2xx_hal_dac.c                      0x00000000   Number         0  stm32f2xx_hal_dac.o ABSOLUTE
    stm32f2xx_hal_dac_ex.c                   0x00000000   Number         0  stm32f2xx_hal_dac_ex.o ABSOLUTE
    stm32f2xx_hal_dma.c                      0x00000000   Number         0  stm32f2xx_hal_dma.o ABSOLUTE
    stm32f2xx_hal_dma_ex.c                   0x00000000   Number         0  stm32f2xx_hal_dma_ex.o ABSOLUTE
    stm32f2xx_hal_exti.c                     0x00000000   Number         0  stm32f2xx_hal_exti.o ABSOLUTE
    stm32f2xx_hal_flash.c                    0x00000000   Number         0  stm32f2xx_hal_flash.o ABSOLUTE
    stm32f2xx_hal_flash_ex.c                 0x00000000   Number         0  stm32f2xx_hal_flash_ex.o ABSOLUTE
    stm32f2xx_hal_gpio.c                     0x00000000   Number         0  stm32f2xx_hal_gpio.o ABSOLUTE
    stm32f2xx_hal_msp.c                      0x00000000   Number         0  stm32f2xx_hal_msp.o ABSOLUTE
    stm32f2xx_hal_pwr.c                      0x00000000   Number         0  stm32f2xx_hal_pwr.o ABSOLUTE
    stm32f2xx_hal_pwr_ex.c                   0x00000000   Number         0  stm32f2xx_hal_pwr_ex.o ABSOLUTE
    stm32f2xx_hal_rcc.c                      0x00000000   Number         0  stm32f2xx_hal_rcc.o ABSOLUTE
    stm32f2xx_hal_rcc_ex.c                   0x00000000   Number         0  stm32f2xx_hal_rcc_ex.o ABSOLUTE
    stm32f2xx_hal_tim.c                      0x00000000   Number         0  stm32f2xx_hal_tim.o ABSOLUTE
    stm32f2xx_hal_tim_ex.c                   0x00000000   Number         0  stm32f2xx_hal_tim_ex.o ABSOLUTE
    stm32f2xx_hal_uart.c                     0x00000000   Number         0  stm32f2xx_hal_uart.o ABSOLUTE
    stm32f2xx_it.c                           0x00000000   Number         0  stm32f2xx_it.o ABSOLUTE
    system_stm32f2xx.c                       0x00000000   Number         0  system_stm32f2xx.o ABSOLUTE
    RESET                                    0x08000000   Section      388  startup_stm32f207xx.o(RESET)
    !!!main                                  0x08000184   Section        8  __main.o(!!!main)
    !!!scatter                               0x0800018c   Section       92  __scatter.o(!!!scatter)
    !!handler_copy                           0x080001e8   Section       26  __scatter_copy.o(!!handler_copy)
    !!handler_null                           0x08000204   Section        2  __scatter.o(!!handler_null)
    !!handler_zi                             0x08000208   Section       28  __scatter_zi.o(!!handler_zi)
    .ARM.Collect$$libinit$$00000000          0x08000224   Section        2  libinit.o(.ARM.Collect$$libinit$$00000000)
    .ARM.Collect$$libinit$$00000002          0x08000226   Section        0  libinit2.o(.ARM.Collect$$libinit$$00000002)
    .ARM.Collect$$libinit$$00000004          0x08000226   Section        0  libinit2.o(.ARM.Collect$$libinit$$00000004)
    .ARM.Collect$$libinit$$00000006          0x08000226   Section        0  libinit2.o(.ARM.Collect$$libinit$$00000006)
    .ARM.Collect$$libinit$$0000000C          0x08000226   Section        0  libinit2.o(.ARM.Collect$$libinit$$0000000C)
    .ARM.Collect$$libinit$$0000000E          0x08000226   Section        0  libinit2.o(.ARM.Collect$$libinit$$0000000E)
    .ARM.Collect$$libinit$$00000010          0x08000226   Section        0  libinit2.o(.ARM.Collect$$libinit$$00000010)
    .ARM.Collect$$libinit$$00000013          0x08000226   Section        0  libinit2.o(.ARM.Collect$$libinit$$00000013)
    .ARM.Collect$$libinit$$00000015          0x08000226   Section        0  libinit2.o(.ARM.Collect$$libinit$$00000015)
    .ARM.Collect$$libinit$$00000017          0x08000226   Section        0  libinit2.o(.ARM.Collect$$libinit$$00000017)
    .ARM.Collect$$libinit$$00000019          0x08000226   Section        0  libinit2.o(.ARM.Collect$$libinit$$00000019)
    .ARM.Collect$$libinit$$0000001B          0x08000226   Section        0  libinit2.o(.ARM.Collect$$libinit$$0000001B)
    .ARM.Collect$$libinit$$0000001D          0x08000226   Section        0  libinit2.o(.ARM.Collect$$libinit$$0000001D)
    .ARM.Collect$$libinit$$0000001F          0x08000226   Section        0  libinit2.o(.ARM.Collect$$libinit$$0000001F)
    .ARM.Collect$$libinit$$00000021          0x08000226   Section        0  libinit2.o(.ARM.Collect$$libinit$$00000021)
    .ARM.Collect$$libinit$$00000023          0x08000226   Section        0  libinit2.o(.ARM.Collect$$libinit$$00000023)
    .ARM.Collect$$libinit$$00000025          0x08000226   Section        0  libinit2.o(.ARM.Collect$$libinit$$00000025)
    .ARM.Collect$$libinit$$00000027          0x08000226   Section        0  libinit2.o(.ARM.Collect$$libinit$$00000027)
    .ARM.Collect$$libinit$$0000002E          0x08000226   Section        0  libinit2.o(.ARM.Collect$$libinit$$0000002E)
    .ARM.Collect$$libinit$$00000030          0x08000226   Section        0  libinit2.o(.ARM.Collect$$libinit$$00000030)
    .ARM.Collect$$libinit$$00000032          0x08000226   Section        0  libinit2.o(.ARM.Collect$$libinit$$00000032)
    .ARM.Collect$$libinit$$00000034          0x08000226   Section        0  libinit2.o(.ARM.Collect$$libinit$$00000034)
    .ARM.Collect$$libinit$$00000035          0x08000226   Section        2  libinit2.o(.ARM.Collect$$libinit$$00000035)
    .ARM.Collect$$libshutdown$$00000000      0x08000228   Section        2  libshutdown.o(.ARM.Collect$$libshutdown$$00000000)
    .ARM.Collect$$libshutdown$$00000002      0x0800022a   Section        0  libshutdown2.o(.ARM.Collect$$libshutdown$$00000002)
    .ARM.Collect$$libshutdown$$00000004      0x0800022a   Section        0  libshutdown2.o(.ARM.Collect$$libshutdown$$00000004)
    .ARM.Collect$$libshutdown$$00000007      0x0800022a   Section        0  libshutdown2.o(.ARM.Collect$$libshutdown$$00000007)
    .ARM.Collect$$libshutdown$$0000000A      0x0800022a   Section        0  libshutdown2.o(.ARM.Collect$$libshutdown$$0000000A)
    .ARM.Collect$$libshutdown$$0000000C      0x0800022a   Section        0  libshutdown2.o(.ARM.Collect$$libshutdown$$0000000C)
    .ARM.Collect$$libshutdown$$0000000F      0x0800022a   Section        0  libshutdown2.o(.ARM.Collect$$libshutdown$$0000000F)
    .ARM.Collect$$libshutdown$$00000010      0x0800022a   Section        2  libshutdown2.o(.ARM.Collect$$libshutdown$$00000010)
    .ARM.Collect$$rtentry$$00000000          0x0800022c   Section        0  __rtentry.o(.ARM.Collect$$rtentry$$00000000)
    .ARM.Collect$$rtentry$$00000002          0x0800022c   Section        0  __rtentry2.o(.ARM.Collect$$rtentry$$00000002)
    .ARM.Collect$$rtentry$$00000004          0x0800022c   Section        6  __rtentry4.o(.ARM.Collect$$rtentry$$00000004)
    .ARM.Collect$$rtentry$$00000009          0x08000232   Section        0  __rtentry2.o(.ARM.Collect$$rtentry$$00000009)
    .ARM.Collect$$rtentry$$0000000A          0x08000232   Section        4  __rtentry2.o(.ARM.Collect$$rtentry$$0000000A)
    .ARM.Collect$$rtentry$$0000000C          0x08000236   Section        0  __rtentry2.o(.ARM.Collect$$rtentry$$0000000C)
    .ARM.Collect$$rtentry$$0000000D          0x08000236   Section        8  __rtentry2.o(.ARM.Collect$$rtentry$$0000000D)
    .ARM.Collect$$rtexit$$00000000           0x0800023e   Section        2  rtexit.o(.ARM.Collect$$rtexit$$00000000)
    .ARM.Collect$$rtexit$$00000002           0x08000240   Section        0  rtexit2.o(.ARM.Collect$$rtexit$$00000002)
    .ARM.Collect$$rtexit$$00000003           0x08000240   Section        4  rtexit2.o(.ARM.Collect$$rtexit$$00000003)
    .ARM.Collect$$rtexit$$00000004           0x08000244   Section        6  rtexit2.o(.ARM.Collect$$rtexit$$00000004)
    .text                                    0x0800024c   Section       64  startup_stm32f207xx.o(.text)
    .text                                    0x0800028c   Section      240  lludivv7m.o(.text)
    .text                                    0x0800037c   Section        0  strlen.o(.text)
    .text                                    0x080003bc   Section      128  strcmpv7m.o(.text)
    .text                                    0x0800043c   Section        0  heapauxi.o(.text)
    .text                                    0x08000442   Section        0  _rserrno.o(.text)
    .text                                    0x08000458   Section        8  rt_errno_addr_intlibspace.o(.text)
    .text                                    0x08000460   Section        8  libspace.o(.text)
    .text                                    0x08000468   Section       74  sys_stackheap_outer.o(.text)
    .text                                    0x080004b2   Section        0  exit.o(.text)
    .text                                    0x080004c4   Section        0  sys_exit.o(.text)
    .text                                    0x080004d0   Section        2  use_no_semi.o(.text)
    .text                                    0x080004d2   Section        0  indicate_semi.o(.text)
    [Anonymous Symbol]                       0x080004d4   Section        0  stm32f2xx_it.o(.text.BusFault_Handler)
    [Anonymous Symbol]                       0x080004d8   Section        0  stm32f2xx_hal_dac.o(.text.DAC_DMAConvCpltCh1)
    [Anonymous Symbol]                       0x080004e8   Section        0  stm32f2xx_hal_dac_ex.o(.text.DAC_DMAConvCpltCh2)
    [Anonymous Symbol]                       0x080004f8   Section        0  stm32f2xx_hal_dac.o(.text.DAC_DMAErrorCh1)
    [Anonymous Symbol]                       0x08000510   Section        0  stm32f2xx_hal_dac_ex.o(.text.DAC_DMAErrorCh2)
    [Anonymous Symbol]                       0x08000528   Section        0  stm32f2xx_hal_dac.o(.text.DAC_DMAHalfConvCpltCh1)
    [Anonymous Symbol]                       0x08000530   Section        0  stm32f2xx_hal_dac_ex.o(.text.DAC_DMAHalfConvCpltCh2)
    [Anonymous Symbol]                       0x08000538   Section        0  stm32f2xx_it.o(.text.DMA1_Stream5_IRQHandler)
    [Anonymous Symbol]                       0x08000544   Section        0  stm32f2xx_it.o(.text.DebugMon_Handler)
    [Anonymous Symbol]                       0x08000548   Section        0  main.o(.text.Error_Handler)
    [Anonymous Symbol]                       0x08000554   Section        0  stm32f2xx_hal_dac_ex.o(.text.HAL_DACEx_ConvCpltCallbackCh2)
    [Anonymous Symbol]                       0x08000558   Section        0  stm32f2xx_hal_dac_ex.o(.text.HAL_DACEx_ConvHalfCpltCallbackCh2)
    [Anonymous Symbol]                       0x0800055c   Section        0  stm32f2xx_hal_dac_ex.o(.text.HAL_DACEx_ErrorCallbackCh2)
    [Anonymous Symbol]                       0x08000560   Section        0  stm32f2xx_hal_dac.o(.text.HAL_DAC_ConfigChannel)
    [Anonymous Symbol]                       0x080005c0   Section        0  stm32f2xx_hal_dac.o(.text.HAL_DAC_ConvCpltCallbackCh1)
    [Anonymous Symbol]                       0x080005c4   Section        0  stm32f2xx_hal_dac.o(.text.HAL_DAC_ConvHalfCpltCallbackCh1)
    [Anonymous Symbol]                       0x080005c8   Section        0  stm32f2xx_hal_dac.o(.text.HAL_DAC_ErrorCallbackCh1)
    [Anonymous Symbol]                       0x080005cc   Section        0  stm32f2xx_hal_dac.o(.text.HAL_DAC_Init)
    [Anonymous Symbol]                       0x080005fc   Section        0  stm32f2xx_hal_msp.o(.text.HAL_DAC_MspInit)
    [Anonymous Symbol]                       0x080006b4   Section        0  stm32f2xx_hal_dac.o(.text.HAL_DAC_SetValue)
    [Anonymous Symbol]                       0x080006ec   Section        0  stm32f2xx_hal_dac.o(.text.HAL_DAC_Start)
    [Anonymous Symbol]                       0x0800074c   Section        0  stm32f2xx_hal_dac.o(.text.HAL_DAC_Start_DMA)
    [Anonymous Symbol]                       0x0800083c   Section        0  stm32f2xx_hal_dac.o(.text.HAL_DAC_Stop_DMA)
    [Anonymous Symbol]                       0x08000898   Section        0  stm32f2xx_hal_dma.o(.text.HAL_DMA_Abort)
    [Anonymous Symbol]                       0x08000928   Section        0  stm32f2xx_hal_dma.o(.text.HAL_DMA_Abort_IT)
    [Anonymous Symbol]                       0x0800094c   Section        0  stm32f2xx_hal_dma.o(.text.HAL_DMA_IRQHandler)
    [Anonymous Symbol]                       0x08000b10   Section        0  stm32f2xx_hal_dma.o(.text.HAL_DMA_Init)
    [Anonymous Symbol]                       0x08000c74   Section        0  stm32f2xx_hal_dma.o(.text.HAL_DMA_Start_IT)
    [Anonymous Symbol]                       0x08000d18   Section        0  stm32f2xx_hal_gpio.o(.text.HAL_GPIO_Init)
    [Anonymous Symbol]                       0x08000ec0   Section        0  stm32f2xx_hal.o(.text.HAL_GetTick)
    [Anonymous Symbol]                       0x08000ecc   Section        0  stm32f2xx_hal.o(.text.HAL_IncTick)
    [Anonymous Symbol]                       0x08000ee8   Section        0  stm32f2xx_hal.o(.text.HAL_Init)
    [Anonymous Symbol]                       0x08000f20   Section        0  stm32f2xx_hal.o(.text.HAL_InitTick)
    [Anonymous Symbol]                       0x08000f68   Section        0  stm32f2xx_hal_msp.o(.text.HAL_MspInit)
    [Anonymous Symbol]                       0x08000fa0   Section        0  stm32f2xx_hal_cortex.o(.text.HAL_NVIC_EnableIRQ)
    [Anonymous Symbol]                       0x08000fc4   Section        0  stm32f2xx_hal_cortex.o(.text.HAL_NVIC_SetPriority)
    [Anonymous Symbol]                       0x0800101c   Section        0  stm32f2xx_hal_cortex.o(.text.HAL_NVIC_SetPriorityGrouping)
    [Anonymous Symbol]                       0x0800103c   Section        0  stm32f2xx_hal_rcc.o(.text.HAL_RCC_ClockConfig)
    [Anonymous Symbol]                       0x080011fc   Section        0  stm32f2xx_hal_rcc.o(.text.HAL_RCC_GetPCLK1Freq)
    [Anonymous Symbol]                       0x08001224   Section        0  stm32f2xx_hal_rcc.o(.text.HAL_RCC_GetPCLK2Freq)
    [Anonymous Symbol]                       0x0800124c   Section        0  stm32f2xx_hal_rcc.o(.text.HAL_RCC_OscConfig)
    [Anonymous Symbol]                       0x080015ac   Section        0  stm32f2xx_hal_cortex.o(.text.HAL_SYSTICK_Config)
    [Anonymous Symbol]                       0x080015d8   Section        0  stm32f2xx_hal_tim_ex.o(.text.HAL_TIMEx_MasterConfigSynchronization)
    [Anonymous Symbol]                       0x08001694   Section        0  stm32f2xx_hal_tim.o(.text.HAL_TIM_Base_Init)
    [Anonymous Symbol]                       0x080016f0   Section        0  stm32f2xx_hal_msp.o(.text.HAL_TIM_Base_MspInit)
    [Anonymous Symbol]                       0x08001724   Section        0  stm32f2xx_hal_tim.o(.text.HAL_TIM_Base_Start)
    [Anonymous Symbol]                       0x080017c8   Section        0  stm32f2xx_hal_uart.o(.text.HAL_UARTEx_RxEventCallback)
    [Anonymous Symbol]                       0x080017cc   Section        0  stm32f2xx_hal_uart.o(.text.HAL_UART_ErrorCallback)
    [Anonymous Symbol]                       0x080017d0   Section        0  stm32f2xx_hal_uart.o(.text.HAL_UART_IRQHandler)
    [Anonymous Symbol]                       0x08001d40   Section        0  stm32f2xx_hal_uart.o(.text.HAL_UART_Init)
    [Anonymous Symbol]                       0x08001da0   Section        0  stm32f2xx_hal_msp.o(.text.HAL_UART_MspInit)
    [Anonymous Symbol]                       0x08001e28   Section        0  stm32f2xx_hal_uart.o(.text.HAL_UART_Receive_IT)
    [Anonymous Symbol]                       0x08001e7c   Section        0  main.o(.text.HAL_UART_RxCpltCallback)
    [Anonymous Symbol]                       0x08001e98   Section        0  stm32f2xx_hal_uart.o(.text.HAL_UART_TxCpltCallback)
    [Anonymous Symbol]                       0x08001e9c   Section        0  stm32f2xx_it.o(.text.HardFault_Handler)
    [Anonymous Symbol]                       0x08001ea0   Section        0  stm32f2xx_it.o(.text.MemManage_Handler)
    [Anonymous Symbol]                       0x08001ea4   Section        0  stm32f2xx_it.o(.text.NMI_Handler)
    [Anonymous Symbol]                       0x08001ea8   Section        0  stm32f2xx_it.o(.text.PendSV_Handler)
    [Anonymous Symbol]                       0x08001eac   Section        0  main.o(.text.Process_Note_Command)
    [Anonymous Symbol]                       0x08002090   Section        0  stm32f2xx_it.o(.text.SVC_Handler)
    [Anonymous Symbol]                       0x08002094   Section        0  stm32f2xx_it.o(.text.SysTick_Handler)
    [Anonymous Symbol]                       0x08002098   Section        0  system_stm32f2xx.o(.text.SystemInit)
    [Anonymous Symbol]                       0x0800209c   Section        0  stm32f2xx_hal_tim.o(.text.TIM_Base_SetConfig)
    UART_DMAAbortOnError                     0x080021e1   Thumb Code    12  stm32f2xx_hal_uart.o(.text.UART_DMAAbortOnError)
    [Anonymous Symbol]                       0x080021e0   Section        0  stm32f2xx_hal_uart.o(.text.UART_DMAAbortOnError)
    UART_Receive_IT                          0x080021ed   Thumb Code   254  stm32f2xx_hal_uart.o(.text.UART_Receive_IT)
    [Anonymous Symbol]                       0x080021ec   Section        0  stm32f2xx_hal_uart.o(.text.UART_Receive_IT)
    UART_SetConfig                           0x080022ed   Thumb Code   228  stm32f2xx_hal_uart.o(.text.UART_SetConfig)
    [Anonymous Symbol]                       0x080022ec   Section        0  stm32f2xx_hal_uart.o(.text.UART_SetConfig)
    [Anonymous Symbol]                       0x080023d0   Section        0  stm32f2xx_it.o(.text.USART1_IRQHandler)
    [Anonymous Symbol]                       0x080023dc   Section        0  stm32f2xx_it.o(.text.UsageFault_Handler)
    [Anonymous Symbol]                       0x080023e0   Section        0  main.o(.text.main)
    i.__ARM_fpclassifyf                      0x0800267a   Section        0  fpclassifyf.o(i.__ARM_fpclassifyf)
    i.__mathlib_flt_infnan                   0x080026a0   Section        0  funder.o(i.__mathlib_flt_infnan)
    i.__mathlib_flt_invalid                  0x080026a6   Section        0  funder.o(i.__mathlib_flt_invalid)
    i.__mathlib_flt_underflow                0x080026ae   Section        0  funder.o(i.__mathlib_flt_underflow)
    i.__mathlib_rredf2                       0x080026b8   Section        0  rredf.o(i.__mathlib_rredf2)
    i.sinf                                   0x08002820   Section        0  sinf.o(i.sinf)
    x$fpl$d2f                                0x080029a8   Section       98  d2f.o(x$fpl$d2f)
    x$fpl$dfltu                              0x08002a0a   Section       38  dflt_clz.o(x$fpl$dfltu)
    x$fpl$dmul                               0x08002a30   Section      340  dmul.o(x$fpl$dmul)
    x$fpl$dnaninf                            0x08002b84   Section      156  dnaninf.o(x$fpl$dnaninf)
    x$fpl$dretinf                            0x08002c20   Section       12  dretinf.o(x$fpl$dretinf)
    x$fpl$fadd                               0x08002c2c   Section      196  faddsub_clz.o(x$fpl$fadd)
    _fadd1                                   0x08002c3b   Thumb Code     0  faddsub_clz.o(x$fpl$fadd)
    x$fpl$fcheck1                            0x08002cf0   Section       12  fcheck1.o(x$fpl$fcheck1)
    x$fpl$fcmp                               0x08002cfc   Section       84  fcmp.o(x$fpl$fcmp)
    x$fpl$fcmpinf                            0x08002d50   Section       24  fcmpi.o(x$fpl$fcmpinf)
    _fdiv1                                   0x08002d69   Thumb Code     0  fdiv.o(x$fpl$fdiv)
    x$fpl$fdiv                               0x08002d68   Section      388  fdiv.o(x$fpl$fdiv)
    x$fpl$feqf                               0x08002eec   Section      104  feqf.o(x$fpl$feqf)
    x$fpl$ffix                               0x08002f54   Section       54  ffix.o(x$fpl$ffix)
    x$fpl$ffixu                              0x08002f8c   Section       62  ffixu.o(x$fpl$ffixu)
    x$fpl$fflt                               0x08002fcc   Section       48  fflt_clz.o(x$fpl$fflt)
    x$fpl$ffltu                              0x08002ffc   Section       38  fflt_clz.o(x$fpl$ffltu)
    x$fpl$fgeqf                              0x08003024   Section      104  fgeqf.o(x$fpl$fgeqf)
    x$fpl$fleqf                              0x0800308c   Section      104  fleqf.o(x$fpl$fleqf)
    x$fpl$fmul                               0x080030f4   Section      258  fmul.o(x$fpl$fmul)
    x$fpl$fnaninf                            0x080031f6   Section      140  fnaninf.o(x$fpl$fnaninf)
    x$fpl$fretinf                            0x08003282   Section       10  fretinf.o(x$fpl$fretinf)
    x$fpl$frnd                               0x0800328c   Section       96  frnd.o(x$fpl$frnd)
    x$fpl$frsb                               0x080032ec   Section       20  faddsub_clz.o(x$fpl$frsb)
    x$fpl$fsub                               0x08003300   Section      234  faddsub_clz.o(x$fpl$fsub)
    _fsub1                                   0x0800330f   Thumb Code     0  faddsub_clz.o(x$fpl$fsub)
    x$fpl$retnan                             0x080033ea   Section      100  retnan.o(x$fpl$retnan)
    x$fpl$scalbnf                            0x0800344e   Section       76  scalbnf.o(x$fpl$scalbnf)
    x$fpl$trapveneer                         0x0800349a   Section       48  trapv.o(x$fpl$trapveneer)
    x$fpl$usenofp                            0x080034ca   Section        0  usenofp.o(x$fpl$usenofp)
    twooverpi                                0x080034cc   Data          32  rredf.o(.constdata)
    .constdata                               0x080034cc   Section       32  rredf.o(.constdata)
    DMA_CalcBaseAndBitshift.flagBitshiftOffset 0x08003504   Data           8  stm32f2xx_hal_dma.o(.rodata.cst8)
    [Anonymous Symbol]                       0x08003504   Section        0  stm32f2xx_hal_dma.o(.rodata.cst8)
    [Anonymous Symbol]                       0x0800350c   Section        0  main.o(.rodata.str1.1)
    .L_MergedGlobals                         0x20000000   Data           8  stm32f2xx_hal.o(.data..L_MergedGlobals)
    [Anonymous Symbol]                       0x20000000   Section        0  stm32f2xx_hal.o(.data..L_MergedGlobals)
    .bss                                     0x20000070   Section       96  libspace.o(.bss)
    .L_MergedGlobals                         0x200000d0   Data         104  main.o(.bss..L_MergedGlobals)
    [Anonymous Symbol]                       0x200000d0   Section        0  main.o(.bss..L_MergedGlobals)
    Heap_Mem                                 0x200002e8   Data         512  startup_stm32f207xx.o(HEAP)
    HEAP                                     0x200002e8   Section      512  startup_stm32f207xx.o(HEAP)
    Stack_Mem                                0x200004e8   Data        1024  startup_stm32f207xx.o(STACK)
    STACK                                    0x200004e8   Section     1024  startup_stm32f207xx.o(STACK)
    __initial_sp                             0x200008e8   Data           0  startup_stm32f207xx.o(STACK)

    Global Symbols

    Symbol Name                              Value     Ov Type        Size  Object(Section)

    BuildAttributes$$THM_ISAv4$P$D$K$B$S$PE$A:L22UL41UL21$X:L11$S22US41US21$IEEE1$IW$~IW$USESV6$~STKCKD$USESV7$~SHL$OTIME$ROPI$IEEEX$EBA8$UX$STANDARDLIB$REQ8$PRES8$EABIv2 0x00000000   Number         0  anon$$obj.o ABSOLUTE
    __fp_init_empty                          0x00000000   Number         0  fpinit_empty.o ABSOLUTE
    __ARM_exceptions_init                     - Undefined Weak Reference
    __alloca_initialize                       - Undefined Weak Reference
    __arm_preinit_                            - Undefined Weak Reference
    __arm_relocate_pie_                       - Undefined Weak Reference
    __cpp_initialize__aeabi_                  - Undefined Weak Reference
    __cxa_finalize                            - Undefined Weak Reference
    __rt_locale                               - Undefined Weak Reference
    __sigvec_lookup                           - Undefined Weak Reference
    _atexit_init                              - Undefined Weak Reference
    _call_atexit_fns                          - Undefined Weak Reference
    _clock_init                               - Undefined Weak Reference
    _fp_trap_init                             - Undefined Weak Reference
    _fp_trap_shutdown                         - Undefined Weak Reference
    _get_lc_collate                           - Undefined Weak Reference
    _get_lc_ctype                             - Undefined Weak Reference
    _get_lc_monetary                          - Undefined Weak Reference
    _get_lc_numeric                           - Undefined Weak Reference
    _get_lc_time                              - Undefined Weak Reference
    _getenv_init                              - Undefined Weak Reference
    _handle_redirection                       - Undefined Weak Reference
    _init_alloc                               - Undefined Weak Reference
    _init_user_alloc                          - Undefined Weak Reference
    _initio                                   - Undefined Weak Reference
    _rand_init                                - Undefined Weak Reference
    _signal_finish                            - Undefined Weak Reference
    _signal_init                              - Undefined Weak Reference
    _terminate_alloc                          - Undefined Weak Reference
    _terminate_user_alloc                     - Undefined Weak Reference
    _terminateio                              - Undefined Weak Reference
    __Vectors_Size                           0x00000184   Number         0  startup_stm32f207xx.o ABSOLUTE
    __Vectors                                0x08000000   Data           4  startup_stm32f207xx.o(RESET)
    __Vectors_End                            0x08000184   Data           0  startup_stm32f207xx.o(RESET)
    __main                                   0x08000185   Thumb Code     8  __main.o(!!!main)
    __scatterload                            0x0800018d   Thumb Code     0  __scatter.o(!!!scatter)
    __scatterload_rt2                        0x0800018d   Thumb Code    84  __scatter.o(!!!scatter)
    __scatterload_rt2_thumb_only             0x0800018d   Thumb Code     0  __scatter.o(!!!scatter)
    __scatterload_loop                       0x08000197   Thumb Code     0  __scatter.o(!!!scatter)
    __scatterload_copy                       0x080001e9   Thumb Code    26  __scatter_copy.o(!!handler_copy)
    __scatterload_null                       0x08000205   Thumb Code     2  __scatter.o(!!handler_null)
    __scatterload_zeroinit                   0x08000209   Thumb Code    28  __scatter_zi.o(!!handler_zi)
    __rt_lib_init                            0x08000225   Thumb Code     0  libinit.o(.ARM.Collect$$libinit$$00000000)
    __rt_lib_init_alloca_1                   0x08000227   Thumb Code     0  libinit2.o(.ARM.Collect$$libinit$$00000030)
    __rt_lib_init_argv_1                     0x08000227   Thumb Code     0  libinit2.o(.ARM.Collect$$libinit$$0000002E)
    __rt_lib_init_atexit_1                   0x08000227   Thumb Code     0  libinit2.o(.ARM.Collect$$libinit$$0000001D)
    __rt_lib_init_clock_1                    0x08000227   Thumb Code     0  libinit2.o(.ARM.Collect$$libinit$$00000023)
    __rt_lib_init_cpp_1                      0x08000227   Thumb Code     0  libinit2.o(.ARM.Collect$$libinit$$00000034)
    __rt_lib_init_exceptions_1               0x08000227   Thumb Code     0  libinit2.o(.ARM.Collect$$libinit$$00000032)
    __rt_lib_init_fp_1                       0x08000227   Thumb Code     0  libinit2.o(.ARM.Collect$$libinit$$00000002)
    __rt_lib_init_fp_trap_1                  0x08000227   Thumb Code     0  libinit2.o(.ARM.Collect$$libinit$$00000021)
    __rt_lib_init_getenv_1                   0x08000227   Thumb Code     0  libinit2.o(.ARM.Collect$$libinit$$00000025)
    __rt_lib_init_heap_1                     0x08000227   Thumb Code     0  libinit2.o(.ARM.Collect$$libinit$$0000000C)
    __rt_lib_init_lc_collate_1               0x08000227   Thumb Code     0  libinit2.o(.ARM.Collect$$libinit$$00000013)
    __rt_lib_init_lc_ctype_1                 0x08000227   Thumb Code     0  libinit2.o(.ARM.Collect$$libinit$$00000015)
    __rt_lib_init_lc_monetary_1              0x08000227   Thumb Code     0  libinit2.o(.ARM.Collect$$libinit$$00000017)
    __rt_lib_init_lc_numeric_1               0x08000227   Thumb Code     0  libinit2.o(.ARM.Collect$$libinit$$00000019)
    __rt_lib_init_lc_time_1                  0x08000227   Thumb Code     0  libinit2.o(.ARM.Collect$$libinit$$0000001B)
    __rt_lib_init_preinit_1                  0x08000227   Thumb Code     0  libinit2.o(.ARM.Collect$$libinit$$00000006)
    __rt_lib_init_rand_1                     0x08000227   Thumb Code     0  libinit2.o(.ARM.Collect$$libinit$$00000010)
    __rt_lib_init_relocate_pie_1             0x08000227   Thumb Code     0  libinit2.o(.ARM.Collect$$libinit$$00000004)
    __rt_lib_init_return                     0x08000227   Thumb Code     0  libinit2.o(.ARM.Collect$$libinit$$00000035)
    __rt_lib_init_signal_1                   0x08000227   Thumb Code     0  libinit2.o(.ARM.Collect$$libinit$$0000001F)
    __rt_lib_init_stdio_1                    0x08000227   Thumb Code     0  libinit2.o(.ARM.Collect$$libinit$$00000027)
    __rt_lib_init_user_alloc_1               0x08000227   Thumb Code     0  libinit2.o(.ARM.Collect$$libinit$$0000000E)
    __rt_lib_shutdown                        0x08000229   Thumb Code     0  libshutdown.o(.ARM.Collect$$libshutdown$$00000000)
    __rt_lib_shutdown_cpp_1                  0x0800022b   Thumb Code     0  libshutdown2.o(.ARM.Collect$$libshutdown$$00000002)
    __rt_lib_shutdown_fp_trap_1              0x0800022b   Thumb Code     0  libshutdown2.o(.ARM.Collect$$libshutdown$$00000007)
    __rt_lib_shutdown_heap_1                 0x0800022b   Thumb Code     0  libshutdown2.o(.ARM.Collect$$libshutdown$$0000000F)
    __rt_lib_shutdown_return                 0x0800022b   Thumb Code     0  libshutdown2.o(.ARM.Collect$$libshutdown$$00000010)
    __rt_lib_shutdown_signal_1               0x0800022b   Thumb Code     0  libshutdown2.o(.ARM.Collect$$libshutdown$$0000000A)
    __rt_lib_shutdown_stdio_1                0x0800022b   Thumb Code     0  libshutdown2.o(.ARM.Collect$$libshutdown$$00000004)
    __rt_lib_shutdown_user_alloc_1           0x0800022b   Thumb Code     0  libshutdown2.o(.ARM.Collect$$libshutdown$$0000000C)
    __rt_entry                               0x0800022d   Thumb Code     0  __rtentry.o(.ARM.Collect$$rtentry$$00000000)
    __rt_entry_presh_1                       0x0800022d   Thumb Code     0  __rtentry2.o(.ARM.Collect$$rtentry$$00000002)
    __rt_entry_sh                            0x0800022d   Thumb Code     0  __rtentry4.o(.ARM.Collect$$rtentry$$00000004)
    __rt_entry_li                            0x08000233   Thumb Code     0  __rtentry2.o(.ARM.Collect$$rtentry$$0000000A)
    __rt_entry_postsh_1                      0x08000233   Thumb Code     0  __rtentry2.o(.ARM.Collect$$rtentry$$00000009)
    __rt_entry_main                          0x08000237   Thumb Code     0  __rtentry2.o(.ARM.Collect$$rtentry$$0000000D)
    __rt_entry_postli_1                      0x08000237   Thumb Code     0  __rtentry2.o(.ARM.Collect$$rtentry$$0000000C)
    __rt_exit                                0x0800023f   Thumb Code     0  rtexit.o(.ARM.Collect$$rtexit$$00000000)
    __rt_exit_ls                             0x08000241   Thumb Code     0  rtexit2.o(.ARM.Collect$$rtexit$$00000003)
    __rt_exit_prels_1                        0x08000241   Thumb Code     0  rtexit2.o(.ARM.Collect$$rtexit$$00000002)
    __rt_exit_exit                           0x08000245   Thumb Code     0  rtexit2.o(.ARM.Collect$$rtexit$$00000004)
    Reset_Handler                            0x0800024d   Thumb Code     8  startup_stm32f207xx.o(.text)
    ADC_IRQHandler                           0x08000267   Thumb Code     0  startup_stm32f207xx.o(.text)
    CAN1_RX0_IRQHandler                      0x08000267   Thumb Code     0  startup_stm32f207xx.o(.text)
    CAN1_RX1_IRQHandler                      0x08000267   Thumb Code     0  startup_stm32f207xx.o(.text)
    CAN1_SCE_IRQHandler                      0x08000267   Thumb Code     0  startup_stm32f207xx.o(.text)
    CAN1_TX_IRQHandler                       0x08000267   Thumb Code     0  startup_stm32f207xx.o(.text)
    CAN2_RX0_IRQHandler                      0x08000267   Thumb Code     0  startup_stm32f207xx.o(.text)
    CAN2_RX1_IRQHandler                      0x08000267   Thumb Code     0  startup_stm32f207xx.o(.text)
    CAN2_SCE_IRQHandler                      0x08000267   Thumb Code     0  startup_stm32f207xx.o(.text)
    CAN2_TX_IRQHandler                       0x08000267   Thumb Code     0  startup_stm32f207xx.o(.text)
    DCMI_IRQHandler                          0x08000267   Thumb Code     0  startup_stm32f207xx.o(.text)
    DMA1_Stream0_IRQHandler                  0x08000267   Thumb Code     0  startup_stm32f207xx.o(.text)
    DMA1_Stream1_IRQHandler                  0x08000267   Thumb Code     0  startup_stm32f207xx.o(.text)
    DMA1_Stream2_IRQHandler                  0x08000267   Thumb Code     0  startup_stm32f207xx.o(.text)
    DMA1_Stream3_IRQHandler                  0x08000267   Thumb Code     0  startup_stm32f207xx.o(.text)
    DMA1_Stream4_IRQHandler                  0x08000267   Thumb Code     0  startup_stm32f207xx.o(.text)
    DMA1_Stream6_IRQHandler                  0x08000267   Thumb Code     0  startup_stm32f207xx.o(.text)
    DMA1_Stream7_IRQHandler                  0x08000267   Thumb Code     0  startup_stm32f207xx.o(.text)
    DMA2_Stream0_IRQHandler                  0x08000267   Thumb Code     0  startup_stm32f207xx.o(.text)
    DMA2_Stream1_IRQHandler                  0x08000267   Thumb Code     0  startup_stm32f207xx.o(.text)
    DMA2_Stream2_IRQHandler                  0x08000267   Thumb Code     0  startup_stm32f207xx.o(.text)
    DMA2_Stream3_IRQHandler                  0x08000267   Thumb Code     0  startup_stm32f207xx.o(.text)
    DMA2_Stream4_IRQHandler                  0x08000267   Thumb Code     0  startup_stm32f207xx.o(.text)
    DMA2_Stream5_IRQHandler                  0x08000267   Thumb Code     0  startup_stm32f207xx.o(.text)
    DMA2_Stream6_IRQHandler                  0x08000267   Thumb Code     0  startup_stm32f207xx.o(.text)
    DMA2_Stream7_IRQHandler                  0x08000267   Thumb Code     0  startup_stm32f207xx.o(.text)
    ETH_IRQHandler                           0x08000267   Thumb Code     0  startup_stm32f207xx.o(.text)
    ETH_WKUP_IRQHandler                      0x08000267   Thumb Code     0  startup_stm32f207xx.o(.text)
    EXTI0_IRQHandler                         0x08000267   Thumb Code     0  startup_stm32f207xx.o(.text)
    EXTI15_10_IRQHandler                     0x08000267   Thumb Code     0  startup_stm32f207xx.o(.text)
    EXTI1_IRQHandler                         0x08000267   Thumb Code     0  startup_stm32f207xx.o(.text)
    EXTI2_IRQHandler                         0x08000267   Thumb Code     0  startup_stm32f207xx.o(.text)
    EXTI3_IRQHandler                         0x08000267   Thumb Code     0  startup_stm32f207xx.o(.text)
    EXTI4_IRQHandler                         0x08000267   Thumb Code     0  startup_stm32f207xx.o(.text)
    EXTI9_5_IRQHandler                       0x08000267   Thumb Code     0  startup_stm32f207xx.o(.text)
    FLASH_IRQHandler                         0x08000267   Thumb Code     0  startup_stm32f207xx.o(.text)
    FSMC_IRQHandler                          0x08000267   Thumb Code     0  startup_stm32f207xx.o(.text)
    HASH_RNG_IRQHandler                      0x08000267   Thumb Code     0  startup_stm32f207xx.o(.text)
    I2C1_ER_IRQHandler                       0x08000267   Thumb Code     0  startup_stm32f207xx.o(.text)
    I2C1_EV_IRQHandler                       0x08000267   Thumb Code     0  startup_stm32f207xx.o(.text)
    I2C2_ER_IRQHandler                       0x08000267   Thumb Code     0  startup_stm32f207xx.o(.text)
    I2C2_EV_IRQHandler                       0x08000267   Thumb Code     0  startup_stm32f207xx.o(.text)
    I2C3_ER_IRQHandler                       0x08000267   Thumb Code     0  startup_stm32f207xx.o(.text)
    I2C3_EV_IRQHandler                       0x08000267   Thumb Code     0  startup_stm32f207xx.o(.text)
    OTG_FS_IRQHandler                        0x08000267   Thumb Code     0  startup_stm32f207xx.o(.text)
    OTG_FS_WKUP_IRQHandler                   0x08000267   Thumb Code     0  startup_stm32f207xx.o(.text)
    OTG_HS_EP1_IN_IRQHandler                 0x08000267   Thumb Code     0  startup_stm32f207xx.o(.text)
    OTG_HS_EP1_OUT_IRQHandler                0x08000267   Thumb Code     0  startup_stm32f207xx.o(.text)
    OTG_HS_IRQHandler                        0x08000267   Thumb Code     0  startup_stm32f207xx.o(.text)
    OTG_HS_WKUP_IRQHandler                   0x08000267   Thumb Code     0  startup_stm32f207xx.o(.text)
    PVD_IRQHandler                           0x08000267   Thumb Code     0  startup_stm32f207xx.o(.text)
    RCC_IRQHandler                           0x08000267   Thumb Code     0  startup_stm32f207xx.o(.text)
    RTC_Alarm_IRQHandler                     0x08000267   Thumb Code     0  startup_stm32f207xx.o(.text)
    RTC_WKUP_IRQHandler                      0x08000267   Thumb Code     0  startup_stm32f207xx.o(.text)
    SDIO_IRQHandler                          0x08000267   Thumb Code     0  startup_stm32f207xx.o(.text)
    SPI1_IRQHandler                          0x08000267   Thumb Code     0  startup_stm32f207xx.o(.text)
    SPI2_IRQHandler                          0x08000267   Thumb Code     0  startup_stm32f207xx.o(.text)
    SPI3_IRQHandler                          0x08000267   Thumb Code     0  startup_stm32f207xx.o(.text)
    TAMP_STAMP_IRQHandler                    0x08000267   Thumb Code     0  startup_stm32f207xx.o(.text)
    TIM1_BRK_TIM9_IRQHandler                 0x08000267   Thumb Code     0  startup_stm32f207xx.o(.text)
    TIM1_CC_IRQHandler                       0x08000267   Thumb Code     0  startup_stm32f207xx.o(.text)
    TIM1_TRG_COM_TIM11_IRQHandler            0x08000267   Thumb Code     0  startup_stm32f207xx.o(.text)
    TIM1_UP_TIM10_IRQHandler                 0x08000267   Thumb Code     0  startup_stm32f207xx.o(.text)
    TIM2_IRQHandler                          0x08000267   Thumb Code     0  startup_stm32f207xx.o(.text)
    TIM3_IRQHandler                          0x08000267   Thumb Code     0  startup_stm32f207xx.o(.text)
    TIM4_IRQHandler                          0x08000267   Thumb Code     0  startup_stm32f207xx.o(.text)
    TIM5_IRQHandler                          0x08000267   Thumb Code     0  startup_stm32f207xx.o(.text)
    TIM6_DAC_IRQHandler                      0x08000267   Thumb Code     0  startup_stm32f207xx.o(.text)
    TIM7_IRQHandler                          0x08000267   Thumb Code     0  startup_stm32f207xx.o(.text)
    TIM8_BRK_TIM12_IRQHandler                0x08000267   Thumb Code     0  startup_stm32f207xx.o(.text)
    TIM8_CC_IRQHandler                       0x08000267   Thumb Code     0  startup_stm32f207xx.o(.text)
    TIM8_TRG_COM_TIM14_IRQHandler            0x08000267   Thumb Code     0  startup_stm32f207xx.o(.text)
    TIM8_UP_TIM13_IRQHandler                 0x08000267   Thumb Code     0  startup_stm32f207xx.o(.text)
    UART4_IRQHandler                         0x08000267   Thumb Code     0  startup_stm32f207xx.o(.text)
    UART5_IRQHandler                         0x08000267   Thumb Code     0  startup_stm32f207xx.o(.text)
    USART2_IRQHandler                        0x08000267   Thumb Code     0  startup_stm32f207xx.o(.text)
    USART3_IRQHandler                        0x08000267   Thumb Code     0  startup_stm32f207xx.o(.text)
    USART6_IRQHandler                        0x08000267   Thumb Code     0  startup_stm32f207xx.o(.text)
    WWDG_IRQHandler                          0x08000267   Thumb Code     0  startup_stm32f207xx.o(.text)
    __user_initial_stackheap                 0x08000269   Thumb Code     0  startup_stm32f207xx.o(.text)
    __aeabi_uldivmod                         0x0800028d   Thumb Code     0  lludivv7m.o(.text)
    _ll_udiv                                 0x0800028d   Thumb Code   240  lludivv7m.o(.text)
    strlen                                   0x0800037d   Thumb Code    62  strlen.o(.text)
    strcmp                                   0x080003bd   Thumb Code   128  strcmpv7m.o(.text)
    __use_two_region_memory                  0x0800043d   Thumb Code     2  heapauxi.o(.text)
    __rt_heap_escrow$2region                 0x0800043f   Thumb Code     2  heapauxi.o(.text)
    __rt_heap_expand$2region                 0x08000441   Thumb Code     2  heapauxi.o(.text)
    __read_errno                             0x08000443   Thumb Code    10  _rserrno.o(.text)
    __set_errno                              0x0800044d   Thumb Code    12  _rserrno.o(.text)
    __aeabi_errno_addr                       0x08000459   Thumb Code     8  rt_errno_addr_intlibspace.o(.text)
    __errno$intlibspace                      0x08000459   Thumb Code     0  rt_errno_addr_intlibspace.o(.text)
    __rt_errno_addr$intlibspace              0x08000459   Thumb Code     0  rt_errno_addr_intlibspace.o(.text)
    __user_libspace                          0x08000461   Thumb Code     8  libspace.o(.text)
    __user_perproc_libspace                  0x08000461   Thumb Code     0  libspace.o(.text)
    __user_perthread_libspace                0x08000461   Thumb Code     0  libspace.o(.text)
    __user_setup_stackheap                   0x08000469   Thumb Code    74  sys_stackheap_outer.o(.text)
    exit                                     0x080004b3   Thumb Code    18  exit.o(.text)
    _sys_exit                                0x080004c5   Thumb Code     8  sys_exit.o(.text)
    __I$use$semihosting                      0x080004d1   Thumb Code     0  use_no_semi.o(.text)
    __use_no_semihosting_swi                 0x080004d1   Thumb Code     2  use_no_semi.o(.text)
    __semihosting_library_function           0x080004d3   Thumb Code     0  indicate_semi.o(.text)
    BusFault_Handler                         0x080004d5   Thumb Code     2  stm32f2xx_it.o(.text.BusFault_Handler)
    DAC_DMAConvCpltCh1                       0x080004d9   Thumb Code    16  stm32f2xx_hal_dac.o(.text.DAC_DMAConvCpltCh1)
    DAC_DMAConvCpltCh2                       0x080004e9   Thumb Code    16  stm32f2xx_hal_dac_ex.o(.text.DAC_DMAConvCpltCh2)
    DAC_DMAErrorCh1                          0x080004f9   Thumb Code    24  stm32f2xx_hal_dac.o(.text.DAC_DMAErrorCh1)
    DAC_DMAErrorCh2                          0x08000511   Thumb Code    24  stm32f2xx_hal_dac_ex.o(.text.DAC_DMAErrorCh2)
    DAC_DMAHalfConvCpltCh1                   0x08000529   Thumb Code     6  stm32f2xx_hal_dac.o(.text.DAC_DMAHalfConvCpltCh1)
    DAC_DMAHalfConvCpltCh2                   0x08000531   Thumb Code     6  stm32f2xx_hal_dac_ex.o(.text.DAC_DMAHalfConvCpltCh2)
    DMA1_Stream5_IRQHandler                  0x08000539   Thumb Code    12  stm32f2xx_it.o(.text.DMA1_Stream5_IRQHandler)
    DebugMon_Handler                         0x08000545   Thumb Code     2  stm32f2xx_it.o(.text.DebugMon_Handler)
    Error_Handler                            0x08000549   Thumb Code    10  main.o(.text.Error_Handler)
    HAL_DACEx_ConvCpltCallbackCh2            0x08000555   Thumb Code     2  stm32f2xx_hal_dac_ex.o(.text.HAL_DACEx_ConvCpltCallbackCh2)
    HAL_DACEx_ConvHalfCpltCallbackCh2        0x08000559   Thumb Code     2  stm32f2xx_hal_dac_ex.o(.text.HAL_DACEx_ConvHalfCpltCallbackCh2)
    HAL_DACEx_ErrorCallbackCh2               0x0800055d   Thumb Code     2  stm32f2xx_hal_dac_ex.o(.text.HAL_DACEx_ErrorCallbackCh2)
    HAL_DAC_ConfigChannel                    0x08000561   Thumb Code    94  stm32f2xx_hal_dac.o(.text.HAL_DAC_ConfigChannel)
    HAL_DAC_ConvCpltCallbackCh1              0x080005c1   Thumb Code     2  stm32f2xx_hal_dac.o(.text.HAL_DAC_ConvCpltCallbackCh1)
    HAL_DAC_ConvHalfCpltCallbackCh1          0x080005c5   Thumb Code     2  stm32f2xx_hal_dac.o(.text.HAL_DAC_ConvHalfCpltCallbackCh1)
    HAL_DAC_ErrorCallbackCh1                 0x080005c9   Thumb Code     2  stm32f2xx_hal_dac.o(.text.HAL_DAC_ErrorCallbackCh1)
    HAL_DAC_Init                             0x080005cd   Thumb Code    46  stm32f2xx_hal_dac.o(.text.HAL_DAC_Init)
    HAL_DAC_MspInit                          0x080005fd   Thumb Code   182  stm32f2xx_hal_msp.o(.text.HAL_DAC_MspInit)
    HAL_DAC_SetValue                         0x080006b5   Thumb Code    54  stm32f2xx_hal_dac.o(.text.HAL_DAC_SetValue)
    HAL_DAC_Start                            0x080006ed   Thumb Code    96  stm32f2xx_hal_dac.o(.text.HAL_DAC_Start)
    HAL_DAC_Start_DMA                        0x0800074d   Thumb Code   240  stm32f2xx_hal_dac.o(.text.HAL_DAC_Start_DMA)
    HAL_DAC_Stop_DMA                         0x0800083d   Thumb Code    90  stm32f2xx_hal_dac.o(.text.HAL_DAC_Stop_DMA)
    HAL_DMA_Abort                            0x08000899   Thumb Code   142  stm32f2xx_hal_dma.o(.text.HAL_DMA_Abort)
    HAL_DMA_Abort_IT                         0x08000929   Thumb Code    36  stm32f2xx_hal_dma.o(.text.HAL_DMA_Abort_IT)
    HAL_DMA_IRQHandler                       0x0800094d   Thumb Code   452  stm32f2xx_hal_dma.o(.text.HAL_DMA_IRQHandler)
    HAL_DMA_Init                             0x08000b11   Thumb Code   354  stm32f2xx_hal_dma.o(.text.HAL_DMA_Init)
    HAL_DMA_Start_IT                         0x08000c75   Thumb Code   162  stm32f2xx_hal_dma.o(.text.HAL_DMA_Start_IT)
    HAL_GPIO_Init                            0x08000d19   Thumb Code   422  stm32f2xx_hal_gpio.o(.text.HAL_GPIO_Init)
    HAL_GetTick                              0x08000ec1   Thumb Code    12  stm32f2xx_hal.o(.text.HAL_GetTick)
    HAL_IncTick                              0x08000ecd   Thumb Code    26  stm32f2xx_hal.o(.text.HAL_IncTick)
    HAL_Init                                 0x08000ee9   Thumb Code    54  stm32f2xx_hal.o(.text.HAL_Init)
    HAL_InitTick                             0x08000f21   Thumb Code    72  stm32f2xx_hal.o(.text.HAL_InitTick)
    HAL_MspInit                              0x08000f69   Thumb Code    56  stm32f2xx_hal_msp.o(.text.HAL_MspInit)
    HAL_NVIC_EnableIRQ                       0x08000fa1   Thumb Code    34  stm32f2xx_hal_cortex.o(.text.HAL_NVIC_EnableIRQ)
    HAL_NVIC_SetPriority                     0x08000fc5   Thumb Code    86  stm32f2xx_hal_cortex.o(.text.HAL_NVIC_SetPriority)
    HAL_NVIC_SetPriorityGrouping             0x0800101d   Thumb Code    32  stm32f2xx_hal_cortex.o(.text.HAL_NVIC_SetPriorityGrouping)
    HAL_RCC_ClockConfig                      0x0800103d   Thumb Code   448  stm32f2xx_hal_rcc.o(.text.HAL_RCC_ClockConfig)
    HAL_RCC_GetPCLK1Freq                     0x080011fd   Thumb Code    38  stm32f2xx_hal_rcc.o(.text.HAL_RCC_GetPCLK1Freq)
    HAL_RCC_GetPCLK2Freq                     0x08001225   Thumb Code    38  stm32f2xx_hal_rcc.o(.text.HAL_RCC_GetPCLK2Freq)
    HAL_RCC_OscConfig                        0x0800124d   Thumb Code   864  stm32f2xx_hal_rcc.o(.text.HAL_RCC_OscConfig)
    HAL_SYSTICK_Config                       0x080015ad   Thumb Code    44  stm32f2xx_hal_cortex.o(.text.HAL_SYSTICK_Config)
    HAL_TIMEx_MasterConfigSynchronization    0x080015d9   Thumb Code   186  stm32f2xx_hal_tim_ex.o(.text.HAL_TIMEx_MasterConfigSynchronization)
    HAL_TIM_Base_Init                        0x08001695   Thumb Code    90  stm32f2xx_hal_tim.o(.text.HAL_TIM_Base_Init)
    HAL_TIM_Base_MspInit                     0x080016f1   Thumb Code    52  stm32f2xx_hal_msp.o(.text.HAL_TIM_Base_MspInit)
    HAL_TIM_Base_Start                       0x08001725   Thumb Code   162  stm32f2xx_hal_tim.o(.text.HAL_TIM_Base_Start)
    HAL_UARTEx_RxEventCallback               0x080017c9   Thumb Code     2  stm32f2xx_hal_uart.o(.text.HAL_UARTEx_RxEventCallback)
    HAL_UART_ErrorCallback                   0x080017cd   Thumb Code     2  stm32f2xx_hal_uart.o(.text.HAL_UART_ErrorCallback)
    HAL_UART_IRQHandler                      0x080017d1   Thumb Code  1392  stm32f2xx_hal_uart.o(.text.HAL_UART_IRQHandler)
    HAL_UART_Init                            0x08001d41   Thumb Code    96  stm32f2xx_hal_uart.o(.text.HAL_UART_Init)
    HAL_UART_MspInit                         0x08001da1   Thumb Code   134  stm32f2xx_hal_msp.o(.text.HAL_UART_MspInit)
    HAL_UART_Receive_IT                      0x08001e29   Thumb Code    84  stm32f2xx_hal_uart.o(.text.HAL_UART_Receive_IT)
    HAL_UART_RxCpltCallback                  0x08001e7d   Thumb Code    28  main.o(.text.HAL_UART_RxCpltCallback)
    HAL_UART_TxCpltCallback                  0x08001e99   Thumb Code     2  stm32f2xx_hal_uart.o(.text.HAL_UART_TxCpltCallback)
    HardFault_Handler                        0x08001e9d   Thumb Code     2  stm32f2xx_it.o(.text.HardFault_Handler)
    MemManage_Handler                        0x08001ea1   Thumb Code     2  stm32f2xx_it.o(.text.MemManage_Handler)
    NMI_Handler                              0x08001ea5   Thumb Code     2  stm32f2xx_it.o(.text.NMI_Handler)
    PendSV_Handler                           0x08001ea9   Thumb Code     2  stm32f2xx_it.o(.text.PendSV_Handler)
    Process_Note_Command                     0x08001ead   Thumb Code   482  main.o(.text.Process_Note_Command)
    SVC_Handler                              0x08002091   Thumb Code     2  stm32f2xx_it.o(.text.SVC_Handler)
    SysTick_Handler                          0x08002095   Thumb Code     4  stm32f2xx_it.o(.text.SysTick_Handler)
    SystemInit                               0x08002099   Thumb Code     2  system_stm32f2xx.o(.text.SystemInit)
    TIM_Base_SetConfig                       0x0800209d   Thumb Code   324  stm32f2xx_hal_tim.o(.text.TIM_Base_SetConfig)
    USART1_IRQHandler                        0x080023d1   Thumb Code    12  stm32f2xx_it.o(.text.USART1_IRQHandler)
    UsageFault_Handler                       0x080023dd   Thumb Code     2  stm32f2xx_it.o(.text.UsageFault_Handler)
    main                                     0x080023e1   Thumb Code   666  main.o(.text.main)
    __ARM_fpclassifyf                        0x0800267b   Thumb Code    38  fpclassifyf.o(i.__ARM_fpclassifyf)
    __mathlib_flt_infnan                     0x080026a1   Thumb Code     6  funder.o(i.__mathlib_flt_infnan)
    __mathlib_flt_invalid                    0x080026a7   Thumb Code     8  funder.o(i.__mathlib_flt_invalid)
    __mathlib_flt_underflow                  0x080026af   Thumb Code    10  funder.o(i.__mathlib_flt_underflow)
    __mathlib_rredf2                         0x080026b9   Thumb Code   344  rredf.o(i.__mathlib_rredf2)
    sinf                                     0x08002821   Thumb Code   338  sinf.o(i.sinf)
    __aeabi_d2f                              0x080029a9   Thumb Code     0  d2f.o(x$fpl$d2f)
    _d2f                                     0x080029a9   Thumb Code    98  d2f.o(x$fpl$d2f)
    __aeabi_ui2d                             0x08002a0b   Thumb Code     0  dflt_clz.o(x$fpl$dfltu)
    _dfltu                                   0x08002a0b   Thumb Code    38  dflt_clz.o(x$fpl$dfltu)
    __aeabi_dmul                             0x08002a31   Thumb Code     0  dmul.o(x$fpl$dmul)
    _dmul                                    0x08002a31   Thumb Code   332  dmul.o(x$fpl$dmul)
    __fpl_dnaninf                            0x08002b85   Thumb Code   156  dnaninf.o(x$fpl$dnaninf)
    __fpl_dretinf                            0x08002c21   Thumb Code    12  dretinf.o(x$fpl$dretinf)
    __aeabi_fadd                             0x08002c2d   Thumb Code     0  faddsub_clz.o(x$fpl$fadd)
    _fadd                                    0x08002c2d   Thumb Code   196  faddsub_clz.o(x$fpl$fadd)
    __fpl_fcheck_NaN1                        0x08002cf1   Thumb Code     6  fcheck1.o(x$fpl$fcheck1)
    __aeabi_fcmpeq                           0x08002cfd   Thumb Code     0  fcmp.o(x$fpl$fcmp)
    _feq                                     0x08002cfd   Thumb Code    14  fcmp.o(x$fpl$fcmp)
    _fneq                                    0x08002d0b   Thumb Code    14  fcmp.o(x$fpl$fcmp)
    __aeabi_fcmpgt                           0x08002d19   Thumb Code     0  fcmp.o(x$fpl$fcmp)
    _fgr                                     0x08002d19   Thumb Code    14  fcmp.o(x$fpl$fcmp)
    __aeabi_fcmpge                           0x08002d27   Thumb Code     0  fcmp.o(x$fpl$fcmp)
    _fgeq                                    0x08002d27   Thumb Code    14  fcmp.o(x$fpl$fcmp)
    __aeabi_fcmple                           0x08002d35   Thumb Code     0  fcmp.o(x$fpl$fcmp)
    _fleq                                    0x08002d35   Thumb Code    14  fcmp.o(x$fpl$fcmp)
    __aeabi_fcmplt                           0x08002d43   Thumb Code     0  fcmp.o(x$fpl$fcmp)
    _fls                                     0x08002d43   Thumb Code    14  fcmp.o(x$fpl$fcmp)
    __fpl_fcmp_Inf                           0x08002d51   Thumb Code    24  fcmpi.o(x$fpl$fcmpinf)
    __aeabi_fdiv                             0x08002d69   Thumb Code     0  fdiv.o(x$fpl$fdiv)
    _fdiv                                    0x08002d69   Thumb Code   384  fdiv.o(x$fpl$fdiv)
    __aeabi_cfcmpeq                          0x08002eed   Thumb Code     0  feqf.o(x$fpl$feqf)
    _fcmpeq                                  0x08002eed   Thumb Code   104  feqf.o(x$fpl$feqf)
    __aeabi_f2iz                             0x08002f55   Thumb Code     0  ffix.o(x$fpl$ffix)
    _ffix                                    0x08002f55   Thumb Code    54  ffix.o(x$fpl$ffix)
    __aeabi_f2uiz                            0x08002f8d   Thumb Code     0  ffixu.o(x$fpl$ffixu)
    _ffixu                                   0x08002f8d   Thumb Code    62  ffixu.o(x$fpl$ffixu)
    __aeabi_i2f                              0x08002fcd   Thumb Code     0  fflt_clz.o(x$fpl$fflt)
    _fflt                                    0x08002fcd   Thumb Code    48  fflt_clz.o(x$fpl$fflt)
    __aeabi_ui2f                             0x08002ffd   Thumb Code     0  fflt_clz.o(x$fpl$ffltu)
    _ffltu                                   0x08002ffd   Thumb Code    38  fflt_clz.o(x$fpl$ffltu)
    _fcmpge                                  0x08003025   Thumb Code   104  fgeqf.o(x$fpl$fgeqf)
    __aeabi_cfcmple                          0x0800308d   Thumb Code     0  fleqf.o(x$fpl$fleqf)
    _fcmple                                  0x0800308d   Thumb Code   104  fleqf.o(x$fpl$fleqf)
    __fpl_fcmple_InfNaN                      0x080030df   Thumb Code     0  fleqf.o(x$fpl$fleqf)
    __aeabi_fmul                             0x080030f5   Thumb Code     0  fmul.o(x$fpl$fmul)
    _fmul                                    0x080030f5   Thumb Code   258  fmul.o(x$fpl$fmul)
    __fpl_fnaninf                            0x080031f7   Thumb Code   140  fnaninf.o(x$fpl$fnaninf)
    __fpl_fretinf                            0x08003283   Thumb Code    10  fretinf.o(x$fpl$fretinf)
    _frnd                                    0x0800328d   Thumb Code    96  frnd.o(x$fpl$frnd)
    __aeabi_frsub                            0x080032ed   Thumb Code     0  faddsub_clz.o(x$fpl$frsb)
    _frsb                                    0x080032ed   Thumb Code    20  faddsub_clz.o(x$fpl$frsb)
    __aeabi_fsub                             0x08003301   Thumb Code     0  faddsub_clz.o(x$fpl$fsub)
    _fsub                                    0x08003301   Thumb Code   234  faddsub_clz.o(x$fpl$fsub)
    __fpl_return_NaN                         0x080033eb   Thumb Code   100  retnan.o(x$fpl$retnan)
    __ARM_scalbnf                            0x0800344f   Thumb Code    76  scalbnf.o(x$fpl$scalbnf)
    __fpl_cmpreturn                          0x0800349b   Thumb Code    48  trapv.o(x$fpl$trapveneer)
    __I$use$fp                               0x080034ca   Number         0  usenofp.o(x$fpl$usenofp)
    AHBPrescTable                            0x080034ec   Data          16  system_stm32f2xx.o(.rodata.AHBPrescTable)
    APBPrescTable                            0x080034fc   Data           8  system_stm32f2xx.o(.rodata.APBPrescTable)
    Region$$Table$$Base                      0x08003538   Number         0  anon$$obj.o(Region$$Table)
    Region$$Table$$Limit                     0x08003558   Number         0  anon$$obj.o(Region$$Table)
    uwTickFreq                               0x20000000   Data           1  stm32f2xx_hal.o(.data..L_MergedGlobals)
    uwTickPrio                               0x20000004   Data           4  stm32f2xx_hal.o(.data..L_MergedGlobals)
    SystemCoreClock                          0x20000008   Data           4  system_stm32f2xx.o(.data.SystemCoreClock)
    notes_octave4                            0x2000000c   Data          96  main.o(.data.notes_octave4)
    __libspace_start                         0x20000070   Data          96  libspace.o(.bss)
    __temporary_stack_top$libspace           0x200000d0   Data           0  libspace.o(.bss)
    uart_rx_ready                            0x200000d0   Data           1  main.o(.bss..L_MergedGlobals)
    uart_rx_buffer                           0x200000d1   Data           8  main.o(.bss..L_MergedGlobals)
    hdac                                     0x200000dc   Data          20  main.o(.bss..L_MergedGlobals)
    htim6                                    0x200000f0   Data          72  main.o(.bss..L_MergedGlobals)
    hdma_dac1                                0x20000138   Data          96  main.o(.bss.hdma_dac1)
    huart1                                   0x20000198   Data          72  main.o(.bss.huart1)
    sine_table                               0x200001e0   Data         256  main.o(.bss.sine_table)
    uwTick                                   0x200002e0   Data           4  stm32f2xx_hal.o(.bss.uwTick)



==============================================================================

Memory Map of the image

  Image Entry point : 0x08000185

  Load Region LR_IROM1 (Base: 0x08000000, Size: 0x000035c8, Max: 0x00100000, ABSOLUTE)

    Execution Region ER_IROM1 (Exec base: 0x08000000, Load base: 0x08000000, Size: 0x00003558, Max: 0x00100000, ABSOLUTE)

    Exec Addr    Load Addr    Size         Type   Attr      Idx    E Section Name        Object

    0x08000000   0x08000000   0x00000184   Data   RO            3    RESET               startup_stm32f207xx.o
    0x08000184   0x08000184   0x00000008   Code   RO         1016  * !!!main             c_w.l(__main.o)
    0x0800018c   0x0800018c   0x0000005c   Code   RO         1286    !!!scatter          c_w.l(__scatter.o)
    0x080001e8   0x080001e8   0x0000001a   Code   RO         1290    !!handler_copy      c_w.l(__scatter_copy.o)
    0x08000202   0x08000202   0x00000002   PAD
    0x08000204   0x08000204   0x00000002   Code   RO         1287    !!handler_null      c_w.l(__scatter.o)
    0x08000206   0x08000206   0x00000002   PAD
    0x08000208   0x08000208   0x0000001c   Code   RO         1292    !!handler_zi        c_w.l(__scatter_zi.o)
    0x08000224   0x08000224   0x00000002   Code   RO         1145    .ARM.Collect$$libinit$$00000000  c_w.l(libinit.o)
    0x08000226   0x08000226   0x00000000   Code   RO         1157    .ARM.Collect$$libinit$$00000002  c_w.l(libinit2.o)
    0x08000226   0x08000226   0x00000000   Code   RO         1159    .ARM.Collect$$libinit$$00000004  c_w.l(libinit2.o)
    0x08000226   0x08000226   0x00000000   Code   RO         1161    .ARM.Collect$$libinit$$00000006  c_w.l(libinit2.o)
    0x08000226   0x08000226   0x00000000   Code   RO         1164    .ARM.Collect$$libinit$$0000000C  c_w.l(libinit2.o)
    0x08000226   0x08000226   0x00000000   Code   RO         1166    .ARM.Collect$$libinit$$0000000E  c_w.l(libinit2.o)
    0x08000226   0x08000226   0x00000000   Code   RO         1168    .ARM.Collect$$libinit$$00000010  c_w.l(libinit2.o)
    0x08000226   0x08000226   0x00000000   Code   RO         1171    .ARM.Collect$$libinit$$00000013  c_w.l(libinit2.o)
    0x08000226   0x08000226   0x00000000   Code   RO         1173    .ARM.Collect$$libinit$$00000015  c_w.l(libinit2.o)
    0x08000226   0x08000226   0x00000000   Code   RO         1175    .ARM.Collect$$libinit$$00000017  c_w.l(libinit2.o)
    0x08000226   0x08000226   0x00000000   Code   RO         1177    .ARM.Collect$$libinit$$00000019  c_w.l(libinit2.o)
    0x08000226   0x08000226   0x00000000   Code   RO         1179    .ARM.Collect$$libinit$$0000001B  c_w.l(libinit2.o)
    0x08000226   0x08000226   0x00000000   Code   RO         1181    .ARM.Collect$$libinit$$0000001D  c_w.l(libinit2.o)
    0x08000226   0x08000226   0x00000000   Code   RO         1183    .ARM.Collect$$libinit$$0000001F  c_w.l(libinit2.o)
    0x08000226   0x08000226   0x00000000   Code   RO         1185    .ARM.Collect$$libinit$$00000021  c_w.l(libinit2.o)
    0x08000226   0x08000226   0x00000000   Code   RO         1187    .ARM.Collect$$libinit$$00000023  c_w.l(libinit2.o)
    0x08000226   0x08000226   0x00000000   Code   RO         1189    .ARM.Collect$$libinit$$00000025  c_w.l(libinit2.o)
    0x08000226   0x08000226   0x00000000   Code   RO         1191    .ARM.Collect$$libinit$$00000027  c_w.l(libinit2.o)
    0x08000226   0x08000226   0x00000000   Code   RO         1195    .ARM.Collect$$libinit$$0000002E  c_w.l(libinit2.o)
    0x08000226   0x08000226   0x00000000   Code   RO         1197    .ARM.Collect$$libinit$$00000030  c_w.l(libinit2.o)
    0x08000226   0x08000226   0x00000000   Code   RO         1199    .ARM.Collect$$libinit$$00000032  c_w.l(libinit2.o)
    0x08000226   0x08000226   0x00000000   Code   RO         1201    .ARM.Collect$$libinit$$00000034  c_w.l(libinit2.o)
    0x08000226   0x08000226   0x00000002   Code   RO         1202    .ARM.Collect$$libinit$$00000035  c_w.l(libinit2.o)
    0x08000228   0x08000228   0x00000002   Code   RO         1241    .ARM.Collect$$libshutdown$$00000000  c_w.l(libshutdown.o)
    0x0800022a   0x0800022a   0x00000000   Code   RO         1269    .ARM.Collect$$libshutdown$$00000002  c_w.l(libshutdown2.o)
    0x0800022a   0x0800022a   0x00000000   Code   RO         1271    .ARM.Collect$$libshutdown$$00000004  c_w.l(libshutdown2.o)
    0x0800022a   0x0800022a   0x00000000   Code   RO         1274    .ARM.Collect$$libshutdown$$00000007  c_w.l(libshutdown2.o)
    0x0800022a   0x0800022a   0x00000000   Code   RO         1277    .ARM.Collect$$libshutdown$$0000000A  c_w.l(libshutdown2.o)
    0x0800022a   0x0800022a   0x00000000   Code   RO         1279    .ARM.Collect$$libshutdown$$0000000C  c_w.l(libshutdown2.o)
    0x0800022a   0x0800022a   0x00000000   Code   RO         1282    .ARM.Collect$$libshutdown$$0000000F  c_w.l(libshutdown2.o)
    0x0800022a   0x0800022a   0x00000002   Code   RO         1283    .ARM.Collect$$libshutdown$$00000010  c_w.l(libshutdown2.o)
    0x0800022c   0x0800022c   0x00000000   Code   RO         1054    .ARM.Collect$$rtentry$$00000000  c_w.l(__rtentry.o)
    0x0800022c   0x0800022c   0x00000000   Code   RO         1098    .ARM.Collect$$rtentry$$00000002  c_w.l(__rtentry2.o)
    0x0800022c   0x0800022c   0x00000006   Code   RO         1110    .ARM.Collect$$rtentry$$00000004  c_w.l(__rtentry4.o)
    0x08000232   0x08000232   0x00000000   Code   RO         1100    .ARM.Collect$$rtentry$$00000009  c_w.l(__rtentry2.o)
    0x08000232   0x08000232   0x00000004   Code   RO         1101    .ARM.Collect$$rtentry$$0000000A  c_w.l(__rtentry2.o)
    0x08000236   0x08000236   0x00000000   Code   RO         1103    .ARM.Collect$$rtentry$$0000000C  c_w.l(__rtentry2.o)
    0x08000236   0x08000236   0x00000008   Code   RO         1104    .ARM.Collect$$rtentry$$0000000D  c_w.l(__rtentry2.o)
    0x0800023e   0x0800023e   0x00000002   Code   RO         1148    .ARM.Collect$$rtexit$$00000000  c_w.l(rtexit.o)
    0x08000240   0x08000240   0x00000000   Code   RO         1210    .ARM.Collect$$rtexit$$00000002  c_w.l(rtexit2.o)
    0x08000240   0x08000240   0x00000004   Code   RO         1211    .ARM.Collect$$rtexit$$00000003  c_w.l(rtexit2.o)
    0x08000244   0x08000244   0x00000006   Code   RO         1212    .ARM.Collect$$rtexit$$00000004  c_w.l(rtexit2.o)
    0x0800024a   0x0800024a   0x00000002   PAD
    0x0800024c   0x0800024c   0x00000040   Code   RO            4    .text               startup_stm32f207xx.o
    0x0800028c   0x0800028c   0x000000f0   Code   RO         1008    .text               c_w.l(lludivv7m.o)
    0x0800037c   0x0800037c   0x0000003e   Code   RO         1010    .text               c_w.l(strlen.o)
    0x080003ba   0x080003ba   0x00000002   PAD
    0x080003bc   0x080003bc   0x00000080   Code   RO         1012    .text               c_w.l(strcmpv7m.o)
    0x0800043c   0x0800043c   0x00000006   Code   RO         1014    .text               c_w.l(heapauxi.o)
    0x08000442   0x08000442   0x00000016   Code   RO         1059    .text               c_w.l(_rserrno.o)
    0x08000458   0x08000458   0x00000008   Code   RO         1117    .text               c_w.l(rt_errno_addr_intlibspace.o)
    0x08000460   0x08000460   0x00000008   Code   RO         1129    .text               c_w.l(libspace.o)
    0x08000468   0x08000468   0x0000004a   Code   RO         1132    .text               c_w.l(sys_stackheap_outer.o)
    0x080004b2   0x080004b2   0x00000012   Code   RO         1134    .text               c_w.l(exit.o)
    0x080004c4   0x080004c4   0x0000000c   Code   RO         1205    .text               c_w.l(sys_exit.o)
    0x080004d0   0x080004d0   0x00000002   Code   RO         1230    .text               c_w.l(use_no_semi.o)
    0x080004d2   0x080004d2   0x00000000   Code   RO         1232    .text               c_w.l(indicate_semi.o)
    0x080004d2   0x080004d2   0x00000002   PAD
    0x080004d4   0x080004d4   0x00000002   Code   RO           48    .text.BusFault_Handler  stm32f2xx_it.o
    0x080004d6   0x080004d6   0x00000002   PAD
    0x080004d8   0x080004d8   0x00000010   Code   RO          107    .text.DAC_DMAConvCpltCh1  stm32f2xx_hal_dac.o
    0x080004e8   0x080004e8   0x00000010   Code   RO          163    .text.DAC_DMAConvCpltCh2  stm32f2xx_hal_dac_ex.o
    0x080004f8   0x080004f8   0x00000018   Code   RO          111    .text.DAC_DMAErrorCh1  stm32f2xx_hal_dac.o
    0x08000510   0x08000510   0x00000018   Code   RO          167    .text.DAC_DMAErrorCh2  stm32f2xx_hal_dac_ex.o
    0x08000528   0x08000528   0x00000006   Code   RO          109    .text.DAC_DMAHalfConvCpltCh1  stm32f2xx_hal_dac.o
    0x0800052e   0x0800052e   0x00000002   PAD
    0x08000530   0x08000530   0x00000006   Code   RO          165    .text.DAC_DMAHalfConvCpltCh2  stm32f2xx_hal_dac_ex.o
    0x08000536   0x08000536   0x00000002   PAD
    0x08000538   0x08000538   0x0000000c   Code   RO           60    .text.DMA1_Stream5_IRQHandler  stm32f2xx_it.o
    0x08000544   0x08000544   0x00000002   Code   RO           54    .text.DebugMon_Handler  stm32f2xx_it.o
    0x08000546   0x08000546   0x00000002   PAD
    0x08000548   0x08000548   0x0000000a   Code   RO           25    .text.Error_Handler  main.o
    0x08000552   0x08000552   0x00000002   PAD
    0x08000554   0x08000554   0x00000002   Code   RO          153    .text.HAL_DACEx_ConvCpltCallbackCh2  stm32f2xx_hal_dac_ex.o
    0x08000556   0x08000556   0x00000002   PAD
    0x08000558   0x08000558   0x00000002   Code   RO          155    .text.HAL_DACEx_ConvHalfCpltCallbackCh2  stm32f2xx_hal_dac_ex.o
    0x0800055a   0x0800055a   0x00000002   PAD
    0x0800055c   0x0800055c   0x00000002   Code   RO          157    .text.HAL_DACEx_ErrorCallbackCh2  stm32f2xx_hal_dac_ex.o
    0x0800055e   0x0800055e   0x00000002   PAD
    0x08000560   0x08000560   0x0000005e   Code   RO          129    .text.HAL_DAC_ConfigChannel  stm32f2xx_hal_dac.o
    0x080005be   0x080005be   0x00000002   PAD
    0x080005c0   0x080005c0   0x00000002   Code   RO          121    .text.HAL_DAC_ConvCpltCallbackCh1  stm32f2xx_hal_dac.o
    0x080005c2   0x080005c2   0x00000002   PAD
    0x080005c4   0x080005c4   0x00000002   Code   RO          123    .text.HAL_DAC_ConvHalfCpltCallbackCh1  stm32f2xx_hal_dac.o
    0x080005c6   0x080005c6   0x00000002   PAD
    0x080005c8   0x080005c8   0x00000002   Code   RO          125    .text.HAL_DAC_ErrorCallbackCh1  stm32f2xx_hal_dac.o
    0x080005ca   0x080005ca   0x00000002   PAD
    0x080005cc   0x080005cc   0x0000002e   Code   RO           93    .text.HAL_DAC_Init  stm32f2xx_hal_dac.o
    0x080005fa   0x080005fa   0x00000002   PAD
    0x080005fc   0x080005fc   0x000000b6   Code   RO           73    .text.HAL_DAC_MspInit  stm32f2xx_hal_msp.o
    0x080006b2   0x080006b2   0x00000002   PAD
    0x080006b4   0x080006b4   0x00000036   Code   RO          119    .text.HAL_DAC_SetValue  stm32f2xx_hal_dac.o
    0x080006ea   0x080006ea   0x00000002   PAD
    0x080006ec   0x080006ec   0x00000060   Code   RO          101    .text.HAL_DAC_Start  stm32f2xx_hal_dac.o
    0x0800074c   0x0800074c   0x000000f0   Code   RO          105    .text.HAL_DAC_Start_DMA  stm32f2xx_hal_dac.o
    0x0800083c   0x0800083c   0x0000005a   Code   RO          113    .text.HAL_DAC_Stop_DMA  stm32f2xx_hal_dac.o
    0x08000896   0x08000896   0x00000002   PAD
    0x08000898   0x08000898   0x0000008e   Code   RO          486    .text.HAL_DMA_Abort  stm32f2xx_hal_dma.o
    0x08000926   0x08000926   0x00000002   PAD
    0x08000928   0x08000928   0x00000024   Code   RO          488    .text.HAL_DMA_Abort_IT  stm32f2xx_hal_dma.o
    0x0800094c   0x0800094c   0x000001c4   Code   RO          492    .text.HAL_DMA_IRQHandler  stm32f2xx_hal_dma.o
    0x08000b10   0x08000b10   0x00000162   Code   RO          478    .text.HAL_DMA_Init  stm32f2xx_hal_dma.o
    0x08000c72   0x08000c72   0x00000002   PAD
    0x08000c74   0x08000c74   0x000000a2   Code   RO          484    .text.HAL_DMA_Start_IT  stm32f2xx_hal_dma.o
    0x08000d16   0x08000d16   0x00000002   PAD
    0x08000d18   0x08000d18   0x000001a6   Code   RO          454    .text.HAL_GPIO_Init  stm32f2xx_hal_gpio.o
    0x08000ebe   0x08000ebe   0x00000002   PAD
    0x08000ec0   0x08000ec0   0x0000000c   Code   RO          189    .text.HAL_GetTick   stm32f2xx_hal.o
    0x08000ecc   0x08000ecc   0x0000001a   Code   RO          187    .text.HAL_IncTick   stm32f2xx_hal.o
    0x08000ee6   0x08000ee6   0x00000002   PAD
    0x08000ee8   0x08000ee8   0x00000036   Code   RO          177    .text.HAL_Init      stm32f2xx_hal.o
    0x08000f1e   0x08000f1e   0x00000002   PAD
    0x08000f20   0x08000f20   0x00000048   Code   RO          179    .text.HAL_InitTick  stm32f2xx_hal.o
    0x08000f68   0x08000f68   0x00000038   Code   RO           71    .text.HAL_MspInit   stm32f2xx_hal_msp.o
    0x08000fa0   0x08000fa0   0x00000022   Code   RO          297    .text.HAL_NVIC_EnableIRQ  stm32f2xx_hal_cortex.o
    0x08000fc2   0x08000fc2   0x00000002   PAD
    0x08000fc4   0x08000fc4   0x00000056   Code   RO          295    .text.HAL_NVIC_SetPriority  stm32f2xx_hal_cortex.o
    0x0800101a   0x0800101a   0x00000002   PAD
    0x0800101c   0x0800101c   0x00000020   Code   RO          293    .text.HAL_NVIC_SetPriorityGrouping  stm32f2xx_hal_cortex.o
    0x0800103c   0x0800103c   0x000001c0   Code   RO          245    .text.HAL_RCC_ClockConfig  stm32f2xx_hal_rcc.o
    0x080011fc   0x080011fc   0x00000026   Code   RO          257    .text.HAL_RCC_GetPCLK1Freq  stm32f2xx_hal_rcc.o
    0x08001222   0x08001222   0x00000002   PAD
    0x08001224   0x08001224   0x00000026   Code   RO          259    .text.HAL_RCC_GetPCLK2Freq  stm32f2xx_hal_rcc.o
    0x0800124a   0x0800124a   0x00000002   PAD
    0x0800124c   0x0800124c   0x00000360   Code   RO          243    .text.HAL_RCC_OscConfig  stm32f2xx_hal_rcc.o
    0x080015ac   0x080015ac   0x0000002c   Code   RO          305    .text.HAL_SYSTICK_Config  stm32f2xx_hal_cortex.o
    0x080015d8   0x080015d8   0x000000ba   Code   RO          846    .text.HAL_TIMEx_MasterConfigSynchronization  stm32f2xx_hal_tim_ex.o
    0x08001692   0x08001692   0x00000002   PAD
    0x08001694   0x08001694   0x0000005a   Code   RO          551    .text.HAL_TIM_Base_Init  stm32f2xx_hal_tim.o
    0x080016ee   0x080016ee   0x00000002   PAD
    0x080016f0   0x080016f0   0x00000034   Code   RO           77    .text.HAL_TIM_Base_MspInit  stm32f2xx_hal_msp.o
    0x08001724   0x08001724   0x000000a2   Code   RO          561    .text.HAL_TIM_Base_Start  stm32f2xx_hal_tim.o
    0x080017c6   0x080017c6   0x00000002   PAD
    0x080017c8   0x080017c8   0x00000002   Code   RO          956    .text.HAL_UARTEx_RxEventCallback  stm32f2xx_hal_uart.o
    0x080017ca   0x080017ca   0x00000002   PAD
    0x080017cc   0x080017cc   0x00000002   Code   RO          954    .text.HAL_UART_ErrorCallback  stm32f2xx_hal_uart.o
    0x080017ce   0x080017ce   0x00000002   PAD
    0x080017d0   0x080017d0   0x00000570   Code   RO          948    .text.HAL_UART_IRQHandler  stm32f2xx_hal_uart.o
    0x08001d40   0x08001d40   0x00000060   Code   RO          870    .text.HAL_UART_Init  stm32f2xx_hal_uart.o
    0x08001da0   0x08001da0   0x00000086   Code   RO           81    .text.HAL_UART_MspInit  stm32f2xx_hal_msp.o
    0x08001e26   0x08001e26   0x00000002   PAD
    0x08001e28   0x08001e28   0x00000054   Code   RO          892    .text.HAL_UART_Receive_IT  stm32f2xx_hal_uart.o
    0x08001e7c   0x08001e7c   0x0000001c   Code   RO           17    .text.HAL_UART_RxCpltCallback  main.o
    0x08001e98   0x08001e98   0x00000002   Code   RO          958    .text.HAL_UART_TxCpltCallback  stm32f2xx_hal_uart.o
    0x08001e9a   0x08001e9a   0x00000002   PAD
    0x08001e9c   0x08001e9c   0x00000002   Code   RO           44    .text.HardFault_Handler  stm32f2xx_it.o
    0x08001e9e   0x08001e9e   0x00000002   PAD
    0x08001ea0   0x08001ea0   0x00000002   Code   RO           46    .text.MemManage_Handler  stm32f2xx_it.o
    0x08001ea2   0x08001ea2   0x00000002   PAD
    0x08001ea4   0x08001ea4   0x00000002   Code   RO           42    .text.NMI_Handler   stm32f2xx_it.o
    0x08001ea6   0x08001ea6   0x00000002   PAD
    0x08001ea8   0x08001ea8   0x00000002   Code   RO           56    .text.PendSV_Handler  stm32f2xx_it.o
    0x08001eaa   0x08001eaa   0x00000002   PAD
    0x08001eac   0x08001eac   0x000001e2   Code   RO           19    .text.Process_Note_Command  main.o
    0x0800208e   0x0800208e   0x00000002   PAD
    0x08002090   0x08002090   0x00000002   Code   RO           52    .text.SVC_Handler   stm32f2xx_it.o
    0x08002092   0x08002092   0x00000002   PAD
    0x08002094   0x08002094   0x00000004   Code   RO           58    .text.SysTick_Handler  stm32f2xx_it.o
    0x08002098   0x08002098   0x00000002   Code   RO          992    .text.SystemInit    system_stm32f2xx.o
    0x0800209a   0x0800209a   0x00000002   PAD
    0x0800209c   0x0800209c   0x00000144   Code   RO          555    .text.TIM_Base_SetConfig  stm32f2xx_hal_tim.o
    0x080021e0   0x080021e0   0x0000000c   Code   RO          952    .text.UART_DMAAbortOnError  stm32f2xx_hal_uart.o
    0x080021ec   0x080021ec   0x000000fe   Code   RO          950    .text.UART_Receive_IT  stm32f2xx_hal_uart.o
    0x080022ea   0x080022ea   0x00000002   PAD
    0x080022ec   0x080022ec   0x000000e4   Code   RO          874    .text.UART_SetConfig  stm32f2xx_hal_uart.o
    0x080023d0   0x080023d0   0x0000000c   Code   RO           62    .text.USART1_IRQHandler  stm32f2xx_it.o
    0x080023dc   0x080023dc   0x00000002   Code   RO           50    .text.UsageFault_Handler  stm32f2xx_it.o
    0x080023de   0x080023de   0x00000002   PAD
    0x080023e0   0x080023e0   0x0000029a   Code   RO           21    .text.main          main.o
    0x0800267a   0x0800267a   0x00000026   Code   RO         1078    i.__ARM_fpclassifyf  m_ws.l(fpclassifyf.o)
    0x080026a0   0x080026a0   0x00000006   Code   RO         1081    i.__mathlib_flt_infnan  m_ws.l(funder.o)
    0x080026a6   0x080026a6   0x00000008   Code   RO         1083    i.__mathlib_flt_invalid  m_ws.l(funder.o)
    0x080026ae   0x080026ae   0x0000000a   Code   RO         1086    i.__mathlib_flt_underflow  m_ws.l(funder.o)
    0x080026b8   0x080026b8   0x00000168   Code   RO         1094    i.__mathlib_rredf2  m_ws.l(rredf.o)
    0x08002820   0x08002820   0x00000188   Code   RO         1051    i.sinf              m_ws.l(sinf.o)
    0x080029a8   0x080029a8   0x00000062   Code   RO         1018    x$fpl$d2f           fz_ws.l(d2f.o)
    0x08002a0a   0x08002a0a   0x00000026   Code   RO         1020    x$fpl$dfltu         fz_ws.l(dflt_clz.o)
    0x08002a30   0x08002a30   0x00000154   Code   RO         1026    x$fpl$dmul          fz_ws.l(dmul.o)
    0x08002b84   0x08002b84   0x0000009c   Code   RO         1061    x$fpl$dnaninf       fz_ws.l(dnaninf.o)
    0x08002c20   0x08002c20   0x0000000c   Code   RO         1063    x$fpl$dretinf       fz_ws.l(dretinf.o)
    0x08002c2c   0x08002c2c   0x000000c4   Code   RO         1028    x$fpl$fadd          fz_ws.l(faddsub_clz.o)
    0x08002cf0   0x08002cf0   0x0000000c   Code   RO         1146    x$fpl$fcheck1       fz_ws.l(fcheck1.o)
    0x08002cfc   0x08002cfc   0x00000054   Code   RO         1034    x$fpl$fcmp          fz_ws.l(fcmp.o)
    0x08002d50   0x08002d50   0x00000018   Code   RO         1119    x$fpl$fcmpinf       fz_ws.l(fcmpi.o)
    0x08002d68   0x08002d68   0x00000184   Code   RO         1037    x$fpl$fdiv          fz_ws.l(fdiv.o)
    0x08002eec   0x08002eec   0x00000068   Code   RO         1065    x$fpl$feqf          fz_ws.l(feqf.o)
    0x08002f54   0x08002f54   0x00000036   Code   RO         1040    x$fpl$ffix          fz_ws.l(ffix.o)
    0x08002f8a   0x08002f8a   0x00000002   PAD
    0x08002f8c   0x08002f8c   0x0000003e   Code   RO         1044    x$fpl$ffixu         fz_ws.l(ffixu.o)
    0x08002fca   0x08002fca   0x00000002   PAD
    0x08002fcc   0x08002fcc   0x00000030   Code   RO         1122    x$fpl$fflt          fz_ws.l(fflt_clz.o)
    0x08002ffc   0x08002ffc   0x00000026   Code   RO         1121    x$fpl$ffltu         fz_ws.l(fflt_clz.o)
    0x08003022   0x08003022   0x00000002   PAD
    0x08003024   0x08003024   0x00000068   Code   RO         1067    x$fpl$fgeqf         fz_ws.l(fgeqf.o)
    0x0800308c   0x0800308c   0x00000068   Code   RO         1069    x$fpl$fleqf         fz_ws.l(fleqf.o)
    0x080030f4   0x080030f4   0x00000102   Code   RO         1048    x$fpl$fmul          fz_ws.l(fmul.o)
    0x080031f6   0x080031f6   0x0000008c   Code   RO         1071    x$fpl$fnaninf       fz_ws.l(fnaninf.o)
    0x08003282   0x08003282   0x0000000a   Code   RO         1073    x$fpl$fretinf       fz_ws.l(fretinf.o)
    0x0800328c   0x0800328c   0x00000060   Code   RO         1075    x$fpl$frnd          fz_ws.l(frnd.o)
    0x080032ec   0x080032ec   0x00000014   Code   RO         1029    x$fpl$frsb          fz_ws.l(faddsub_clz.o)
    0x08003300   0x08003300   0x000000ea   Code   RO         1030    x$fpl$fsub          fz_ws.l(faddsub_clz.o)
    0x080033ea   0x080033ea   0x00000064   Code   RO         1203    x$fpl$retnan        fz_ws.l(retnan.o)
    0x0800344e   0x0800344e   0x0000004c   Code   RO         1127    x$fpl$scalbnf       fz_ws.l(scalbnf.o)
    0x0800349a   0x0800349a   0x00000030   Code   RO         1224    x$fpl$trapveneer    fz_ws.l(trapv.o)
    0x080034ca   0x080034ca   0x00000000   Code   RO         1077    x$fpl$usenofp       fz_ws.l(usenofp.o)
    0x080034ca   0x080034ca   0x00000002   PAD
    0x080034cc   0x080034cc   0x00000020   Data   RO         1095    .constdata          m_ws.l(rredf.o)
    0x080034ec   0x080034ec   0x00000010   Data   RO          997    .rodata.AHBPrescTable  system_stm32f2xx.o
    0x080034fc   0x080034fc   0x00000008   Data   RO          998    .rodata.APBPrescTable  system_stm32f2xx.o
    0x08003504   0x08003504   0x00000008   Data   RO          502    .rodata.cst8        stm32f2xx_hal_dma.o
    0x0800350c   0x0800350c   0x00000029   Data   RO           27    .rodata.str1.1      main.o
    0x08003535   0x08003535   0x00000003   PAD
    0x08003538   0x08003538   0x00000020   Data   RO         1285    Region$$Table       anon$$obj.o


    Execution Region RW_IRAM1 (Exec base: 0x20000000, Load base: 0x08003558, Size: 0x000008e8, Max: 0x0001c000, ABSOLUTE)

    Exec Addr    Load Addr    Size         Type   Attr      Idx    E Section Name        Object

    0x20000000   0x08003558   0x00000008   Data   RW          232    .data..L_MergedGlobals  stm32f2xx_hal.o
    0x20000008   0x08003560   0x00000004   Data   RW          996    .data.SystemCoreClock  system_stm32f2xx.o
    0x2000000c   0x08003564   0x00000060   Data   RW           28    .data.notes_octave4  main.o
    0x2000006c   0x080035c4   0x00000004   PAD
    0x20000070        -       0x00000060   Zero   RW         1130    .bss                c_w.l(libspace.o)
    0x200000d0        -       0x00000068   Zero   RW           33    .bss..L_MergedGlobals  main.o
    0x20000138        -       0x00000060   Zero   RW           31    .bss.hdma_dac1      main.o
    0x20000198        -       0x00000048   Zero   RW           30    .bss.huart1         main.o
    0x200001e0        -       0x00000100   Zero   RW           29    .bss.sine_table     main.o
    0x200002e0        -       0x00000004   Zero   RW          231    .bss.uwTick         stm32f2xx_hal.o
    0x200002e4   0x080035c4   0x00000004   PAD
    0x200002e8        -       0x00000200   Zero   RW            2    HEAP                startup_stm32f207xx.o
    0x200004e8        -       0x00000400   Zero   RW            1    STACK               startup_stm32f207xx.o


    Execution Region RW_IRAM2 (Exec base: 0x2001c000, Load base: 0x080035c8, Size: 0x00000000, Max: 0x00004000, ABSOLUTE)

    **** No section assigned to this execution region ****


==============================================================================

Image component sizes


      Code (inc. data)   RO Data    RW Data    ZI Data      Debug   Object Name

      1186          0         41         96        528      14812   main.o
        64         26        388          0       1536        824   startup_stm32f207xx.o
       164          0          0          8          4       7367   stm32f2xx_hal.o
       196          0          0          0          0      10691   stm32f2xx_hal_cortex.o
       672          0          0          0          0       7894   stm32f2xx_hal_dac.o
        52          0          0          0          0       5743   stm32f2xx_hal_dac_ex.o
      1146          6          8          0          0      10628   stm32f2xx_hal_dma.o
       422          0          0          0          0       4960   stm32f2xx_hal_gpio.o
       424          0          0          0          0      10081   stm32f2xx_hal_msp.o
      1388          6          0          0          0       8347   stm32f2xx_hal_rcc.o
       576          0          0          0          0      58450   stm32f2xx_hal_tim.o
       186          0          0          0          0      21984   stm32f2xx_hal_tim_ex.o
      2072          0          0          0          0      32659   stm32f2xx_hal_uart.o
        44          0          0          0          0       4225   stm32f2xx_it.o
         2          0         24          4          0       2252   system_stm32f2xx.o

    ----------------------------------------------------------------------
      8678         38        496        108       2076     200917   Object Totals
         0          0         32          0          0          0   (incl. Generated)
        84          0          3          0          8          0   (incl. Padding)

    ----------------------------------------------------------------------

      Code (inc. data)   RO Data    RW Data    ZI Data      Debug   Library Member Name

         8          0          0          0          0         68   __main.o
         0          0          0          0          0          0   __rtentry.o
        12          0          0          0          0          0   __rtentry2.o
         6          0          0          0          0          0   __rtentry4.o
        94          8          0          0          0          0   __scatter.o
        26          0          0          0          0          0   __scatter_copy.o
        28          0          0          0          0          0   __scatter_zi.o
        22          0          0          0          0        100   _rserrno.o
        18          0          0          0          0         80   exit.o
         6          0          0          0          0        152   heapauxi.o
         0          0          0          0          0          0   indicate_semi.o
         2          0          0          0          0          0   libinit.o
         2          0          0          0          0          0   libinit2.o
         2          0          0          0          0          0   libshutdown.o
         2          0          0          0          0          0   libshutdown2.o
         8          4          0          0         96         68   libspace.o
       240          0          0          0          0        100   lludivv7m.o
         8          4          0          0          0         68   rt_errno_addr_intlibspace.o
         2          0          0          0          0          0   rtexit.o
        10          0          0          0          0          0   rtexit2.o
       128          0          0          0          0         68   strcmpv7m.o
        62          0          0          0          0         76   strlen.o
        12          4          0          0          0         68   sys_exit.o
        74          0          0          0          0         80   sys_stackheap_outer.o
         2          0          0          0          0         68   use_no_semi.o
        98          4          0          0          0         92   d2f.o
        38          0          0          0          0         68   dflt_clz.o
       340         12          0          0          0        104   dmul.o
       156          4          0          0          0         92   dnaninf.o
        12          0          0          0          0         68   dretinf.o
       450          8          0          0          0        236   faddsub_clz.o
        12          4          0          0          0         68   fcheck1.o
        84          0          0          0          0        196   fcmp.o
        24          0          0          0          0         68   fcmpi.o
       388         76          0          0          0         96   fdiv.o
       104          4          0          0          0         84   feqf.o
        54          4          0          0          0         84   ffix.o
        62          4          0          0          0         84   ffixu.o
        86          0          0          0          0        136   fflt_clz.o
       104          4          0          0          0         84   fgeqf.o
       104          4          0          0          0         84   fleqf.o
       258          4          0          0          0         84   fmul.o
       140          4          0          0          0         84   fnaninf.o
        10          0          0          0          0         68   fretinf.o
        96          4          0          0          0         76   frnd.o
       100          0          0          0          0         68   retnan.o
        76          0          0          0          0         68   scalbnf.o
        48          0          0          0          0         68   trapv.o
         0          0          0          0          0          0   usenofp.o
        38          0          0          0          0         68   fpclassifyf.o
        24          0          0          0          0        204   funder.o
       360         16         32          0          0         88   rredf.o
       392         54          0          0          0        124   sinf.o

    ----------------------------------------------------------------------
      4450        230         32          0         96       3640   Library Totals
        18          0          0          0          0          0   (incl. Padding)

    ----------------------------------------------------------------------

      Code (inc. data)   RO Data    RW Data    ZI Data      Debug   Library Name

       774         20          0          0         96        996   c_w.l
      2844        140          0          0          0       2160   fz_ws.l
       814         70         32          0          0        484   m_ws.l

    ----------------------------------------------------------------------
      4450        230         32          0         96       3640   Library Totals

    ----------------------------------------------------------------------

==============================================================================


      Code (inc. data)   RO Data    RW Data    ZI Data      Debug   

     13128        268        528        108       2172     202333   Grand Totals
     13128        268        528        108       2172     202333   ELF Image Totals
     13128        268        528        108          0          0   ROM Totals

==============================================================================

    Total RO  Size (Code + RO Data)                13656 (  13.34kB)
    Total RW  Size (RW Data + ZI Data)              2280 (   2.23kB)
    Total ROM Size (Code + RO Data + RW Data)      13764 (  13.44kB)

==============================================================================

