<html>
<body>
<pre>
<h1>µVision Build Log</h1>
<h2>Tool Versions:</h2>
IDE-Version: µVision V5.42.0.0
Copyright (C) 2025 ARM Ltd and ARM Germany GmbH. All rights reserved.
License Information: valentin mevel, Iut Cachan, LIC=----
 
Tool Versions:
Toolchain:       MDK-Lite  Version: 5.42.0.0
Toolchain Path:  C:\Users\Ryuda\AppData\Local\Keil_v5\ARM\ARMCLANG\Bin
C Compiler:      ArmClang.exe V6.23
Assembler:       Armasm.exe V6.23
Linker/Locator:  ArmLink.exe V6.23
Library Manager: ArmAr.exe V6.23
Hex Converter:   FromElf.exe V6.23
CPU DLL:         SARMCM3.DLL V5.42.0.0
Dialog DLL:      DCM.DLL V1.17.5.0
Target DLL:      UL2CM3.DLL V1.164.14.0
Dialog DLL:      TCM.DLL V1.56.6.0
 
<h2>Project:</h2>
C:\Users\Ryuda\Desktop\Github Val\Projet-Synth-se-musicale\Code_Keil\OUI\MDK-ARM\OUI.uvprojx
Project File Date:  06/26/2025

<h2>Output:</h2>
*** Using Compiler 'V6.23', folder: 'C:\Users\Ryuda\AppData\Local\Keil_v5\ARM\ARMCLANG\Bin'
Rebuild target 'OUI'
compiling stm32f2xx_hal_dac_ex.c...
assembling startup_stm32f207xx.s...
compiling stm32f2xx_hal_rcc_ex.c...
compiling stm32f2xx_hal_msp.c...
compiling stm32f2xx_hal.c...
compiling stm32f2xx_it.c...
compiling stm32f2xx_hal_dac.c...
compiling stm32f2xx_hal_flash.c...
compiling stm32f2xx_hal_cortex.c...
compiling main.c...
compiling stm32f2xx_hal_rcc.c...
compiling stm32f2xx_hal_flash_ex.c...
compiling stm32f2xx_hal_pwr.c...
compiling stm32f2xx_hal_pwr_ex.c...
compiling stm32f2xx_hal_gpio.c...
compiling stm32f2xx_hal_dma_ex.c...
compiling stm32f2xx_hal_exti.c...
compiling system_stm32f2xx.c...
compiling stm32f2xx_hal_dma.c...
compiling stm32f2xx_hal_tim_ex.c...
compiling stm32f2xx_hal_uart.c...
compiling stm32f2xx_hal_tim.c...
linking...
Program Size: Code=13128 RO-data=528 RW-data=108 ZI-data=2172  
FromELF: creating hex file...
"OUI\OUI.axf" - 0 Error(s), 0 Warning(s).

<h2>Software Packages used:</h2>

Package Vendor: ARM
                https://www.keil.com/pack/ARM.CMSIS.6.1.0.pack
                ARM::CMSIS@6.1.0
                CMSIS (Common Microcontroller Software Interface Standard)
   * Component: CORE Version: 6.1.0

Package Vendor: Keil
                https://www.keil.com/pack/Keil.STM32F2xx_DFP.2.11.0.pack
                Keil::STM32F2xx_DFP@2.11.0
                STMicroelectronics STM32F2 Series Device Support, Drivers and Examples

<h2>Collection of Component include folders:</h2>
  ./RTE/_OUI
  C:/Users/Ryuda/AppData/Local/Arm/Packs/ARM/CMSIS/6.1.0/CMSIS/Core/Include
  C:/Users/Ryuda/AppData/Local/Arm/Packs/Keil/STM32F2xx_DFP/2.11.0/Drivers/CMSIS/Device/ST/STM32F2xx/Include

<h2>Collection of Component Files used:</h2>

   * Component: ARM::CMSIS:CORE@6.1.0
      Include file:  CMSIS/Core/Include/tz_context.h
Build Time Elapsed:  00:00:02
</pre>
</body>
</html>
