<html>
<body>
<pre>
<h1>µVision Build Log</h1>
<h2>Tool Versions:</h2>
IDE-Version: µVision V5.42.0.0
Copyright (C) 2025 ARM Ltd and ARM Germany GmbH. All rights reserved.
License Information: Valentin Mevel, tar, LIC=----
 
Tool Versions:
Toolchain:       MDK-Lite  Version: 5.42.0.0
Toolchain Path:  C:\Users\Ryuda\AppData\Local\Keil_v5\ARM\ARMCLANG\Bin
C Compiler:      ArmClang.exe V6.23
Assembler:       Armasm.exe V6.23
Linker/Locator:  ArmLink.exe V6.23
Library Manager: ArmAr.exe V6.23
Hex Converter:   FromElf.exe V6.23
CPU DLL:         SARMCM3.DLL V5.42.0.0
Dialog DLL:      DCM.DLL V1.17.5.0
Target DLL:      UL2CM3.DLL V1.164.14.0
Dialog DLL:      TCM.DLL V1.56.6.0
 
<h2>Project:</h2>
C:\Users\Ryuda\Documents\Ecole\Projet\test.uvprojx
Project File Date:  05/20/2025

<h2>Output:</h2>
*** Using Compiler 'V6.23', folder: 'C:\Users\Ryuda\AppData\Local\Keil_v5\ARM\ARMCLANG\Bin'
Build target 'Target_1'
cs42l52.c(138): warning: unused parameter 'AudioFreq' [-Wunused-parameter]
  138 | uint32_t cs42l52_Init(uint16_t DeviceAddr, uint16_t OutputDevice, uint8_t Volume, uint32_t AudioFreq)
      |                                                                                            ^
cs42l52.c(247): warning: unused parameter 'pBuffer' [-Wunused-parameter]
  247 | uint32_t cs42l52_Play(uint16_t DeviceAddr, uint16_t* pBuffer, uint16_t Size)
      |                                                      ^
cs42l52.c(247): warning: unused parameter 'Size' [-Wunused-parameter]
  247 | uint32_t cs42l52_Play(uint16_t DeviceAddr, uint16_t* pBuffer, uint16_t Size)
      |                                                                        ^
cs42l52.c(319): warning: unused parameter 'CodecPdwnMode' [-Wunused-parameter]
  319 | uint32_t cs42l52_Stop(uint16_t DeviceAddr, uint32_t CodecPdwnMode)
      |                                                     ^
cs42l52.c(369): warning: unused parameter 'DeviceAddr' [-Wunused-parameter]
  369 | uint32_t cs42l52_SetFrequency(uint16_t DeviceAddr, uint32_t AudioFreq)
      |                                        ^
cs42l52.c(369): warning: unused parameter 'AudioFreq' [-Wunused-parameter]
  369 | uint32_t cs42l52_SetFrequency(uint16_t DeviceAddr, uint32_t AudioFreq)
      |                                                             ^
6 warnings generated.
compiling cs42l52.c...
linking...
Program Size: Code=13338 RO-data=534 RW-data=10016 ZI-data=1680  
".\Objects\test.axf" - 0 Error(s), 6 Warning(s).

<h2>Software Packages used:</h2>

Package Vendor: ARM
                https://www.keil.com/pack/ARM.CMSIS.6.1.0.pack
                ARM::CMSIS@6.1.0
                CMSIS (Common Microcontroller Software Interface Standard)
   * Component: CORE Version: 6.1.0
   * Component: I2C Version: 2.4.0

Package Vendor: Keil
                https://www.keil.com/pack/Keil.STM32F2xx_DFP.2.11.0.pack
                Keil::STM32F2xx_DFP@2.11.0
                STMicroelectronics STM32F2 Series Device Support, Drivers and Examples
   * Component: STM32Cube Framework Version: 1.0.0
   * Component: I2C Version: 2.10
   * Component: Classic Version: 1.2.8
   * Component: Common Version: 1.2.8
   * Component: Cortex Version: 1.2.8
   * Component: DMA Version: 1.2.8
   * Component: GPIO Version: 1.2.8
   * Component: I2C Version: 1.2.8
   * Component: I2S Version: 1.2.8
   * Component: RCC Version: 1.2.8
   * Component: Startup Version: 2.2.2

<h2>Collection of Component include folders:</h2>
  ./RTE/Device/STM32F207IGHx
  ./RTE/_Target_1
  C:/Users/Ryuda/AppData/Local/Arm/Packs/ARM/CMSIS/6.1.0/CMSIS/Core/Include
  C:/Users/Ryuda/AppData/Local/Arm/Packs/ARM/CMSIS/6.1.0/CMSIS/Driver/Include
  C:/Users/Ryuda/AppData/Local/Arm/Packs/Keil/STM32F2xx_DFP/2.11.0/Drivers/CMSIS/Device/ST/STM32F2xx/Include
  C:/Users/Ryuda/AppData/Local/Arm/Packs/Keil/STM32F2xx_DFP/2.11.0/Drivers/STM32F2xx_HAL_Driver/Inc

<h2>Collection of Component Files used:</h2>

   * Component: ARM::CMSIS:CORE@6.1.0

   * Component: CMSIS Driver:I2C(API)@2.4.0
      Include file:  CMSIS/Driver/Include/Driver_I2C.h

   * Component: Device:STM32Cube Framework(API)@1.0.0

   * Component: Keil::CMSIS Driver:I2C@2.10
      Source file:   CMSIS/Driver/I2C_STM32F2xx.c

   * Component: Keil::Device:STM32Cube Framework:Classic@1.2.8
      Source file:   MDK/Templates/Src/stm32f2xx_hal_msp.c
      Include file:  MDK/Templates/Inc/stm32f2xx_it.h
      Source file:   MDK/Templates/Src/stm32f2xx_it.c
      Include file:  MDK/Templates/Inc/main.h
      Source file:   MDK/Templates/Src/main.c
      Include file:  MDK/Templates_LL/Inc/main.h
      Source file:   MDK/Templates_LL/Src/main.c
      Include file:  CMSIS/Driver/Config/RTE_Device.h
      Include file:  MDK/Templates/Inc/stm32f2xx_hal_conf.h

   * Component: Keil::Device:STM32Cube HAL:Common@1.2.8
      Include file:  Drivers/STM32F2xx_HAL_Driver/Inc/stm32f2xx_hal.h
      Source file:   Drivers/STM32F2xx_HAL_Driver/Src/stm32f2xx_hal.c

   * Component: Keil::Device:STM32Cube HAL:Cortex@1.2.8
      Source file:   Drivers/STM32F2xx_HAL_Driver/Src/stm32f2xx_hal_cortex.c

   * Component: Keil::Device:STM32Cube HAL:DMA@1.2.8
      Source file:   Drivers/STM32F2xx_HAL_Driver/Src/stm32f2xx_hal_dma_ex.c
      Source file:   Drivers/STM32F2xx_HAL_Driver/Src/stm32f2xx_hal_dma.c

   * Component: Keil::Device:STM32Cube HAL:GPIO@1.2.8
      Source file:   Drivers/STM32F2xx_HAL_Driver/Src/stm32f2xx_hal_gpio.c

   * Component: Keil::Device:STM32Cube HAL:I2C@1.2.8
      Source file:   Drivers/STM32F2xx_HAL_Driver/Src/stm32f2xx_hal_i2c.c

   * Component: Keil::Device:STM32Cube HAL:I2S@1.2.8
      Source file:   Drivers/STM32F2xx_HAL_Driver/Src/stm32f2xx_hal_i2s.c

   * Component: Keil::Device:STM32Cube HAL:RCC@1.2.8
      Source file:   Drivers/STM32F2xx_HAL_Driver/Src/stm32f2xx_hal_rcc.c
      Source file:   Drivers/STM32F2xx_HAL_Driver/Src/stm32f2xx_hal_rcc_ex.c

   * Component: Keil::Device:Startup@2.2.2
      Source file:   MDK/Device/Source/ARM/STM32F2xx_OPT.s
      Source file:   MDK/Device/Source/ARM/STM32F2xx_OTP.s
      Source file:   Drivers/CMSIS/Device/ST/STM32F2xx/Source/Templates/arm/startup_stm32f207xx.s
      Include file:  Drivers/CMSIS/Device/ST/STM32F2xx/Include/stm32f2xx.h
      Source file:   Drivers/CMSIS/Device/ST/STM32F2xx/Source/Templates/system_stm32f2xx.c
Build Time Elapsed:  00:00:01
</pre>
</body>
</html>
