Component: Arm Compiler for Embedded 6.23 Tool: armlink [5f102400]

==============================================================================

Section Cross References

    main.o(.text.main) refers to stm32f2xx_hal.o(.text.HAL_Init) for HAL_Init
    main.o(.text.main) refers to main.o(.text.SystemClock_Config) for SystemClock_Config
    main.o(.text.main) refers to main.o(.text.MX_I2S3_Init) for MX_I2S3_Init
    main.o(.text.main) refers to cs42l52.o(.text.cs42l52_Init) for cs42l52_Init
    main.o(.text.main) refers to main.o(.bss.audioBuffer) for audioBuffer
    main.o(.text.main) refers to main.o(.text.Generate_Tone) for Generate_Tone
    main.o(.text.main) refers to cs42l52.o(.text.cs42l52_Play) for cs42l52_Play
    main.o(.text.main) refers to main.o(.bss.hi2s3) for hi2s3
    main.o(.text.main) refers to stm32f2xx_hal_i2s.o(.text.HAL_I2S_Transmit) for HAL_I2S_Transmit
    main.o(.text.main) refers to cs42l52.o(.text.cs42l52_Stop) for cs42l52_Stop
    main.o(.ARM.exidx.text.main) refers to main.o(.text.main) for [Anonymous Symbol]
    main.o(.text.SystemClock_Config) refers to rt_memclr_w.o(.text) for __aeabi_memclr4
    main.o(.text.SystemClock_Config) refers to stm32f2xx_hal_rcc.o(.text.HAL_RCC_OscConfig) for HAL_RCC_OscConfig
    main.o(.text.SystemClock_Config) refers to stm32f2xx_hal_rcc.o(.text.HAL_RCC_ClockConfig) for HAL_RCC_ClockConfig
    main.o(.ARM.exidx.text.SystemClock_Config) refers to main.o(.text.SystemClock_Config) for [Anonymous Symbol]
    main.o(.text.MX_I2S3_Init) refers to main.o(.bss.hi2s3) for hi2s3
    main.o(.text.MX_I2S3_Init) refers to stm32f2xx_hal_i2s.o(.text.HAL_I2S_Init) for HAL_I2S_Init
    main.o(.ARM.exidx.text.MX_I2S3_Init) refers to main.o(.text.MX_I2S3_Init) for [Anonymous Symbol]
    main.o(.text.Generate_Tone) refers to fflt_clz.o(x$fpl$ffltu) for __aeabi_ui2f
    main.o(.text.Generate_Tone) refers to fdiv.o(x$fpl$fdiv) for __aeabi_fdiv
    main.o(.text.Generate_Tone) refers to dflt_clz.o(x$fpl$dfltu) for __aeabi_ui2d
    main.o(.text.Generate_Tone) refers to dmul.o(x$fpl$dmul) for __aeabi_dmul
    main.o(.text.Generate_Tone) refers to f2d.o(x$fpl$f2d) for __aeabi_f2d
    main.o(.text.Generate_Tone) refers to d2f.o(x$fpl$d2f) for __aeabi_d2f
    main.o(.text.Generate_Tone) refers to sinf.o(i.sinf) for sinf
    main.o(.text.Generate_Tone) refers to fmul.o(x$fpl$fmul) for __aeabi_fmul
    main.o(.text.Generate_Tone) refers to faddsub_clz.o(x$fpl$fadd) for __aeabi_fadd
    main.o(.text.Generate_Tone) refers to ffix.o(x$fpl$ffix) for __aeabi_f2iz
    main.o(.ARM.exidx.text.Generate_Tone) refers to main.o(.text.Generate_Tone) for [Anonymous Symbol]
    main.o(.ARM.exidx.text.AUDIO_IO_Init) refers to main.o(.text.AUDIO_IO_Init) for [Anonymous Symbol]
    main.o(.text.AUDIO_IO_DeInit) refers to main.o(.bss.hi2c1) for hi2c1
    main.o(.text.AUDIO_IO_DeInit) refers to stm32f2xx_hal_i2c.o(.text.HAL_I2C_DeInit) for HAL_I2C_DeInit
    main.o(.ARM.exidx.text.AUDIO_IO_DeInit) refers to main.o(.text.AUDIO_IO_DeInit) for [Anonymous Symbol]
    main.o(.text.AUDIO_IO_Write) refers to main.o(.bss.hi2c1) for hi2c1
    main.o(.text.AUDIO_IO_Write) refers to stm32f2xx_hal_i2c.o(.text.HAL_I2C_Mem_Write) for HAL_I2C_Mem_Write
    main.o(.ARM.exidx.text.AUDIO_IO_Write) refers to main.o(.text.AUDIO_IO_Write) for [Anonymous Symbol]
    main.o(.text.AUDIO_IO_Read) refers to main.o(.bss.hi2c1) for hi2c1
    main.o(.text.AUDIO_IO_Read) refers to stm32f2xx_hal_i2c.o(.text.HAL_I2C_Mem_Read) for HAL_I2C_Mem_Read
    main.o(.ARM.exidx.text.AUDIO_IO_Read) refers to main.o(.text.AUDIO_IO_Read) for [Anonymous Symbol]
    main.o(.text.AUDIO_IO_Delay) refers to stm32f2xx_hal.o(.text.HAL_Delay) for HAL_Delay
    main.o(.ARM.exidx.text.AUDIO_IO_Delay) refers to main.o(.text.AUDIO_IO_Delay) for [Anonymous Symbol]
    cs42l52.o(.text.cs42l52_Init) refers to main.o(.text.AUDIO_IO_Init) for AUDIO_IO_Init
    cs42l52.o(.text.cs42l52_Init) refers to cs42l52.o(.text.CODEC_IO_Write) for CODEC_IO_Write
    cs42l52.o(.text.cs42l52_Init) refers to cs42l52.o(.bss.OutputDev) for OutputDev
    cs42l52.o(.text.cs42l52_Init) refers to cs42l52.o(.text.cs42l52_SetVolume) for cs42l52_SetVolume
    cs42l52.o(.ARM.exidx.text.cs42l52_Init) refers to cs42l52.o(.text.cs42l52_Init) for [Anonymous Symbol]
    cs42l52.o(.text.cs42l52_DeInit) refers to main.o(.text.AUDIO_IO_DeInit) for AUDIO_IO_DeInit
    cs42l52.o(.ARM.exidx.text.cs42l52_DeInit) refers to cs42l52.o(.text.cs42l52_DeInit) for [Anonymous Symbol]
    cs42l52.o(.text.cs42l52_ReadID) refers to main.o(.text.AUDIO_IO_Init) for AUDIO_IO_Init
    cs42l52.o(.text.cs42l52_ReadID) refers to main.o(.text.AUDIO_IO_Read) for AUDIO_IO_Read
    cs42l52.o(.ARM.exidx.text.cs42l52_ReadID) refers to cs42l52.o(.text.cs42l52_ReadID) for [Anonymous Symbol]
    cs42l52.o(.text.cs42l52_Play) refers to cs42l52.o(.data.Is_cs42l52_Stop) for Is_cs42l52_Stop
[...]
    Removing stm32f2xx_hal_i2c.o(.ARM.exidx.text.HAL_I2C_Mem_Write_DMA), (8 bytes).
    Removing stm32f2xx_hal_i2c.o(.text.HAL_I2C_Mem_Read_DMA), (866 bytes).
    Removing stm32f2xx_hal_i2c.o(.ARM.exidx.text.HAL_I2C_Mem_Read_DMA), (8 bytes).
    Removing stm32f2xx_hal_i2c.o(.text.HAL_I2C_IsDeviceReady), (654 bytes).
    Removing stm32f2xx_hal_i2c.o(.ARM.exidx.text.HAL_I2C_IsDeviceReady), (8 bytes).
    Removing stm32f2xx_hal_i2c.o(.text.HAL_I2C_Master_Seq_Transmit_IT), (440 bytes).
    Removing stm32f2xx_hal_i2c.o(.ARM.exidx.text.HAL_I2C_Master_Seq_Transmit_IT), (8 bytes).
    Removing stm32f2xx_hal_i2c.o(.text.HAL_I2C_Master_Seq_Transmit_DMA), (780 bytes).
    Removing stm32f2xx_hal_i2c.o(.ARM.exidx.text.HAL_I2C_Master_Seq_Transmit_DMA), (8 bytes).
    Removing stm32f2xx_hal_i2c.o(.text.HAL_I2C_Master_Seq_Receive_IT), (544 bytes).
    Removing stm32f2xx_hal_i2c.o(.ARM.exidx.text.HAL_I2C_Master_Seq_Receive_IT), (8 bytes).
    Removing stm32f2xx_hal_i2c.o(.text.HAL_I2C_Master_Seq_Receive_DMA), (942 bytes).
    Removing stm32f2xx_hal_i2c.o(.ARM.exidx.text.HAL_I2C_Master_Seq_Receive_DMA), (8 bytes).
    Removing stm32f2xx_hal_i2c.o(.text.HAL_I2C_Slave_Seq_Transmit_IT), (250 bytes).
    Removing stm32f2xx_hal_i2c.o(.ARM.exidx.text.HAL_I2C_Slave_Seq_Transmit_IT), (8 bytes).
    Removing stm32f2xx_hal_i2c.o(.text.HAL_I2C_Slave_Seq_Transmit_DMA), (642 bytes).
    Removing stm32f2xx_hal_i2c.o(.ARM.exidx.text.HAL_I2C_Slave_Seq_Transmit_DMA), (8 bytes).
    Removing stm32f2xx_hal_i2c.o(.text.I2C_DMAAbort), (342 bytes).
    Removing stm32f2xx_hal_i2c.o(.ARM.exidx.text.I2C_DMAAbort), (8 bytes).
    Removing stm32f2xx_hal_i2c.o(.text.HAL_I2C_Slave_Seq_Receive_IT), (250 bytes).
    Removing stm32f2xx_hal_i2c.o(.ARM.exidx.text.HAL_I2C_Slave_Seq_Receive_IT), (8 bytes).
    Removing stm32f2xx_hal_i2c.o(.text.HAL_I2C_Slave_Seq_Receive_DMA), (642 bytes).
    Removing stm32f2xx_hal_i2c.o(.ARM.exidx.text.HAL_I2C_Slave_Seq_Receive_DMA), (8 bytes).
    Removing stm32f2xx_hal_i2c.o(.text.HAL_I2C_EnableListen_IT), (102 bytes).
    Removing stm32f2xx_hal_i2c.o(.ARM.exidx.text.HAL_I2C_EnableListen_IT), (8 bytes).
    Removing stm32f2xx_hal_i2c.o(.text.HAL_I2C_DisableListen_IT), (104 bytes).
    Removing stm32f2xx_hal_i2c.o(.ARM.exidx.text.HAL_I2C_DisableListen_IT), (8 bytes).
    Removing stm32f2xx_hal_i2c.o(.text.HAL_I2C_Master_Abort_IT), (180 bytes).
    Removing stm32f2xx_hal_i2c.o(.ARM.exidx.text.HAL_I2C_Master_Abort_IT), (8 bytes).
    Removing stm32f2xx_hal_i2c.o(.text.I2C_ITError), (636 bytes).
    Removing stm32f2xx_hal_i2c.o(.ARM.exidx.text.I2C_ITError), (8 bytes).
    Removing stm32f2xx_hal_i2c.o(.text.HAL_I2C_EV_IRQHandler), (970 bytes).
    Removing stm32f2xx_hal_i2c.o(.ARM.exidx.text.HAL_I2C_EV_IRQHandler), (8 bytes).
    Removing stm32f2xx_hal_i2c.o(.text.I2C_ConvertOtherXferOptions), (52 bytes).
    Removing stm32f2xx_hal_i2c.o(.ARM.exidx.text.I2C_ConvertOtherXferOptions), (8 bytes).
    Removing stm32f2xx_hal_i2c.o(.text.I2C_Master_SB), (240 bytes).
    Removing stm32f2xx_hal_i2c.o(.ARM.exidx.text.I2C_Master_SB), (8 bytes).
    Removing stm32f2xx_hal_i2c.o(.text.I2C_Master_ADD10), (70 bytes).
    Removing stm32f2xx_hal_i2c.o(.ARM.exidx.text.I2C_Master_ADD10), (8 bytes).
    Removing stm32f2xx_hal_i2c.o(.text.I2C_Master_ADDR), (830 bytes).
    Removing stm32f2xx_hal_i2c.o(.ARM.exidx.text.I2C_Master_ADDR), (8 bytes).
    Removing stm32f2xx_hal_i2c.o(.text.I2C_MasterTransmit_TXE), (318 bytes).
    Removing stm32f2xx_hal_i2c.o(.ARM.exidx.text.I2C_MasterTransmit_TXE), (8 bytes).
    Removing stm32f2xx_hal_i2c.o(.text.I2C_MasterTransmit_BTF), (222 bytes).
    Removing stm32f2xx_hal_i2c.o(.ARM.exidx.text.I2C_MasterTransmit_BTF), (8 bytes).
    Removing stm32f2xx_hal_i2c.o(.text.I2C_MemoryTransmit_TXE_BTF), (296 bytes).
    Removing stm32f2xx_hal_i2c.o(.ARM.exidx.text.I2C_MemoryTransmit_TXE_BTF), (8 bytes).
    Removing stm32f2xx_hal_i2c.o(.text.I2C_MasterReceive_RXNE), (328 bytes).
    Removing stm32f2xx_hal_i2c.o(.ARM.exidx.text.I2C_MasterReceive_RXNE), (8 bytes).
    Removing stm32f2xx_hal_i2c.o(.text.I2C_MasterReceive_BTF), (414 bytes).
    Removing stm32f2xx_hal_i2c.o(.ARM.exidx.text.I2C_MasterReceive_BTF), (8 bytes).
    Removing stm32f2xx_hal_i2c.o(.text.I2C_Slave_ADDR), (174 bytes).
    Removing stm32f2xx_hal_i2c.o(.ARM.exidx.text.I2C_Slave_ADDR), (8 bytes).
    Removing stm32f2xx_hal_i2c.o(.text.I2C_Slave_STOPF), (586 bytes).
    Removing stm32f2xx_hal_i2c.o(.ARM.exidx.text.I2C_Slave_STOPF), (8 bytes).
    Removing stm32f2xx_hal_i2c.o(.text.I2C_SlaveTransmit_TXE), (108 bytes).
    Removing stm32f2xx_hal_i2c.o(.ARM.exidx.text.I2C_SlaveTransmit_TXE), (8 bytes).
    Removing stm32f2xx_hal_i2c.o(.text.I2C_SlaveTransmit_BTF), (44 bytes).
    Removing stm32f2xx_hal_i2c.o(.ARM.exidx.text.I2C_SlaveTransmit_BTF), (8 bytes).
    Removing stm32f2xx_hal_i2c.o(.text.I2C_SlaveReceive_RXNE), (110 bytes).
    Removing stm32f2xx_hal_i2c.o(.ARM.exidx.text.I2C_SlaveReceive_RXNE), (8 bytes).
    Removing stm32f2xx_hal_i2c.o(.text.I2C_SlaveReceive_BTF), (46 bytes).
    Removing stm32f2xx_hal_i2c.o(.ARM.exidx.text.I2C_SlaveReceive_BTF), (8 bytes).
    Removing stm32f2xx_hal_i2c.o(.text.HAL_I2C_ER_IRQHandler), (378 bytes).
    Removing stm32f2xx_hal_i2c.o(.ARM.exidx.text.HAL_I2C_ER_IRQHandler), (8 bytes).
    Removing stm32f2xx_hal_i2c.o(.text.I2C_Slave_AF), (228 bytes).
    Removing stm32f2xx_hal_i2c.o(.ARM.exidx.text.I2C_Slave_AF), (8 bytes).
    Removing stm32f2xx_hal_i2c.o(.text.HAL_I2C_MasterTxCpltCallback), (8 bytes).
    Removing stm32f2xx_hal_i2c.o(.ARM.exidx.text.HAL_I2C_MasterTxCpltCallback), (8 bytes).
    Removing stm32f2xx_hal_i2c.o(.text.HAL_I2C_MasterRxCpltCallback), (8 bytes).
    Removing stm32f2xx_hal_i2c.o(.ARM.exidx.text.HAL_I2C_MasterRxCpltCallback), (8 bytes).
    Removing stm32f2xx_hal_i2c.o(.text.HAL_I2C_SlaveTxCpltCallback), (8 bytes).
    Removing stm32f2xx_hal_i2c.o(.ARM.exidx.text.HAL_I2C_SlaveTxCpltCallback), (8 bytes).
    Removing stm32f2xx_hal_i2c.o(.text.HAL_I2C_SlaveRxCpltCallback), (8 bytes).
    Removing stm32f2xx_hal_i2c.o(.ARM.exidx.text.HAL_I2C_SlaveRxCpltCallback), (8 bytes).
    Removing stm32f2xx_hal_i2c.o(.text.HAL_I2C_AddrCallback), (16 bytes).
    Removing stm32f2xx_hal_i2c.o(.ARM.exidx.text.HAL_I2C_AddrCallback), (8 bytes).
    Removing stm32f2xx_hal_i2c.o(.text.HAL_I2C_ListenCpltCallback), (8 bytes).
    Removing stm32f2xx_hal_i2c.o(.ARM.exidx.text.HAL_I2C_ListenCpltCallback), (8 bytes).
    Removing stm32f2xx_hal_i2c.o(.text.HAL_I2C_MemTxCpltCallback), (8 bytes).
    Removing stm32f2xx_hal_i2c.o(.ARM.exidx.text.HAL_I2C_MemTxCpltCallback), (8 bytes).
    Removing stm32f2xx_hal_i2c.o(.text.HAL_I2C_MemRxCpltCallback), (8 bytes).
    Removing stm32f2xx_hal_i2c.o(.ARM.exidx.text.HAL_I2C_MemRxCpltCallback), (8 bytes).
    Removing stm32f2xx_hal_i2c.o(.text.HAL_I2C_ErrorCallback), (8 bytes).
    Removing stm32f2xx_hal_i2c.o(.ARM.exidx.text.HAL_I2C_ErrorCallback), (8 bytes).
    Removing stm32f2xx_hal_i2c.o(.text.HAL_I2C_AbortCpltCallback), (8 bytes).
    Removing stm32f2xx_hal_i2c.o(.ARM.exidx.text.HAL_I2C_AbortCpltCallback), (8 bytes).
    Removing stm32f2xx_hal_i2c.o(.text.HAL_I2C_GetState), (14 bytes).
    Removing stm32f2xx_hal_i2c.o(.ARM.exidx.text.HAL_I2C_GetState), (8 bytes).
    Removing stm32f2xx_hal_i2c.o(.text.HAL_I2C_GetMode), (14 bytes).
    Removing stm32f2xx_hal_i2c.o(.ARM.exidx.text.HAL_I2C_GetMode), (8 bytes).
    Removing stm32f2xx_hal_i2c.o(.text.HAL_I2C_GetError), (12 bytes).
    Removing stm32f2xx_hal_i2c.o(.ARM.exidx.text.HAL_I2C_GetError), (8 bytes).
    Removing stm32f2xx_hal_i2c.o(.text.I2C_Flush_DR), (36 bytes).
    Removing stm32f2xx_hal_i2c.o(.ARM.exidx.text.I2C_Flush_DR), (8 bytes).
    Removing stm32f2xx_hal_i2c.o(.text.I2C_WaitOnSTOPRequestThroughIT), (120 bytes).
    Removing stm32f2xx_hal_i2c.o(.ARM.exidx.text.I2C_WaitOnSTOPRequestThroughIT), (8 bytes).
    Removing stm32f2xx_hal_i2c.o(.ARM.exidx.text.I2C_WaitOnMasterAddressFlagUntilTimeout), (8 bytes).
    Removing stm32f2xx_hal_i2c.o(.ARM.exidx.text.I2C_IsAcknowledgeFailed), (8 bytes).
    Removing stm32f2xx_hal_pwr.o(.text), (0 bytes).
    Removing stm32f2xx_hal_pwr.o(.text.HAL_PWR_DeInit), (26 bytes).
    Removing stm32f2xx_hal_pwr.o(.ARM.exidx.text.HAL_PWR_DeInit), (8 bytes).
    Removing stm32f2xx_hal_pwr.o(.text.HAL_PWR_EnableBkUpAccess), (38 bytes).
    Removing stm32f2xx_hal_pwr.o(.ARM.exidx.text.HAL_PWR_EnableBkUpAccess), (8 bytes).
    Removing stm32f2xx_hal_pwr.o(.text.HAL_PWR_DisableBkUpAccess), (38 bytes).
    Removing stm32f2xx_hal_pwr.o(.ARM.exidx.text.HAL_PWR_DisableBkUpAccess), (8 bytes).
    Removing stm32f2xx_hal_pwr.o(.text.HAL_PWR_ConfigPVD), (210 bytes).
    Removing stm32f2xx_hal_pwr.o(.ARM.exidx.text.HAL_PWR_ConfigPVD), (8 bytes).
    Removing stm32f2xx_hal_pwr.o(.text.HAL_PWR_EnablePVD), (36 bytes).
    Removing stm32f2xx_hal_pwr.o(.ARM.exidx.text.HAL_PWR_EnablePVD), (8 bytes).
    Removing stm32f2xx_hal_pwr.o(.text.HAL_PWR_DisablePVD), (36 bytes).
    Removing stm32f2xx_hal_pwr.o(.ARM.exidx.text.HAL_PWR_DisablePVD), (8 bytes).
    Removing stm32f2xx_hal_pwr.o(.text.HAL_PWR_EnableWakeUpPin), (24 bytes).
    Removing stm32f2xx_hal_pwr.o(.ARM.exidx.text.HAL_PWR_EnableWakeUpPin), (8 bytes).
    Removing stm32f2xx_hal_pwr.o(.text.HAL_PWR_DisableWakeUpPin), (24 bytes).
    Removing stm32f2xx_hal_pwr.o(.ARM.exidx.text.HAL_PWR_DisableWakeUpPin), (8 bytes).
    Removing stm32f2xx_hal_pwr.o(.text.HAL_PWR_EnterSLEEPMode), (50 bytes).
    Removing stm32f2xx_hal_pwr.o(.ARM.exidx.text.HAL_PWR_EnterSLEEPMode), (8 bytes).
    Removing stm32f2xx_hal_pwr.o(.text.HAL_PWR_EnterSTOPMode), (86 bytes).
    Removing stm32f2xx_hal_pwr.o(.ARM.exidx.text.HAL_PWR_EnterSTOPMode), (8 bytes).
    Removing stm32f2xx_hal_pwr.o(.text.HAL_PWR_EnterSTANDBYMode), (36 bytes).
    Removing stm32f2xx_hal_pwr.o(.ARM.exidx.text.HAL_PWR_EnterSTANDBYMode), (8 bytes).
    Removing stm32f2xx_hal_pwr.o(.text.HAL_PWR_PVD_IRQHandler), (42 bytes).
    Removing stm32f2xx_hal_pwr.o(.ARM.exidx.text.HAL_PWR_PVD_IRQHandler), (8 bytes).
    Removing stm32f2xx_hal_pwr.o(.text.HAL_PWR_PVDCallback), (2 bytes).
    Removing stm32f2xx_hal_pwr.o(.ARM.exidx.text.HAL_PWR_PVDCallback), (8 bytes).
    Removing stm32f2xx_hal_pwr.o(.text.HAL_PWR_EnableSleepOnExit), (18 bytes).
    Removing stm32f2xx_hal_pwr.o(.ARM.exidx.text.HAL_PWR_EnableSleepOnExit), (8 bytes).
    Removing stm32f2xx_hal_pwr.o(.text.HAL_PWR_DisableSleepOnExit), (18 bytes).
    Removing stm32f2xx_hal_pwr.o(.ARM.exidx.text.HAL_PWR_DisableSleepOnExit), (8 bytes).
    Removing stm32f2xx_hal_pwr.o(.text.HAL_PWR_EnableSEVOnPend), (18 bytes).
    Removing stm32f2xx_hal_pwr.o(.ARM.exidx.text.HAL_PWR_EnableSEVOnPend), (8 bytes).
    Removing stm32f2xx_hal_pwr.o(.text.HAL_PWR_DisableSEVOnPend), (18 bytes).
    Removing stm32f2xx_hal_pwr.o(.ARM.exidx.text.HAL_PWR_DisableSEVOnPend), (8 bytes).
    Removing stm32f2xx_hal_pwr_ex.o(.text), (0 bytes).
    Removing stm32f2xx_hal_pwr_ex.o(.text.HAL_PWREx_EnableBkUpReg), (114 bytes).
    Removing stm32f2xx_hal_pwr_ex.o(.ARM.exidx.text.HAL_PWREx_EnableBkUpReg), (8 bytes).
    Removing stm32f2xx_hal_pwr_ex.o(.text.HAL_PWREx_DisableBkUpReg), (112 bytes).
    Removing stm32f2xx_hal_pwr_ex.o(.ARM.exidx.text.HAL_PWREx_DisableBkUpReg), (8 bytes).
    Removing stm32f2xx_hal_pwr_ex.o(.text.HAL_PWREx_EnableFlashPowerDown), (38 bytes).
    Removing stm32f2xx_hal_pwr_ex.o(.ARM.exidx.text.HAL_PWREx_EnableFlashPowerDown), (8 bytes).
    Removing stm32f2xx_hal_pwr_ex.o(.text.HAL_PWREx_DisableFlashPowerDown), (38 bytes).
    Removing stm32f2xx_hal_pwr_ex.o(.ARM.exidx.text.HAL_PWREx_DisableFlashPowerDown), (8 bytes).

495 unused section(s) (total 49294 bytes) removed from the image.

==============================================================================

Image Symbol Table

    Local Symbols

    Symbol Name                              Value     Ov Type        Size  Object(Section)

    ../clib/angel/boardlib.s                 0x00000000   Number         0  boardinit1.o ABSOLUTE
    ../clib/angel/boardlib.s                 0x00000000   Number         0  boardinit2.o ABSOLUTE
    ../clib/angel/boardlib.s                 0x00000000   Number         0  boardinit3.o ABSOLUTE
    ../clib/angel/boardlib.s                 0x00000000   Number         0  boardshut.o ABSOLUTE
    ../clib/angel/handlers.s                 0x00000000   Number         0  __scatter_copy.o ABSOLUTE
    ../clib/angel/handlers.s                 0x00000000   Number         0  __scatter_zi.o ABSOLUTE
    ../clib/angel/kernel.s                   0x00000000   Number         0  __rtentry.o ABSOLUTE
    ../clib/angel/kernel.s                   0x00000000   Number         0  __rtentry2.o ABSOLUTE
    ../clib/angel/kernel.s                   0x00000000   Number         0  __rtentry4.o ABSOLUTE
    ../clib/angel/kernel.s                   0x00000000   Number         0  rtexit.o ABSOLUTE
    ../clib/angel/kernel.s                   0x00000000   Number         0  rtexit2.o ABSOLUTE
    ../clib/angel/rt.s                       0x00000000   Number         0  aeabi_ldiv0.o ABSOLUTE
    ../clib/angel/rt.s                       0x00000000   Number         0  aeabi_ldiv0_sigfpe.o ABSOLUTE
    ../clib/angel/rt.s                       0x00000000   Number         0  rt_div0.o ABSOLUTE
    ../clib/angel/rt.s                       0x00000000   Number         0  rt_errno_addr.o ABSOLUTE
    ../clib/angel/rt.s                       0x00000000   Number         0  rt_errno_addr_intlibspace.o ABSOLUTE
    ../clib/angel/rt.s                       0x00000000   Number         0  rt_raise.o ABSOLUTE
    ../clib/angel/scatter.s                  0x00000000   Number         0  __scatter.o ABSOLUTE
    ../clib/angel/startup.s                  0x00000000   Number         0  __main.o ABSOLUTE
    ../clib/angel/sys.s                      0x00000000   Number         0  libspace.o ABSOLUTE
    ../clib/angel/sys.s                      0x00000000   Number         0  sys_stackheap_outer.o ABSOLUTE
    ../clib/angel/sys.s                      0x00000000   Number         0  use_no_semi.o ABSOLUTE
    ../clib/angel/sys.s                      0x00000000   Number         0  indicate_semi.o ABSOLUTE
    ../clib/angel/sysapp.c                   0x00000000   Number         0  sys_exit.o ABSOLUTE
    ../clib/angel/sysapp.c                   0x00000000   Number         0  sys_exit_hlt.o ABSOLUTE
    ../clib/angel/sysapp.c                   0x00000000   Number         0  sys_wrch.o ABSOLUTE
    ../clib/angel/sysapp.c                   0x00000000   Number         0  sys_wrch_hlt.o ABSOLUTE
    ../clib/angel/sysapp.c                   0x00000000   Number         0  sys_command.o ABSOLUTE
    ../clib/angel/sysapp.c                   0x00000000   Number         0  sys_command_hlt.o ABSOLUTE
    ../clib/armsys.c                         0x00000000   Number         0  argv_veneer.o ABSOLUTE
    ../clib/armsys.c                         0x00000000   Number         0  argv_veneer.o ABSOLUTE
    ../clib/armsys.c                         0x00000000   Number         0  _get_argv_nomalloc.o ABSOLUTE
    ../clib/armsys.c                         0x00000000   Number         0  no_argv.o ABSOLUTE
    ../clib/fenv.c                           0x00000000   Number         0  _rserrno.o ABSOLUTE
    ../clib/heapalloc.c                      0x00000000   Number         0  hrguard.o ABSOLUTE
    ../clib/heapaux.c                        0x00000000   Number         0  heapauxi.o ABSOLUTE
    ../clib/libinit.s                        0x00000000   Number         0  libinit.o ABSOLUTE
    ../clib/libinit.s                        0x00000000   Number         0  libinit2.o ABSOLUTE
    ../clib/libinit.s                        0x00000000   Number         0  libshutdown.o ABSOLUTE
    ../clib/libinit.s                        0x00000000   Number         0  libshutdown2.o ABSOLUTE
    ../clib/longlong.s                       0x00000000   Number         0  lludivv7m.o ABSOLUTE
    ../clib/memcpset.s                       0x00000000   Number         0  rt_memclr_w.o ABSOLUTE
    ../clib/signal.c                         0x00000000   Number         0  defsig_fpe_outer.o ABSOLUTE
    ../clib/signal.c                         0x00000000   Number         0  defsig_fpe_formal.o ABSOLUTE
    ../clib/signal.c                         0x00000000   Number         0  defsig_exit.o ABSOLUTE
    ../clib/signal.c                         0x00000000   Number         0  defsig_fpe_inner.o ABSOLUTE
    ../clib/signal.c                         0x00000000   Number         0  __raise.o ABSOLUTE
    ../clib/signal.c                         0x00000000   Number         0  defsig_general.o ABSOLUTE
    ../clib/signal.c                         0x00000000   Number         0  defsig_abrt_inner.o ABSOLUTE
    ../clib/signal.c                         0x00000000   Number         0  defsig_rtred_inner.o ABSOLUTE
    ../clib/signal.c                         0x00000000   Number         0  defsig_rtmem_inner.o ABSOLUTE
    ../clib/signal.c                         0x00000000   Number         0  defsig_rtmem_outer.o ABSOLUTE
    ../clib/signal.c                         0x00000000   Number         0  defsig_rtmem_formal.o ABSOLUTE
    ../clib/signal.c                         0x00000000   Number         0  defsig_stak_inner.o ABSOLUTE
    ../clib/signal.c                         0x00000000   Number         0  defsig_pvfn_inner.o ABSOLUTE
    ../clib/signal.c                         0x00000000   Number         0  defsig_cppl_inner.o ABSOLUTE
    ../clib/signal.c                         0x00000000   Number         0  defsig_segv_inner.o ABSOLUTE
    ../clib/signal.c                         0x00000000   Number         0  defsig_other.o ABSOLUTE
    ../clib/signal.s                         0x00000000   Number         0  defsig.o ABSOLUTE
    ../clib/stdlib.c                         0x00000000   Number         0  exit.o ABSOLUTE
    ../fplib/d2f.s                           0x00000000   Number         0  d2f.o ABSOLUTE
    ../fplib/dflt.s                          0x00000000   Number         0  dflt_clz.o ABSOLUTE
    ../fplib/dmul.s                          0x00000000   Number         0  dmul.o ABSOLUTE
    ../fplib/dnaninf.s                       0x00000000   Number         0  dnaninf.o ABSOLUTE
    ../fplib/dretinf.s                       0x00000000   Number         0  dretinf.o ABSOLUTE
    ../fplib/f2d.s                           0x00000000   Number         0  f2d.o ABSOLUTE
    ../fplib/faddsub.s                       0x00000000   Number         0  faddsub_clz.o ABSOLUTE
    ../fplib/fcheck1.s                       0x00000000   Number         0  fcheck1.o ABSOLUTE
    ../fplib/fdiv.s                          0x00000000   Number         0  fdiv.o ABSOLUTE
    ../fplib/ffix.s                          0x00000000   Number         0  ffix.o ABSOLUTE
    ../fplib/fflt.s                          0x00000000   Number         0  fflt_clz.o ABSOLUTE
    ../fplib/fmul.s                          0x00000000   Number         0  fmul.o ABSOLUTE
    ../fplib/fnaninf.s                       0x00000000   Number         0  fnaninf.o ABSOLUTE
    ../fplib/fpinit.s                        0x00000000   Number         0  fpinit.o ABSOLUTE
    ../fplib/fpinit_empty.s                  0x00000000   Number         0  fpinit_empty.o ABSOLUTE
    ../fplib/fretinf.s                       0x00000000   Number         0  fretinf.o ABSOLUTE
    ../fplib/frnd.s                          0x00000000   Number         0  frnd.o ABSOLUTE
    ../fplib/retnan.s                        0x00000000   Number         0  retnan.o ABSOLUTE
    ../fplib/scalbnf.s                       0x00000000   Number         0  scalbnf.o ABSOLUTE
    ../fplib/trapv.s                         0x00000000   Number         0  trapv.o ABSOLUTE
    ../fplib/usenofp.s                       0x00000000   Number         0  usenofp.o ABSOLUTE
    ../mathlib/fpclassifyf.c                 0x00000000   Number         0  fpclassifyf.o ABSOLUTE
    ../mathlib/funder.c                      0x00000000   Number         0  funder.o ABSOLUTE
    ../mathlib/rredf.c                       0x00000000   Number         0  rredf.o ABSOLUTE
    ../mathlib/sinf.c                        0x00000000   Number         0  sinf.o ABSOLUTE
    RTE/Device/STM32F207IGHx/startup_stm32f207xx.s 0x00000000   Number         0  startup_stm32f207xx.o ABSOLUTE
    cs42l52.c                                0x00000000   Number         0  cs42l52.o ABSOLUTE
    dc.s                                     0x00000000   Number         0  dc.o ABSOLUTE
    main.c                                   0x00000000   Number         0  main.o ABSOLUTE
    stm32f2xx_hal.c                          0x00000000   Number         0  stm32f2xx_hal.o ABSOLUTE
    stm32f2xx_hal_cortex.c                   0x00000000   Number         0  stm32f2xx_hal_cortex.o ABSOLUTE
    stm32f2xx_hal_dma.c                      0x00000000   Number         0  stm32f2xx_hal_dma.o ABSOLUTE
    stm32f2xx_hal_dma_ex.c                   0x00000000   Number         0  stm32f2xx_hal_dma_ex.o ABSOLUTE
    stm32f2xx_hal_gpio.c                     0x00000000   Number         0  stm32f2xx_hal_gpio.o ABSOLUTE
    stm32f2xx_hal_i2c.c                      0x00000000   Number         0  stm32f2xx_hal_i2c.o ABSOLUTE
    stm32f2xx_hal_i2s.c                      0x00000000   Number         0  stm32f2xx_hal_i2s.o ABSOLUTE
    stm32f2xx_hal_pwr.c                      0x00000000   Number         0  stm32f2xx_hal_pwr.o ABSOLUTE
    stm32f2xx_hal_pwr_ex.c                   0x00000000   Number         0  stm32f2xx_hal_pwr_ex.o ABSOLUTE
    stm32f2xx_hal_rcc.c                      0x00000000   Number         0  stm32f2xx_hal_rcc.o ABSOLUTE
    stm32f2xx_hal_rcc_ex.c                   0x00000000   Number         0  stm32f2xx_hal_rcc_ex.o ABSOLUTE
    system_stm32f2xx.c                       0x00000000   Number         0  system_stm32f2xx.o ABSOLUTE
    RESET                                    0x08000000   Section      388  startup_stm32f207xx.o(RESET)
    !!!main                                  0x08000184   Section        8  __main.o(!!!main)
    !!!scatter                               0x0800018c   Section       92  __scatter.o(!!!scatter)
    !!handler_copy                           0x080001e8   Section       26  __scatter_copy.o(!!handler_copy)
    !!handler_null                           0x08000204   Section        2  __scatter.o(!!handler_null)
    !!handler_zi                             0x08000208   Section       28  __scatter_zi.o(!!handler_zi)
    .ARM.Collect$$libinit$$00000000          0x08000224   Section        2  libinit.o(.ARM.Collect$$libinit$$00000000)
    .ARM.Collect$$libinit$$00000002          0x08000226   Section        0  libinit2.o(.ARM.Collect$$libinit$$00000002)
    .ARM.Collect$$libinit$$00000004          0x08000226   Section        0  libinit2.o(.ARM.Collect$$libinit$$00000004)
    .ARM.Collect$$libinit$$00000006          0x08000226   Section        0  libinit2.o(.ARM.Collect$$libinit$$00000006)
    .ARM.Collect$$libinit$$0000000C          0x08000226   Section        0  libinit2.o(.ARM.Collect$$libinit$$0000000C)
    .ARM.Collect$$libinit$$0000000E          0x08000226   Section        0  libinit2.o(.ARM.Collect$$libinit$$0000000E)
    .ARM.Collect$$libinit$$00000010          0x08000226   Section        0  libinit2.o(.ARM.Collect$$libinit$$00000010)
    .ARM.Collect$$libinit$$00000013          0x08000226   Section        0  libinit2.o(.ARM.Collect$$libinit$$00000013)
    .ARM.Collect$$libinit$$00000015          0x08000226   Section        0  libinit2.o(.ARM.Collect$$libinit$$00000015)
    .ARM.Collect$$libinit$$00000017          0x08000226   Section        0  libinit2.o(.ARM.Collect$$libinit$$00000017)
    .ARM.Collect$$libinit$$00000019          0x08000226   Section        0  libinit2.o(.ARM.Collect$$libinit$$00000019)
    .ARM.Collect$$libinit$$0000001B          0x08000226   Section        0  libinit2.o(.ARM.Collect$$libinit$$0000001B)
    .ARM.Collect$$libinit$$0000001D          0x08000226   Section        0  libinit2.o(.ARM.Collect$$libinit$$0000001D)
    .ARM.Collect$$libinit$$0000001F          0x08000226   Section        0  libinit2.o(.ARM.Collect$$libinit$$0000001F)
    .ARM.Collect$$libinit$$00000021          0x08000226   Section        0  libinit2.o(.ARM.Collect$$libinit$$00000021)
    .ARM.Collect$$libinit$$00000023          0x08000226   Section        0  libinit2.o(.ARM.Collect$$libinit$$00000023)
    .ARM.Collect$$libinit$$00000025          0x08000226   Section        0  libinit2.o(.ARM.Collect$$libinit$$00000025)
    .ARM.Collect$$libinit$$00000027          0x08000226   Section        0  libinit2.o(.ARM.Collect$$libinit$$00000027)
    .ARM.Collect$$libinit$$0000002E          0x08000226   Section        0  libinit2.o(.ARM.Collect$$libinit$$0000002E)
    .ARM.Collect$$libinit$$00000030          0x08000226   Section        0  libinit2.o(.ARM.Collect$$libinit$$00000030)
    .ARM.Collect$$libinit$$00000032          0x08000226   Section        0  libinit2.o(.ARM.Collect$$libinit$$00000032)
    .ARM.Collect$$libinit$$00000034          0x08000226   Section        0  libinit2.o(.ARM.Collect$$libinit$$00000034)
    .ARM.Collect$$libinit$$00000035          0x08000226   Section        2  libinit2.o(.ARM.Collect$$libinit$$00000035)
    .ARM.Collect$$libshutdown$$00000000      0x08000228   Section        2  libshutdown.o(.ARM.Collect$$libshutdown$$00000000)
    .ARM.Collect$$libshutdown$$00000002      0x0800022a   Section        0  libshutdown2.o(.ARM.Collect$$libshutdown$$00000002)
    .ARM.Collect$$libshutdown$$00000004      0x0800022a   Section        0  libshutdown2.o(.ARM.Collect$$libshutdown$$00000004)
    .ARM.Collect$$libshutdown$$00000007      0x0800022a   Section        0  libshutdown2.o(.ARM.Collect$$libshutdown$$00000007)
    .ARM.Collect$$libshutdown$$0000000A      0x0800022a   Section        0  libshutdown2.o(.ARM.Collect$$libshutdown$$0000000A)
    .ARM.Collect$$libshutdown$$0000000C      0x0800022a   Section        0  libshutdown2.o(.ARM.Collect$$libshutdown$$0000000C)
    .ARM.Collect$$libshutdown$$0000000F      0x0800022a   Section        0  libshutdown2.o(.ARM.Collect$$libshutdown$$0000000F)
    .ARM.Collect$$libshutdown$$00000010      0x0800022a   Section        2  libshutdown2.o(.ARM.Collect$$libshutdown$$00000010)
    .ARM.Collect$$rtentry$$00000000          0x0800022c   Section        0  __rtentry.o(.ARM.Collect$$rtentry$$00000000)
    .ARM.Collect$$rtentry$$00000002          0x0800022c   Section        0  __rtentry2.o(.ARM.Collect$$rtentry$$00000002)
    .ARM.Collect$$rtentry$$00000004          0x0800022c   Section        6  __rtentry4.o(.ARM.Collect$$rtentry$$00000004)
    .ARM.Collect$$rtentry$$00000009          0x08000232   Section        0  __rtentry2.o(.ARM.Collect$$rtentry$$00000009)
    .ARM.Collect$$rtentry$$0000000A          0x08000232   Section        4  __rtentry2.o(.ARM.Collect$$rtentry$$0000000A)
    .ARM.Collect$$rtentry$$0000000C          0x08000236   Section        0  __rtentry2.o(.ARM.Collect$$rtentry$$0000000C)
    .ARM.Collect$$rtentry$$0000000D          0x08000236   Section        8  __rtentry2.o(.ARM.Collect$$rtentry$$0000000D)
    .ARM.Collect$$rtexit$$00000000           0x0800023e   Section        2  rtexit.o(.ARM.Collect$$rtexit$$00000000)
    .ARM.Collect$$rtexit$$00000002           0x08000240   Section        0  rtexit2.o(.ARM.Collect$$rtexit$$00000002)
    .ARM.Collect$$rtexit$$00000003           0x08000240   Section        4  rtexit2.o(.ARM.Collect$$rtexit$$00000003)
    .ARM.Collect$$rtexit$$00000004           0x08000244   Section        6  rtexit2.o(.ARM.Collect$$rtexit$$00000004)
    .text                                    0x0800024c   Section       64  startup_stm32f207xx.o(.text)
    .text                                    0x0800028c   Section      240  lludivv7m.o(.text)
    .text                                    0x0800037c   Section       78  rt_memclr_w.o(.text)
    .text                                    0x080003ca   Section        0  heapauxi.o(.text)
    .text                                    0x080003d0   Section        0  _rserrno.o(.text)
    .text                                    0x080003e8   Section        8  rt_errno_addr_intlibspace.o(.text)
    .text                                    0x080003f0   Section        8  libspace.o(.text)
    .text                                    0x080003f8   Section       74  sys_stackheap_outer.o(.text)
    .text                                    0x08000442   Section        0  exit.o(.text)
    .text                                    0x08000454   Section        0  sys_exit.o(.text)
    .text                                    0x08000460   Section        2  use_no_semi.o(.text)
    .text                                    0x08000462   Section        0  indicate_semi.o(.text)
    [Anonymous Symbol]                       0x08000464   Section        0  main.o(.text.AUDIO_IO_Delay)
    [Anonymous Symbol]                       0x08000474   Section        0  main.o(.text.AUDIO_IO_Init)
    [Anonymous Symbol]                       0x08000478   Section        0  main.o(.text.AUDIO_IO_Write)
    CODEC_IO_Write                           0x080004b9   Thumb Code    44  cs42l52.o(.text.CODEC_IO_Write)
    [Anonymous Symbol]                       0x080004b8   Section        0  cs42l52.o(.text.CODEC_IO_Write)
    [Anonymous Symbol]                       0x080004e4   Section        0  main.o(.text.Generate_Tone)
    [Anonymous Symbol]                       0x08000580   Section        0  stm32f2xx_hal.o(.text.HAL_Delay)
    [Anonymous Symbol]                       0x080005c4   Section        0  stm32f2xx_hal.o(.text.HAL_GetTick)
    [Anonymous Symbol]                       0x080005d0   Section        0  stm32f2xx_hal_i2c.o(.text.HAL_I2C_Mem_Write)
    [Anonymous Symbol]                       0x080007e4   Section        0  stm32f2xx_hal_i2s.o(.text.HAL_I2S_Init)
    [Anonymous Symbol]                       0x08000a78   Section        0  stm32f2xx_hal_i2s.o(.text.HAL_I2S_MspInit)
    [Anonymous Symbol]                       0x08000a80   Section        0  stm32f2xx_hal_i2s.o(.text.HAL_I2S_Transmit)
    [Anonymous Symbol]                       0x08000ca0   Section        0  stm32f2xx_hal.o(.text.HAL_Init)
    [Anonymous Symbol]                       0x08000cd8   Section        0  stm32f2xx_hal.o(.text.HAL_InitTick)
    [Anonymous Symbol]                       0x08000d48   Section        0  stm32f2xx_hal.o(.text.HAL_MspInit)
    [Anonymous Symbol]                       0x08000d4c   Section        0  stm32f2xx_hal_cortex.o(.text.HAL_NVIC_SetPriority)
    [Anonymous Symbol]                       0x08000d80   Section        0  stm32f2xx_hal_cortex.o(.text.HAL_NVIC_SetPriorityGrouping)
    [Anonymous Symbol]                       0x08000d90   Section        0  stm32f2xx_hal_rcc.o(.text.HAL_RCC_ClockConfig)
    [Anonymous Symbol]                       0x08001000   Section        0  stm32f2xx_hal_rcc.o(.text.HAL_RCC_GetSysClockFreq)
    [Anonymous Symbol]                       0x080010e8   Section        0  stm32f2xx_hal_rcc.o(.text.HAL_RCC_OscConfig)
    [Anonymous Symbol]                       0x08001738   Section        0  stm32f2xx_hal_cortex.o(.text.HAL_SYSTICK_Config)
    I2C_IsAcknowledgeFailed                  0x08001749   Thumb Code   100  stm32f2xx_hal_i2c.o(.text.I2C_IsAcknowledgeFailed)
    [Anonymous Symbol]                       0x08001748   Section        0  stm32f2xx_hal_i2c.o(.text.I2C_IsAcknowledgeFailed)
    I2C_RequestMemoryWrite                   0x080017ad   Thumb Code   314  stm32f2xx_hal_i2c.o(.text.I2C_RequestMemoryWrite)
    [Anonymous Symbol]                       0x080017ac   Section        0  stm32f2xx_hal_i2c.o(.text.I2C_RequestMemoryWrite)
    I2C_WaitOnBTFFlagUntilTimeout            0x080018e9   Thumb Code   172  stm32f2xx_hal_i2c.o(.text.I2C_WaitOnBTFFlagUntilTimeout)
    [Anonymous Symbol]                       0x080018e8   Section        0  stm32f2xx_hal_i2c.o(.text.I2C_WaitOnBTFFlagUntilTimeout)
    I2C_WaitOnFlagUntilTimeout               0x08001995   Thumb Code   264  stm32f2xx_hal_i2c.o(.text.I2C_WaitOnFlagUntilTimeout)
    [Anonymous Symbol]                       0x08001994   Section        0  stm32f2xx_hal_i2c.o(.text.I2C_WaitOnFlagUntilTimeout)
    I2C_WaitOnMasterAddressFlagUntilTimeout  0x08001a9d   Thumb Code   340  stm32f2xx_hal_i2c.o(.text.I2C_WaitOnMasterAddressFlagUntilTimeout)
    [Anonymous Symbol]                       0x08001a9c   Section        0  stm32f2xx_hal_i2c.o(.text.I2C_WaitOnMasterAddressFlagUntilTimeout)
    I2C_WaitOnTXEFlagUntilTimeout            0x08001bf1   Thumb Code   168  stm32f2xx_hal_i2c.o(.text.I2C_WaitOnTXEFlagUntilTimeout)
    [Anonymous Symbol]                       0x08001bf0   Section        0  stm32f2xx_hal_i2c.o(.text.I2C_WaitOnTXEFlagUntilTimeout)
    I2S_WaitFlagStateUntilTimeout            0x08001c99   Thumb Code   128  stm32f2xx_hal_i2s.o(.text.I2S_WaitFlagStateUntilTimeout)
    [Anonymous Symbol]                       0x08001c98   Section        0  stm32f2xx_hal_i2s.o(.text.I2S_WaitFlagStateUntilTimeout)
    [Anonymous Symbol]                       0x08001d18   Section        0  main.o(.text.MX_I2S3_Init)
    NVIC_EncodePriority                      0x08001d7d   Thumb Code   108  stm32f2xx_hal_cortex.o(.text.NVIC_EncodePriority)
    [Anonymous Symbol]                       0x08001d7c   Section        0  stm32f2xx_hal_cortex.o(.text.NVIC_EncodePriority)
    SysTick_Config                           0x08001de9   Thumb Code    82  stm32f2xx_hal_cortex.o(.text.SysTick_Config)
    [Anonymous Symbol]                       0x08001de8   Section        0  stm32f2xx_hal_cortex.o(.text.SysTick_Config)
    [Anonymous Symbol]                       0x08001e3c   Section        0  main.o(.text.SystemClock_Config)
    [Anonymous Symbol]                       0x08001ed0   Section        0  system_stm32f2xx.o(.text.SystemInit)
    __NVIC_GetPriorityGrouping               0x08001ed5   Thumb Code    16  stm32f2xx_hal_cortex.o(.text.__NVIC_GetPriorityGrouping)
    [Anonymous Symbol]                       0x08001ed4   Section        0  stm32f2xx_hal_cortex.o(.text.__NVIC_GetPriorityGrouping)
    __NVIC_SetPriority                       0x08001ee5   Thumb Code    66  stm32f2xx_hal_cortex.o(.text.__NVIC_SetPriority)
    [Anonymous Symbol]                       0x08001ee4   Section        0  stm32f2xx_hal_cortex.o(.text.__NVIC_SetPriority)
    __NVIC_SetPriorityGrouping               0x08001f29   Thumb Code    60  stm32f2xx_hal_cortex.o(.text.__NVIC_SetPriorityGrouping)
    [Anonymous Symbol]                       0x08001f28   Section        0  stm32f2xx_hal_cortex.o(.text.__NVIC_SetPriorityGrouping)
    [Anonymous Symbol]                       0x08001f64   Section        0  cs42l52.o(.text.cs42l52_Init)
    [Anonymous Symbol]                       0x08002170   Section        0  cs42l52.o(.text.cs42l52_Play)
    [Anonymous Symbol]                       0x080021d0   Section        0  cs42l52.o(.text.cs42l52_SetMute)
    [Anonymous Symbol]                       0x08002248   Section        0  cs42l52.o(.text.cs42l52_SetVolume)
    [Anonymous Symbol]                       0x08002304   Section        0  cs42l52.o(.text.cs42l52_Stop)
    [Anonymous Symbol]                       0x08002354   Section        0  main.o(.text.main)
    i.__ARM_fpclassifyf                      0x080023be   Section        0  fpclassifyf.o(i.__ARM_fpclassifyf)
    i.__mathlib_flt_infnan                   0x080023e4   Section        0  funder.o(i.__mathlib_flt_infnan)
    i.__mathlib_flt_invalid                  0x080023ea   Section        0  funder.o(i.__mathlib_flt_invalid)
    i.__mathlib_flt_underflow                0x080023f2   Section        0  funder.o(i.__mathlib_flt_underflow)
    i.__mathlib_rredf2                       0x080023fc   Section        0  rredf.o(i.__mathlib_rredf2)
    i.sinf                                   0x08002564   Section        0  sinf.o(i.sinf)
    x$fpl$d2f                                0x080026ec   Section       98  d2f.o(x$fpl$d2f)
    x$fpl$dfltu                              0x0800274e   Section       38  dflt_clz.o(x$fpl$dfltu)
    x$fpl$dmul                               0x08002774   Section      340  dmul.o(x$fpl$dmul)
    x$fpl$dnaninf                            0x080028c8   Section      156  dnaninf.o(x$fpl$dnaninf)
    x$fpl$dretinf                            0x08002964   Section       12  dretinf.o(x$fpl$dretinf)
    x$fpl$f2d                                0x08002970   Section       86  f2d.o(x$fpl$f2d)
    x$fpl$fadd                               0x080029c8   Section      196  faddsub_clz.o(x$fpl$fadd)
    _fadd1                                   0x080029d7   Thumb Code     0  faddsub_clz.o(x$fpl$fadd)
    x$fpl$fcheck1                            0x08002a8c   Section       12  fcheck1.o(x$fpl$fcheck1)
    _fdiv1                                   0x08002a99   Thumb Code     0  fdiv.o(x$fpl$fdiv)
    x$fpl$fdiv                               0x08002a98   Section      388  fdiv.o(x$fpl$fdiv)
    x$fpl$ffix                               0x08002c1c   Section       54  ffix.o(x$fpl$ffix)
    x$fpl$fflt                               0x08002c54   Section       48  fflt_clz.o(x$fpl$fflt)
    x$fpl$ffltu                              0x08002c84   Section       38  fflt_clz.o(x$fpl$ffltu)
    x$fpl$fmul                               0x08002cac   Section      258  fmul.o(x$fpl$fmul)
    x$fpl$fnaninf                            0x08002dae   Section      140  fnaninf.o(x$fpl$fnaninf)
    x$fpl$fretinf                            0x08002e3a   Section       10  fretinf.o(x$fpl$fretinf)
    x$fpl$frnd                               0x08002e44   Section       96  frnd.o(x$fpl$frnd)
    x$fpl$frsb                               0x08002ea4   Section       20  faddsub_clz.o(x$fpl$frsb)
    x$fpl$fsub                               0x08002eb8   Section      234  faddsub_clz.o(x$fpl$fsub)
    _fsub1                                   0x08002ec7   Thumb Code     0  faddsub_clz.o(x$fpl$fsub)
    x$fpl$retnan                             0x08002fa2   Section      100  retnan.o(x$fpl$retnan)
    x$fpl$scalbnf                            0x08003006   Section       76  scalbnf.o(x$fpl$scalbnf)
    x$fpl$trapveneer                         0x08003052   Section       48  trapv.o(x$fpl$trapveneer)
    x$fpl$usenofp                            0x08003082   Section        0  usenofp.o(x$fpl$usenofp)
    twooverpi                                0x08003084   Data          32  rredf.o(.constdata)
    .constdata                               0x08003084   Section       32  rredf.o(.constdata)
    Is_cs42l52_Stop                          0x20000000   Data           1  cs42l52.o(.data.Is_cs42l52_Stop)
    [Anonymous Symbol]                       0x20000000   Section        0  cs42l52.o(.data.Is_cs42l52_Stop)
    .bss                                     0x20000010   Section       96  libspace.o(.bss)
    Heap_Mem                                 0x20003f90   Data         512  startup_stm32f207xx.o(HEAP)
    HEAP                                     0x20003f90   Section      512  startup_stm32f207xx.o(HEAP)
    Stack_Mem                                0x20004190   Data        1024  startup_stm32f207xx.o(STACK)
    STACK                                    0x20004190   Section     1024  startup_stm32f207xx.o(STACK)
    __initial_sp                             0x20004590   Data           0  startup_stm32f207xx.o(STACK)

    Global Symbols

    Symbol Name                              Value     Ov Type        Size  Object(Section)

    BuildAttributes$$THM_ISAv4$P$D$K$B$S$PE$A:L22UL41UL21$X:L11$S22US41US21$IEEE1$IW$~IW$USESV6$~STKCKD$USESV7$~SHL$OTIME$ROPI$IEEEX$EBA8$UX$STANDARDLIB$REQ8$PRES8$EABIv2 0x00000000   Number         0  anon$$obj.o ABSOLUTE
    __fp_init_empty                          0x00000000   Number         0  fpinit_empty.o ABSOLUTE
    __ARM_exceptions_init                     - Undefined Weak Reference
    __alloca_initialize                       - Undefined Weak Reference
    __arm_preinit_                            - Undefined Weak Reference
    __arm_relocate_pie_                       - Undefined Weak Reference
    __cpp_initialize__aeabi_                  - Undefined Weak Reference
    __cxa_finalize                            - Undefined Weak Reference
    __rt_locale                               - Undefined Weak Reference
    __sigvec_lookup                           - Undefined Weak Reference
    _atexit_init                              - Undefined Weak Reference
    _call_atexit_fns                          - Undefined Weak Reference
    _clock_init                               - Undefined Weak Reference
    _fp_trap_init                             - Undefined Weak Reference
    _fp_trap_shutdown                         - Undefined Weak Reference
    _get_lc_collate                           - Undefined Weak Reference
    _get_lc_ctype                             - Undefined Weak Reference
    _get_lc_monetary                          - Undefined Weak Reference
    _get_lc_numeric                           - Undefined Weak Reference
    _get_lc_time                              - Undefined Weak Reference
    _getenv_init                              - Undefined Weak Reference
    _handle_redirection                       - Undefined Weak Reference
    _init_alloc                               - Undefined Weak Reference
    _init_user_alloc                          - Undefined Weak Reference
    _initio                                   - Undefined Weak Reference
    _rand_init                                - Undefined Weak Reference
    _signal_finish                            - Undefined Weak Reference
    _signal_init                              - Undefined Weak Reference
    _terminate_alloc                          - Undefined Weak Reference
    _terminate_user_alloc                     - Undefined Weak Reference
    _terminateio                              - Undefined Weak Reference
    __Vectors_Size                           0x00000184   Number         0  startup_stm32f207xx.o ABSOLUTE
    __Vectors                                0x08000000   Data           4  startup_stm32f207xx.o(RESET)
    __Vectors_End                            0x08000184   Data           0  startup_stm32f207xx.o(RESET)
    __main                                   0x08000185   Thumb Code     8  __main.o(!!!main)
    __scatterload                            0x0800018d   Thumb Code     0  __scatter.o(!!!scatter)
    __scatterload_rt2                        0x0800018d   Thumb Code    84  __scatter.o(!!!scatter)
    __scatterload_rt2_thumb_only             0x0800018d   Thumb Code     0  __scatter.o(!!!scatter)
    __scatterload_loop                       0x08000197   Thumb Code     0  __scatter.o(!!!scatter)
    __scatterload_copy                       0x080001e9   Thumb Code    26  __scatter_copy.o(!!handler_copy)
    __scatterload_null                       0x08000205   Thumb Code     2  __scatter.o(!!handler_null)
    __scatterload_zeroinit                   0x08000209   Thumb Code    28  __scatter_zi.o(!!handler_zi)
    __rt_lib_init                            0x08000225   Thumb Code     0  libinit.o(.ARM.Collect$$libinit$$00000000)
    __rt_lib_init_alloca_1                   0x08000227   Thumb Code     0  libinit2.o(.ARM.Collect$$libinit$$00000030)
    __rt_lib_init_argv_1                     0x08000227   Thumb Code     0  libinit2.o(.ARM.Collect$$libinit$$0000002E)
    __rt_lib_init_atexit_1                   0x08000227   Thumb Code     0  libinit2.o(.ARM.Collect$$libinit$$0000001D)
    __rt_lib_init_clock_1                    0x08000227   Thumb Code     0  libinit2.o(.ARM.Collect$$libinit$$00000023)
    __rt_lib_init_cpp_1                      0x08000227   Thumb Code     0  libinit2.o(.ARM.Collect$$libinit$$00000034)
    __rt_lib_init_exceptions_1               0x08000227   Thumb Code     0  libinit2.o(.ARM.Collect$$libinit$$00000032)
    __rt_lib_init_fp_1                       0x08000227   Thumb Code     0  libinit2.o(.ARM.Collect$$libinit$$00000002)
    __rt_lib_init_fp_trap_1                  0x08000227   Thumb Code     0  libinit2.o(.ARM.Collect$$libinit$$00000021)
    __rt_lib_init_getenv_1                   0x08000227   Thumb Code     0  libinit2.o(.ARM.Collect$$libinit$$00000025)
    __rt_lib_init_heap_1                     0x08000227   Thumb Code     0  libinit2.o(.ARM.Collect$$libinit$$0000000C)
    __rt_lib_init_lc_collate_1               0x08000227   Thumb Code     0  libinit2.o(.ARM.Collect$$libinit$$00000013)
    __rt_lib_init_lc_ctype_1                 0x08000227   Thumb Code     0  libinit2.o(.ARM.Collect$$libinit$$00000015)
    __rt_lib_init_lc_monetary_1              0x08000227   Thumb Code     0  libinit2.o(.ARM.Collect$$libinit$$00000017)
    __rt_lib_init_lc_numeric_1               0x08000227   Thumb Code     0  libinit2.o(.ARM.Collect$$libinit$$00000019)
    __rt_lib_init_lc_time_1                  0x08000227   Thumb Code     0  libinit2.o(.ARM.Collect$$libinit$$0000001B)
    __rt_lib_init_preinit_1                  0x08000227   Thumb Code     0  libinit2.o(.ARM.Collect$$libinit$$00000006)
    __rt_lib_init_rand_1                     0x08000227   Thumb Code     0  libinit2.o(.ARM.Collect$$libinit$$00000010)
    __rt_lib_init_relocate_pie_1             0x08000227   Thumb Code     0  libinit2.o(.ARM.Collect$$libinit$$00000004)
    __rt_lib_init_return                     0x08000227   Thumb Code     0  libinit2.o(.ARM.Collect$$libinit$$00000035)
    __rt_lib_init_signal_1                   0x08000227   Thumb Code     0  libinit2.o(.ARM.Collect$$libinit$$0000001F)
    __rt_lib_init_stdio_1                    0x08000227   Thumb Code     0  libinit2.o(.ARM.Collect$$libinit$$00000027)
    __rt_lib_init_user_alloc_1               0x08000227   Thumb Code     0  libinit2.o(.ARM.Collect$$libinit$$0000000E)
    __rt_lib_shutdown                        0x08000229   Thumb Code     0  libshutdown.o(.ARM.Collect$$libshutdown$$00000000)
    __rt_lib_shutdown_cpp_1                  0x0800022b   Thumb Code     0  libshutdown2.o(.ARM.Collect$$libshutdown$$00000002)
    __rt_lib_shutdown_fp_trap_1              0x0800022b   Thumb Code     0  libshutdown2.o(.ARM.Collect$$libshutdown$$00000007)
    __rt_lib_shutdown_heap_1                 0x0800022b   Thumb Code     0  libshutdown2.o(.ARM.Collect$$libshutdown$$0000000F)
    __rt_lib_shutdown_return                 0x0800022b   Thumb Code     0  libshutdown2.o(.ARM.Collect$$libshutdown$$00000010)
    __rt_lib_shutdown_signal_1               0x0800022b   Thumb Code     0  libshutdown2.o(.ARM.Collect$$libshutdown$$0000000A)
    __rt_lib_shutdown_stdio_1                0x0800022b   Thumb Code     0  libshutdown2.o(.ARM.Collect$$libshutdown$$00000004)
    __rt_lib_shutdown_user_alloc_1           0x0800022b   Thumb Code     0  libshutdown2.o(.ARM.Collect$$libshutdown$$0000000C)
    __rt_entry                               0x0800022d   Thumb Code     0  __rtentry.o(.ARM.Collect$$rtentry$$00000000)
    __rt_entry_presh_1                       0x0800022d   Thumb Code     0  __rtentry2.o(.ARM.Collect$$rtentry$$00000002)
    __rt_entry_sh                            0x0800022d   Thumb Code     0  __rtentry4.o(.ARM.Collect$$rtentry$$00000004)
    __rt_entry_li                            0x08000233   Thumb Code     0  __rtentry2.o(.ARM.Collect$$rtentry$$0000000A)
    __rt_entry_postsh_1                      0x08000233   Thumb Code     0  __rtentry2.o(.ARM.Collect$$rtentry$$00000009)
    __rt_entry_main                          0x08000237   Thumb Code     0  __rtentry2.o(.ARM.Collect$$rtentry$$0000000D)
    __rt_entry_postli_1                      0x08000237   Thumb Code     0  __rtentry2.o(.ARM.Collect$$rtentry$$0000000C)
    __rt_exit                                0x0800023f   Thumb Code     0  rtexit.o(.ARM.Collect$$rtexit$$00000000)
    __rt_exit_ls                             0x08000241   Thumb Code     0  rtexit2.o(.ARM.Collect$$rtexit$$00000003)
    __rt_exit_prels_1                        0x08000241   Thumb Code     0  rtexit2.o(.ARM.Collect$$rtexit$$00000002)
    __rt_exit_exit                           0x08000245   Thumb Code     0  rtexit2.o(.ARM.Collect$$rtexit$$00000004)
    Reset_Handler                            0x0800024d   Thumb Code     8  startup_stm32f207xx.o(.text)
    NMI_Handler                              0x08000255   Thumb Code     2  startup_stm32f207xx.o(.text)
    HardFault_Handler                        0x08000257   Thumb Code     2  startup_stm32f207xx.o(.text)
    MemManage_Handler                        0x08000259   Thumb Code     2  startup_stm32f207xx.o(.text)
    BusFault_Handler                         0x0800025b   Thumb Code     2  startup_stm32f207xx.o(.text)
    UsageFault_Handler                       0x0800025d   Thumb Code     2  startup_stm32f207xx.o(.text)
    SVC_Handler                              0x0800025f   Thumb Code     2  startup_stm32f207xx.o(.text)
    DebugMon_Handler                         0x08000261   Thumb Code     2  startup_stm32f207xx.o(.text)
    PendSV_Handler                           0x08000263   Thumb Code     2  startup_stm32f207xx.o(.text)
    SysTick_Handler                          0x08000265   Thumb Code     2  startup_stm32f207xx.o(.text)
    ADC_IRQHandler                           0x08000267   Thumb Code     0  startup_stm32f207xx.o(.text)
    CAN1_RX0_IRQHandler                      0x08000267   Thumb Code     0  startup_stm32f207xx.o(.text)
    CAN1_RX1_IRQHandler                      0x08000267   Thumb Code     0  startup_stm32f207xx.o(.text)
    CAN1_SCE_IRQHandler                      0x08000267   Thumb Code     0  startup_stm32f207xx.o(.text)
    CAN1_TX_IRQHandler                       0x08000267   Thumb Code     0  startup_stm32f207xx.o(.text)
    CAN2_RX0_IRQHandler                      0x08000267   Thumb Code     0  startup_stm32f207xx.o(.text)
    CAN2_RX1_IRQHandler                      0x08000267   Thumb Code     0  startup_stm32f207xx.o(.text)
    CAN2_SCE_IRQHandler                      0x08000267   Thumb Code     0  startup_stm32f207xx.o(.text)
    CAN2_TX_IRQHandler                       0x08000267   Thumb Code     0  startup_stm32f207xx.o(.text)
    DCMI_IRQHandler                          0x08000267   Thumb Code     0  startup_stm32f207xx.o(.text)
    DMA1_Stream0_IRQHandler                  0x08000267   Thumb Code     0  startup_stm32f207xx.o(.text)
    DMA1_Stream1_IRQHandler                  0x08000267   Thumb Code     0  startup_stm32f207xx.o(.text)
    DMA1_Stream2_IRQHandler                  0x08000267   Thumb Code     0  startup_stm32f207xx.o(.text)
    DMA1_Stream3_IRQHandler                  0x08000267   Thumb Code     0  startup_stm32f207xx.o(.text)
    DMA1_Stream4_IRQHandler                  0x08000267   Thumb Code     0  startup_stm32f207xx.o(.text)
    DMA1_Stream5_IRQHandler                  0x08000267   Thumb Code     0  startup_stm32f207xx.o(.text)
    DMA1_Stream6_IRQHandler                  0x08000267   Thumb Code     0  startup_stm32f207xx.o(.text)
    DMA1_Stream7_IRQHandler                  0x08000267   Thumb Code     0  startup_stm32f207xx.o(.text)
    DMA2_Stream0_IRQHandler                  0x08000267   Thumb Code     0  startup_stm32f207xx.o(.text)
    DMA2_Stream1_IRQHandler                  0x08000267   Thumb Code     0  startup_stm32f207xx.o(.text)
    DMA2_Stream2_IRQHandler                  0x08000267   Thumb Code     0  startup_stm32f207xx.o(.text)
    DMA2_Stream3_IRQHandler                  0x08000267   Thumb Code     0  startup_stm32f207xx.o(.text)
    DMA2_Stream4_IRQHandler                  0x08000267   Thumb Code     0  startup_stm32f207xx.o(.text)
    DMA2_Stream5_IRQHandler                  0x08000267   Thumb Code     0  startup_stm32f207xx.o(.text)
    DMA2_Stream6_IRQHandler                  0x08000267   Thumb Code     0  startup_stm32f207xx.o(.text)
    DMA2_Stream7_IRQHandler                  0x08000267   Thumb Code     0  startup_stm32f207xx.o(.text)
    ETH_IRQHandler                           0x08000267   Thumb Code     0  startup_stm32f207xx.o(.text)
    ETH_WKUP_IRQHandler                      0x08000267   Thumb Code     0  startup_stm32f207xx.o(.text)
    EXTI0_IRQHandler                         0x08000267   Thumb Code     0  startup_stm32f207xx.o(.text)
    EXTI15_10_IRQHandler                     0x08000267   Thumb Code     0  startup_stm32f207xx.o(.text)
    EXTI1_IRQHandler                         0x08000267   Thumb Code     0  startup_stm32f207xx.o(.text)
    EXTI2_IRQHandler                         0x08000267   Thumb Code     0  startup_stm32f207xx.o(.text)
    EXTI3_IRQHandler                         0x08000267   Thumb Code     0  startup_stm32f207xx.o(.text)
    EXTI4_IRQHandler                         0x08000267   Thumb Code     0  startup_stm32f207xx.o(.text)
    EXTI9_5_IRQHandler                       0x08000267   Thumb Code     0  startup_stm32f207xx.o(.text)
    FLASH_IRQHandler                         0x08000267   Thumb Code     0  startup_stm32f207xx.o(.text)
    FSMC_IRQHandler                          0x08000267   Thumb Code     0  startup_stm32f207xx.o(.text)
    HASH_RNG_IRQHandler                      0x08000267   Thumb Code     0  startup_stm32f207xx.o(.text)
    I2C1_ER_IRQHandler                       0x08000267   Thumb Code     0  startup_stm32f207xx.o(.text)
    I2C1_EV_IRQHandler                       0x08000267   Thumb Code     0  startup_stm32f207xx.o(.text)
    I2C2_ER_IRQHandler                       0x08000267   Thumb Code     0  startup_stm32f207xx.o(.text)
    I2C2_EV_IRQHandler                       0x08000267   Thumb Code     0  startup_stm32f207xx.o(.text)
    I2C3_ER_IRQHandler                       0x08000267   Thumb Code     0  startup_stm32f207xx.o(.text)
    I2C3_EV_IRQHandler                       0x08000267   Thumb Code     0  startup_stm32f207xx.o(.text)
    OTG_FS_IRQHandler                        0x08000267   Thumb Code     0  startup_stm32f207xx.o(.text)
    OTG_FS_WKUP_IRQHandler                   0x08000267   Thumb Code     0  startup_stm32f207xx.o(.text)
    OTG_HS_EP1_IN_IRQHandler                 0x08000267   Thumb Code     0  startup_stm32f207xx.o(.text)
    OTG_HS_EP1_OUT_IRQHandler                0x08000267   Thumb Code     0  startup_stm32f207xx.o(.text)
    OTG_HS_IRQHandler                        0x08000267   Thumb Code     0  startup_stm32f207xx.o(.text)
    OTG_HS_WKUP_IRQHandler                   0x08000267   Thumb Code     0  startup_stm32f207xx.o(.text)
    PVD_IRQHandler                           0x08000267   Thumb Code     0  startup_stm32f207xx.o(.text)
    RCC_IRQHandler                           0x08000267   Thumb Code     0  startup_stm32f207xx.o(.text)
    RTC_Alarm_IRQHandler                     0x08000267   Thumb Code     0  startup_stm32f207xx.o(.text)
    RTC_WKUP_IRQHandler                      0x08000267   Thumb Code     0  startup_stm32f207xx.o(.text)
    SDIO_IRQHandler                          0x08000267   Thumb Code     0  startup_stm32f207xx.o(.text)
    SPI1_IRQHandler                          0x08000267   Thumb Code     0  startup_stm32f207xx.o(.text)
    SPI2_IRQHandler                          0x08000267   Thumb Code     0  startup_stm32f207xx.o(.text)
    SPI3_IRQHandler                          0x08000267   Thumb Code     0  startup_stm32f207xx.o(.text)
    TAMP_STAMP_IRQHandler                    0x08000267   Thumb Code     0  startup_stm32f207xx.o(.text)
    TIM1_BRK_TIM9_IRQHandler                 0x08000267   Thumb Code     0  startup_stm32f207xx.o(.text)
    TIM1_CC_IRQHandler                       0x08000267   Thumb Code     0  startup_stm32f207xx.o(.text)
    TIM1_TRG_COM_TIM11_IRQHandler            0x08000267   Thumb Code     0  startup_stm32f207xx.o(.text)
    TIM1_UP_TIM10_IRQHandler                 0x08000267   Thumb Code     0  startup_stm32f207xx.o(.text)
    TIM2_IRQHandler                          0x08000267   Thumb Code     0  startup_stm32f207xx.o(.text)
    TIM3_IRQHandler                          0x08000267   Thumb Code     0  startup_stm32f207xx.o(.text)
    TIM4_IRQHandler                          0x08000267   Thumb Code     0  startup_stm32f207xx.o(.text)
    TIM5_IRQHandler                          0x08000267   Thumb Code     0  startup_stm32f207xx.o(.text)
    TIM6_DAC_IRQHandler                      0x08000267   Thumb Code     0  startup_stm32f207xx.o(.text)
    TIM7_IRQHandler                          0x08000267   Thumb Code     0  startup_stm32f207xx.o(.text)
    TIM8_BRK_TIM12_IRQHandler                0x08000267   Thumb Code     0  startup_stm32f207xx.o(.text)
    TIM8_CC_IRQHandler                       0x08000267   Thumb Code     0  startup_stm32f207xx.o(.text)
    TIM8_TRG_COM_TIM14_IRQHandler            0x08000267   Thumb Code     0  startup_stm32f207xx.o(.text)
    TIM8_UP_TIM13_IRQHandler                 0x08000267   Thumb Code     0  startup_stm32f207xx.o(.text)
    UART4_IRQHandler                         0x08000267   Thumb Code     0  startup_stm32f207xx.o(.text)
    UART5_IRQHandler                         0x08000267   Thumb Code     0  startup_stm32f207xx.o(.text)
    USART1_IRQHandler                        0x08000267   Thumb Code     0  startup_stm32f207xx.o(.text)
    USART2_IRQHandler                        0x08000267   Thumb Code     0  startup_stm32f207xx.o(.text)
    USART3_IRQHandler                        0x08000267   Thumb Code     0  startup_stm32f207xx.o(.text)
    USART6_IRQHandler                        0x08000267   Thumb Code     0  startup_stm32f207xx.o(.text)
    WWDG_IRQHandler                          0x08000267   Thumb Code     0  startup_stm32f207xx.o(.text)
    __user_initial_stackheap                 0x08000269   Thumb Code     0  startup_stm32f207xx.o(.text)
    __aeabi_uldivmod                         0x0800028d   Thumb Code     0  lludivv7m.o(.text)
    _ll_udiv                                 0x0800028d   Thumb Code   240  lludivv7m.o(.text)
    __aeabi_memclr4                          0x0800037d   Thumb Code     0  rt_memclr_w.o(.text)
    __aeabi_memclr8                          0x0800037d   Thumb Code     0  rt_memclr_w.o(.text)
    __rt_memclr_w                            0x0800037d   Thumb Code     0  rt_memclr_w.o(.text)
    _memset_w                                0x08000381   Thumb Code    74  rt_memclr_w.o(.text)
    __use_two_region_memory                  0x080003cb   Thumb Code     2  heapauxi.o(.text)
    __rt_heap_escrow$2region                 0x080003cd   Thumb Code     2  heapauxi.o(.text)
    __rt_heap_expand$2region                 0x080003cf   Thumb Code     2  heapauxi.o(.text)
    __read_errno                             0x080003d1   Thumb Code    10  _rserrno.o(.text)
    __set_errno                              0x080003db   Thumb Code    12  _rserrno.o(.text)
    __aeabi_errno_addr                       0x080003e9   Thumb Code     8  rt_errno_addr_intlibspace.o(.text)
    __errno$intlibspace                      0x080003e9   Thumb Code     0  rt_errno_addr_intlibspace.o(.text)
    __rt_errno_addr$intlibspace              0x080003e9   Thumb Code     0  rt_errno_addr_intlibspace.o(.text)
    __user_libspace                          0x080003f1   Thumb Code     8  libspace.o(.text)
    __user_perproc_libspace                  0x080003f1   Thumb Code     0  libspace.o(.text)
    __user_perthread_libspace                0x080003f1   Thumb Code     0  libspace.o(.text)
    __user_setup_stackheap                   0x080003f9   Thumb Code    74  sys_stackheap_outer.o(.text)
    exit                                     0x08000443   Thumb Code    18  exit.o(.text)
    _sys_exit                                0x08000455   Thumb Code     8  sys_exit.o(.text)
    __I$use$semihosting                      0x08000461   Thumb Code     0  use_no_semi.o(.text)
    __use_no_semihosting_swi                 0x08000461   Thumb Code     2  use_no_semi.o(.text)
    __semihosting_library_function           0x08000463   Thumb Code     0  indicate_semi.o(.text)
    AUDIO_IO_Delay                           0x08000465   Thumb Code    16  main.o(.text.AUDIO_IO_Delay)
    AUDIO_IO_Init                            0x08000475   Thumb Code     2  main.o(.text.AUDIO_IO_Init)
    AUDIO_IO_Write                           0x08000479   Thumb Code    62  main.o(.text.AUDIO_IO_Write)
    Generate_Tone                            0x080004e5   Thumb Code   154  main.o(.text.Generate_Tone)
    HAL_Delay                                0x08000581   Thumb Code    66  stm32f2xx_hal.o(.text.HAL_Delay)
    HAL_GetTick                              0x080005c5   Thumb Code    12  stm32f2xx_hal.o(.text.HAL_GetTick)
    HAL_I2C_Mem_Write                        0x080005d1   Thumb Code   532  stm32f2xx_hal_i2c.o(.text.HAL_I2C_Mem_Write)
    HAL_I2S_Init                             0x080007e5   Thumb Code   660  stm32f2xx_hal_i2s.o(.text.HAL_I2S_Init)
    HAL_I2S_MspInit                          0x08000a79   Thumb Code     8  stm32f2xx_hal_i2s.o(.text.HAL_I2S_MspInit)
    HAL_I2S_Transmit                         0x08000a81   Thumb Code   544  stm32f2xx_hal_i2s.o(.text.HAL_I2S_Transmit)
    HAL_Init                                 0x08000ca1   Thumb Code    54  stm32f2xx_hal.o(.text.HAL_Init)
    HAL_InitTick                             0x08000cd9   Thumb Code   112  stm32f2xx_hal.o(.text.HAL_InitTick)
    HAL_MspInit                              0x08000d49   Thumb Code     2  stm32f2xx_hal.o(.text.HAL_MspInit)
    HAL_NVIC_SetPriority                     0x08000d4d   Thumb Code    50  stm32f2xx_hal_cortex.o(.text.HAL_NVIC_SetPriority)
    HAL_NVIC_SetPriorityGrouping             0x08000d81   Thumb Code    16  stm32f2xx_hal_cortex.o(.text.HAL_NVIC_SetPriorityGrouping)
    HAL_RCC_ClockConfig                      0x08000d91   Thumb Code   622  stm32f2xx_hal_rcc.o(.text.HAL_RCC_ClockConfig)
    HAL_RCC_GetSysClockFreq                  0x08001001   Thumb Code   230  stm32f2xx_hal_rcc.o(.text.HAL_RCC_GetSysClockFreq)
    HAL_RCC_OscConfig                        0x080010e9   Thumb Code  1614  stm32f2xx_hal_rcc.o(.text.HAL_RCC_OscConfig)
    HAL_SYSTICK_Config                       0x08001739   Thumb Code    16  stm32f2xx_hal_cortex.o(.text.HAL_SYSTICK_Config)
    MX_I2S3_Init                             0x08001d19   Thumb Code    98  main.o(.text.MX_I2S3_Init)
    SystemClock_Config                       0x08001e3d   Thumb Code   146  main.o(.text.SystemClock_Config)
    SystemInit                               0x08001ed1   Thumb Code     2  system_stm32f2xx.o(.text.SystemInit)
    cs42l52_Init                             0x08001f65   Thumb Code   522  cs42l52.o(.text.cs42l52_Init)
    cs42l52_Play                             0x08002171   Thumb Code    94  cs42l52.o(.text.cs42l52_Play)
    cs42l52_SetMute                          0x080021d1   Thumb Code   120  cs42l52.o(.text.cs42l52_SetMute)
    cs42l52_SetVolume                        0x08002249   Thumb Code   188  cs42l52.o(.text.cs42l52_SetVolume)
    cs42l52_Stop                             0x08002305   Thumb Code    78  cs42l52.o(.text.cs42l52_Stop)
    main                                     0x08002355   Thumb Code   106  main.o(.text.main)
    __ARM_fpclassifyf                        0x080023bf   Thumb Code    38  fpclassifyf.o(i.__ARM_fpclassifyf)
    __mathlib_flt_infnan                     0x080023e5   Thumb Code     6  funder.o(i.__mathlib_flt_infnan)
    __mathlib_flt_invalid                    0x080023eb   Thumb Code     8  funder.o(i.__mathlib_flt_invalid)
    __mathlib_flt_underflow                  0x080023f3   Thumb Code    10  funder.o(i.__mathlib_flt_underflow)
    __mathlib_rredf2                         0x080023fd   Thumb Code   344  rredf.o(i.__mathlib_rredf2)
    sinf                                     0x08002565   Thumb Code   338  sinf.o(i.sinf)
    __aeabi_d2f                              0x080026ed   Thumb Code     0  d2f.o(x$fpl$d2f)
    _d2f                                     0x080026ed   Thumb Code    98  d2f.o(x$fpl$d2f)
    __aeabi_ui2d                             0x0800274f   Thumb Code     0  dflt_clz.o(x$fpl$dfltu)
    _dfltu                                   0x0800274f   Thumb Code    38  dflt_clz.o(x$fpl$dfltu)
    __aeabi_dmul                             0x08002775   Thumb Code     0  dmul.o(x$fpl$dmul)
    _dmul                                    0x08002775   Thumb Code   332  dmul.o(x$fpl$dmul)
    __fpl_dnaninf                            0x080028c9   Thumb Code   156  dnaninf.o(x$fpl$dnaninf)
    __fpl_dretinf                            0x08002965   Thumb Code    12  dretinf.o(x$fpl$dretinf)
    __aeabi_f2d                              0x08002971   Thumb Code     0  f2d.o(x$fpl$f2d)
    _f2d                                     0x08002971   Thumb Code    86  f2d.o(x$fpl$f2d)
    __aeabi_fadd                             0x080029c9   Thumb Code     0  faddsub_clz.o(x$fpl$fadd)
    _fadd                                    0x080029c9   Thumb Code   196  faddsub_clz.o(x$fpl$fadd)
    __fpl_fcheck_NaN1                        0x08002a8d   Thumb Code     6  fcheck1.o(x$fpl$fcheck1)
    __aeabi_fdiv                             0x08002a99   Thumb Code     0  fdiv.o(x$fpl$fdiv)
    _fdiv                                    0x08002a99   Thumb Code   384  fdiv.o(x$fpl$fdiv)
    __aeabi_f2iz                             0x08002c1d   Thumb Code     0  ffix.o(x$fpl$ffix)
    _ffix                                    0x08002c1d   Thumb Code    54  ffix.o(x$fpl$ffix)
    __aeabi_i2f                              0x08002c55   Thumb Code     0  fflt_clz.o(x$fpl$fflt)
    _fflt                                    0x08002c55   Thumb Code    48  fflt_clz.o(x$fpl$fflt)
    __aeabi_ui2f                             0x08002c85   Thumb Code     0  fflt_clz.o(x$fpl$ffltu)
    _ffltu                                   0x08002c85   Thumb Code    38  fflt_clz.o(x$fpl$ffltu)
    __aeabi_fmul                             0x08002cad   Thumb Code     0  fmul.o(x$fpl$fmul)
    _fmul                                    0x08002cad   Thumb Code   258  fmul.o(x$fpl$fmul)
    __fpl_fnaninf                            0x08002daf   Thumb Code   140  fnaninf.o(x$fpl$fnaninf)
    __fpl_fretinf                            0x08002e3b   Thumb Code    10  fretinf.o(x$fpl$fretinf)
    _frnd                                    0x08002e45   Thumb Code    96  frnd.o(x$fpl$frnd)
    __aeabi_frsub                            0x08002ea5   Thumb Code     0  faddsub_clz.o(x$fpl$frsb)
    _frsb                                    0x08002ea5   Thumb Code    20  faddsub_clz.o(x$fpl$frsb)
    __aeabi_fsub                             0x08002eb9   Thumb Code     0  faddsub_clz.o(x$fpl$fsub)
    _fsub                                    0x08002eb9   Thumb Code   234  faddsub_clz.o(x$fpl$fsub)
    __fpl_return_NaN                         0x08002fa3   Thumb Code   100  retnan.o(x$fpl$retnan)
    __ARM_scalbnf                            0x08003007   Thumb Code    76  scalbnf.o(x$fpl$scalbnf)
    __fpl_cmpreturn                          0x08003053   Thumb Code    48  trapv.o(x$fpl$trapveneer)
    __I$use$fp                               0x08003082   Number         0  usenofp.o(x$fpl$usenofp)
    AHBPrescTable                            0x080030a4   Data          16  system_stm32f2xx.o(.rodata.AHBPrescTable)
    Region$$Table$$Base                      0x080030b4   Number         0  anon$$obj.o(Region$$Table)
    Region$$Table$$Limit                     0x080030d4   Number         0  anon$$obj.o(Region$$Table)
    SystemCoreClock                          0x20000004   Data           4  system_stm32f2xx.o(.data.SystemCoreClock)
    uwTickFreq                               0x20000008   Data           1  stm32f2xx_hal.o(.data.uwTickFreq)
    uwTickPrio                               0x2000000c   Data           4  stm32f2xx_hal.o(.data.uwTickPrio)
    __libspace_start                         0x20000010   Data          96  libspace.o(.bss)
    OutputDev                                0x20000070   Data           1  cs42l52.o(.bss.OutputDev)
    __temporary_stack_top$libspace           0x20000070   Data           0  libspace.o(.bss)
    audioBuffer                              0x20000072   Data       16000  main.o(.bss.audioBuffer)
    hi2c1                                    0x20003ef4   Data          84  main.o(.bss.hi2c1)
    hi2s3                                    0x20003f48   Data          64  main.o(.bss.hi2s3)
    uwTick                                   0x20003f88   Data           4  stm32f2xx_hal.o(.bss.uwTick)



==============================================================================

Memory Map of the image

  Image Entry point : 0x0800024d

  Load Region LR_1 (Base: 0x08000000, Size: 0x000030e4, Max: 0xffffffff, ABSOLUTE)

    Execution Region ER_RO (Exec base: 0x08000000, Load base: 0x08000000, Size: 0x000030d4, Max: 0xffffffff, ABSOLUTE)

    Exec Addr    Load Addr    Size         Type   Attr      Idx    E Section Name        Object

    0x08000000   0x08000000   0x00000184   Data   RO          274    RESET               startup_stm32f207xx.o
    0x08000184   0x08000184   0x00000008   Code   RO          648  * !!!main             c_w.l(__main.o)
    0x0800018c   0x0800018c   0x0000005c   Code   RO          906    !!!scatter          c_w.l(__scatter.o)
    0x080001e8   0x080001e8   0x0000001a   Code   RO          910    !!handler_copy      c_w.l(__scatter_copy.o)
    0x08000202   0x08000202   0x00000002   PAD
    0x08000204   0x08000204   0x00000002   Code   RO          907    !!handler_null      c_w.l(__scatter.o)
    0x08000206   0x08000206   0x00000002   PAD
    0x08000208   0x08000208   0x0000001c   Code   RO          912    !!handler_zi        c_w.l(__scatter_zi.o)
    0x08000224   0x08000224   0x00000002   Code   RO          765    .ARM.Collect$$libinit$$00000000  c_w.l(libinit.o)
    0x08000226   0x08000226   0x00000000   Code   RO          777    .ARM.Collect$$libinit$$00000002  c_w.l(libinit2.o)
    0x08000226   0x08000226   0x00000000   Code   RO          779    .ARM.Collect$$libinit$$00000004  c_w.l(libinit2.o)
    0x08000226   0x08000226   0x00000000   Code   RO          781    .ARM.Collect$$libinit$$00000006  c_w.l(libinit2.o)
    0x08000226   0x08000226   0x00000000   Code   RO          784    .ARM.Collect$$libinit$$0000000C  c_w.l(libinit2.o)
    0x08000226   0x08000226   0x00000000   Code   RO          786    .ARM.Collect$$libinit$$0000000E  c_w.l(libinit2.o)
    0x08000226   0x08000226   0x00000000   Code   RO          788    .ARM.Collect$$libinit$$00000010  c_w.l(libinit2.o)
    0x08000226   0x08000226   0x00000000   Code   RO          791    .ARM.Collect$$libinit$$00000013  c_w.l(libinit2.o)
    0x08000226   0x08000226   0x00000000   Code   RO          793    .ARM.Collect$$libinit$$00000015  c_w.l(libinit2.o)
    0x08000226   0x08000226   0x00000000   Code   RO          795    .ARM.Collect$$libinit$$00000017  c_w.l(libinit2.o)
    0x08000226   0x08000226   0x00000000   Code   RO          797    .ARM.Collect$$libinit$$00000019  c_w.l(libinit2.o)
    0x08000226   0x08000226   0x00000000   Code   RO          799    .ARM.Collect$$libinit$$0000001B  c_w.l(libinit2.o)
    0x08000226   0x08000226   0x00000000   Code   RO          801    .ARM.Collect$$libinit$$0000001D  c_w.l(libinit2.o)
    0x08000226   0x08000226   0x00000000   Code   RO          803    .ARM.Collect$$libinit$$0000001F  c_w.l(libinit2.o)
    0x08000226   0x08000226   0x00000000   Code   RO          805    .ARM.Collect$$libinit$$00000021  c_w.l(libinit2.o)
    0x08000226   0x08000226   0x00000000   Code   RO          807    .ARM.Collect$$libinit$$00000023  c_w.l(libinit2.o)
    0x08000226   0x08000226   0x00000000   Code   RO          809    .ARM.Collect$$libinit$$00000025  c_w.l(libinit2.o)
    0x08000226   0x08000226   0x00000000   Code   RO          811    .ARM.Collect$$libinit$$00000027  c_w.l(libinit2.o)
    0x08000226   0x08000226   0x00000000   Code   RO          815    .ARM.Collect$$libinit$$0000002E  c_w.l(libinit2.o)
    0x08000226   0x08000226   0x00000000   Code   RO          817    .ARM.Collect$$libinit$$00000030  c_w.l(libinit2.o)
    0x08000226   0x08000226   0x00000000   Code   RO          819    .ARM.Collect$$libinit$$00000032  c_w.l(libinit2.o)
    0x08000226   0x08000226   0x00000000   Code   RO          821    .ARM.Collect$$libinit$$00000034  c_w.l(libinit2.o)
    0x08000226   0x08000226   0x00000002   Code   RO          822    .ARM.Collect$$libinit$$00000035  c_w.l(libinit2.o)
    0x08000228   0x08000228   0x00000002   Code   RO          861    .ARM.Collect$$libshutdown$$00000000  c_w.l(libshutdown.o)
    0x0800022a   0x0800022a   0x00000000   Code   RO          889    .ARM.Collect$$libshutdown$$00000002  c_w.l(libshutdown2.o)
    0x0800022a   0x0800022a   0x00000000   Code   RO          891    .ARM.Collect$$libshutdown$$00000004  c_w.l(libshutdown2.o)
    0x0800022a   0x0800022a   0x00000000   Code   RO          894    .ARM.Collect$$libshutdown$$00000007  c_w.l(libshutdown2.o)
    0x0800022a   0x0800022a   0x00000000   Code   RO          897    .ARM.Collect$$libshutdown$$0000000A  c_w.l(libshutdown2.o)
    0x0800022a   0x0800022a   0x00000000   Code   RO          899    .ARM.Collect$$libshutdown$$0000000C  c_w.l(libshutdown2.o)
    0x0800022a   0x0800022a   0x00000000   Code   RO          902    .ARM.Collect$$libshutdown$$0000000F  c_w.l(libshutdown2.o)
    0x0800022a   0x0800022a   0x00000002   Code   RO          903    .ARM.Collect$$libshutdown$$00000010  c_w.l(libshutdown2.o)
    0x0800022c   0x0800022c   0x00000000   Code   RO          688    .ARM.Collect$$rtentry$$00000000  c_w.l(__rtentry.o)
    0x0800022c   0x0800022c   0x00000000   Code   RO          726    .ARM.Collect$$rtentry$$00000002  c_w.l(__rtentry2.o)
    0x0800022c   0x0800022c   0x00000006   Code   RO          738    .ARM.Collect$$rtentry$$00000004  c_w.l(__rtentry4.o)
    0x08000232   0x08000232   0x00000000   Code   RO          728    .ARM.Collect$$rtentry$$00000009  c_w.l(__rtentry2.o)
    0x08000232   0x08000232   0x00000004   Code   RO          729    .ARM.Collect$$rtentry$$0000000A  c_w.l(__rtentry2.o)
    0x08000236   0x08000236   0x00000000   Code   RO          731    .ARM.Collect$$rtentry$$0000000C  c_w.l(__rtentry2.o)
    0x08000236   0x08000236   0x00000008   Code   RO          732    .ARM.Collect$$rtentry$$0000000D  c_w.l(__rtentry2.o)
    0x0800023e   0x0800023e   0x00000002   Code   RO          768    .ARM.Collect$$rtexit$$00000000  c_w.l(rtexit.o)
    0x08000240   0x08000240   0x00000000   Code   RO          830    .ARM.Collect$$rtexit$$00000002  c_w.l(rtexit2.o)
    0x08000240   0x08000240   0x00000004   Code   RO          831    .ARM.Collect$$rtexit$$00000003  c_w.l(rtexit2.o)
    0x08000244   0x08000244   0x00000006   Code   RO          832    .ARM.Collect$$rtexit$$00000004  c_w.l(rtexit2.o)
    0x0800024a   0x0800024a   0x00000002   PAD
    0x0800024c   0x0800024c   0x00000040   Code   RO          275  * .text               startup_stm32f207xx.o
    0x0800028c   0x0800028c   0x000000f0   Code   RO          642    .text               c_w.l(lludivv7m.o)
    0x0800037c   0x0800037c   0x0000004e   Code   RO          644    .text               c_w.l(rt_memclr_w.o)
    0x080003ca   0x080003ca   0x00000006   Code   RO          646    .text               c_w.l(heapauxi.o)
    0x080003d0   0x080003d0   0x00000016   Code   RO          693    .text               c_w.l(_rserrno.o)
    0x080003e6   0x080003e6   0x00000002   PAD
    0x080003e8   0x080003e8   0x00000008   Code   RO          745    .text               c_w.l(rt_errno_addr_intlibspace.o)
    0x080003f0   0x080003f0   0x00000008   Code   RO          749    .text               c_w.l(libspace.o)
    0x080003f8   0x080003f8   0x0000004a   Code   RO          752    .text               c_w.l(sys_stackheap_outer.o)
    0x08000442   0x08000442   0x00000012   Code   RO          754    .text               c_w.l(exit.o)
    0x08000454   0x08000454   0x0000000c   Code   RO          825    .text               c_w.l(sys_exit.o)
    0x08000460   0x08000460   0x00000002   Code   RO          850    .text               c_w.l(use_no_semi.o)
    0x08000462   0x08000462   0x00000000   Code   RO          852    .text               c_w.l(indicate_semi.o)
    0x08000462   0x08000462   0x00000002   PAD
    0x08000464   0x08000464   0x00000010   Code   RO           18    .text.AUDIO_IO_Delay  main.o
    0x08000474   0x08000474   0x00000002   Code   RO           10    .text.AUDIO_IO_Init  main.o
    0x08000476   0x08000476   0x00000002   PAD
    0x08000478   0x08000478   0x0000003e   Code   RO           14    .text.AUDIO_IO_Write  main.o
    0x080004b6   0x080004b6   0x00000002   PAD
    0x080004b8   0x080004b8   0x0000002c   Code   RO           53    .text.CODEC_IO_Write  cs42l52.o
    0x080004e4   0x080004e4   0x0000009a   Code   RO            8    .text.Generate_Tone  main.o
    0x0800057e   0x0800057e   0x00000002   PAD
    0x08000580   0x08000580   0x00000042   Code   RO           85    .text.HAL_Delay     stm32f2xx_hal.o
    0x080005c2   0x080005c2   0x00000002   PAD
    0x080005c4   0x080005c4   0x0000000c   Code   RO           77    .text.HAL_GetTick   stm32f2xx_hal.o
    0x080005d0   0x080005d0   0x00000214   Code   RO          464    .text.HAL_I2C_Mem_Write  stm32f2xx_hal_i2c.o
    0x080007e4   0x080007e4   0x00000294   Code   RO          349    .text.HAL_I2S_Init  stm32f2xx_hal_i2s.o
    0x08000a78   0x08000a78   0x00000008   Code   RO          351    .text.HAL_I2S_MspInit  stm32f2xx_hal_i2s.o
    0x08000a80   0x08000a80   0x00000220   Code   RO          357    .text.HAL_I2S_Transmit  stm32f2xx_hal_i2s.o
    0x08000ca0   0x08000ca0   0x00000036   Code   RO           65    .text.HAL_Init      stm32f2xx_hal.o
    0x08000cd6   0x08000cd6   0x00000002   PAD
    0x08000cd8   0x08000cd8   0x00000070   Code   RO           67    .text.HAL_InitTick  stm32f2xx_hal.o
    0x08000d48   0x08000d48   0x00000002   Code   RO           69    .text.HAL_MspInit   stm32f2xx_hal.o
    0x08000d4a   0x08000d4a   0x00000002   PAD
    0x08000d4c   0x08000d4c   0x00000032   Code   RO          133    .text.HAL_NVIC_SetPriority  stm32f2xx_hal_cortex.o
    0x08000d7e   0x08000d7e   0x00000002   PAD
    0x08000d80   0x08000d80   0x00000010   Code   RO          129    .text.HAL_NVIC_SetPriorityGrouping  stm32f2xx_hal_cortex.o
    0x08000d90   0x08000d90   0x0000026e   Code   RO          227    .text.HAL_RCC_ClockConfig  stm32f2xx_hal_rcc.o
    0x08000ffe   0x08000ffe   0x00000002   PAD
    0x08001000   0x08001000   0x000000e6   Code   RO          229    .text.HAL_RCC_GetSysClockFreq  stm32f2xx_hal_rcc.o
    0x080010e6   0x080010e6   0x00000002   PAD
    0x080010e8   0x080010e8   0x0000064e   Code   RO          225    .text.HAL_RCC_OscConfig  stm32f2xx_hal_rcc.o
    0x08001736   0x08001736   0x00000002   PAD
    0x08001738   0x08001738   0x00000010   Code   RO          153    .text.HAL_SYSTICK_Config  stm32f2xx_hal_cortex.o
    0x08001748   0x08001748   0x00000064   Code   RO          576    .text.I2C_IsAcknowledgeFailed  stm32f2xx_hal_i2c.o
    0x080017ac   0x080017ac   0x0000013a   Code   RO          466    .text.I2C_RequestMemoryWrite  stm32f2xx_hal_i2c.o
    0x080018e6   0x080018e6   0x00000002   PAD
    0x080018e8   0x080018e8   0x000000ac   Code   RO          430    .text.I2C_WaitOnBTFFlagUntilTimeout  stm32f2xx_hal_i2c.o
    0x08001994   0x08001994   0x00000108   Code   RO          424    .text.I2C_WaitOnFlagUntilTimeout  stm32f2xx_hal_i2c.o
    0x08001a9c   0x08001a9c   0x00000154   Code   RO          574    .text.I2C_WaitOnMasterAddressFlagUntilTimeout  stm32f2xx_hal_i2c.o
    0x08001bf0   0x08001bf0   0x000000a8   Code   RO          428    .text.I2C_WaitOnTXEFlagUntilTimeout  stm32f2xx_hal_i2c.o
    0x08001c98   0x08001c98   0x00000080   Code   RO          359    .text.I2S_WaitFlagStateUntilTimeout  stm32f2xx_hal_i2s.o
    0x08001d18   0x08001d18   0x00000062   Code   RO            6    .text.MX_I2S3_Init  main.o
    0x08001d7a   0x08001d7a   0x00000002   PAD
    0x08001d7c   0x08001d7c   0x0000006c   Code   RO          139    .text.NVIC_EncodePriority  stm32f2xx_hal_cortex.o
    0x08001de8   0x08001de8   0x00000052   Code   RO          155    .text.SysTick_Config  stm32f2xx_hal_cortex.o
    0x08001e3a   0x08001e3a   0x00000002   PAD
    0x08001e3c   0x08001e3c   0x00000092   Code   RO            4    .text.SystemClock_Config  main.o
    0x08001ece   0x08001ece   0x00000002   PAD
    0x08001ed0   0x08001ed0   0x00000002   Code   RO          282    .text.SystemInit    system_stm32f2xx.o
    0x08001ed2   0x08001ed2   0x00000002   PAD
    0x08001ed4   0x08001ed4   0x00000010   Code   RO          135    .text.__NVIC_GetPriorityGrouping  stm32f2xx_hal_cortex.o
    0x08001ee4   0x08001ee4   0x00000042   Code   RO          137    .text.__NVIC_SetPriority  stm32f2xx_hal_cortex.o
    0x08001f26   0x08001f26   0x00000002   PAD
    0x08001f28   0x08001f28   0x0000003c   Code   RO          131    .text.__NVIC_SetPriorityGrouping  stm32f2xx_hal_cortex.o
    0x08001f64   0x08001f64   0x0000020a   Code   RO           31    .text.cs42l52_Init  cs42l52.o
    0x0800216e   0x0800216e   0x00000002   PAD
    0x08002170   0x08002170   0x0000005e   Code   RO           37    .text.cs42l52_Play  cs42l52.o
    0x080021ce   0x080021ce   0x00000002   PAD
    0x080021d0   0x080021d0   0x00000078   Code   RO           49    .text.cs42l52_SetMute  cs42l52.o
    0x08002248   0x08002248   0x000000bc   Code   RO           47    .text.cs42l52_SetVolume  cs42l52.o
    0x08002304   0x08002304   0x0000004e   Code   RO           43    .text.cs42l52_Stop  cs42l52.o
    0x08002352   0x08002352   0x00000002   PAD
    0x08002354   0x08002354   0x0000006a   Code   RO            2    .text.main          main.o
    0x080023be   0x080023be   0x00000026   Code   RO          706    i.__ARM_fpclassifyf  m_ws.l(fpclassifyf.o)
    0x080023e4   0x080023e4   0x00000006   Code   RO          709    i.__mathlib_flt_infnan  m_ws.l(funder.o)
    0x080023ea   0x080023ea   0x00000008   Code   RO          711    i.__mathlib_flt_invalid  m_ws.l(funder.o)
    0x080023f2   0x080023f2   0x0000000a   Code   RO          714    i.__mathlib_flt_underflow  m_ws.l(funder.o)
    0x080023fc   0x080023fc   0x00000168   Code   RO          722    i.__mathlib_rredf2  m_ws.l(rredf.o)
    0x08002564   0x08002564   0x00000188   Code   RO          685    i.sinf              m_ws.l(sinf.o)
    0x080026ec   0x080026ec   0x00000062   Code   RO          650    x$fpl$d2f           fz_ws.l(d2f.o)
    0x0800274e   0x0800274e   0x00000026   Code   RO          652    x$fpl$dfltu         fz_ws.l(dflt_clz.o)
    0x08002774   0x08002774   0x00000154   Code   RO          658    x$fpl$dmul          fz_ws.l(dmul.o)
    0x080028c8   0x080028c8   0x0000009c   Code   RO          695    x$fpl$dnaninf       fz_ws.l(dnaninf.o)
    0x08002964   0x08002964   0x0000000c   Code   RO          697    x$fpl$dretinf       fz_ws.l(dretinf.o)
    0x08002970   0x08002970   0x00000056   Code   RO          660    x$fpl$f2d           fz_ws.l(f2d.o)
    0x080029c6   0x080029c6   0x00000002   PAD
    0x080029c8   0x080029c8   0x000000c4   Code   RO          662    x$fpl$fadd          fz_ws.l(faddsub_clz.o)
    0x08002a8c   0x08002a8c   0x0000000c   Code   RO          766    x$fpl$fcheck1       fz_ws.l(fcheck1.o)
    0x08002a98   0x08002a98   0x00000184   Code   RO          669    x$fpl$fdiv          fz_ws.l(fdiv.o)
    0x08002c1c   0x08002c1c   0x00000036   Code   RO          672    x$fpl$ffix          fz_ws.l(ffix.o)
    0x08002c52   0x08002c52   0x00000002   PAD
    0x08002c54   0x08002c54   0x00000030   Code   RO          677    x$fpl$fflt          fz_ws.l(fflt_clz.o)
    0x08002c84   0x08002c84   0x00000026   Code   RO          676    x$fpl$ffltu         fz_ws.l(fflt_clz.o)
    0x08002caa   0x08002caa   0x00000002   PAD
    0x08002cac   0x08002cac   0x00000102   Code   RO          682    x$fpl$fmul          fz_ws.l(fmul.o)
    0x08002dae   0x08002dae   0x0000008c   Code   RO          699    x$fpl$fnaninf       fz_ws.l(fnaninf.o)
    0x08002e3a   0x08002e3a   0x0000000a   Code   RO          701    x$fpl$fretinf       fz_ws.l(fretinf.o)
    0x08002e44   0x08002e44   0x00000060   Code   RO          703    x$fpl$frnd          fz_ws.l(frnd.o)
    0x08002ea4   0x08002ea4   0x00000014   Code   RO          663    x$fpl$frsb          fz_ws.l(faddsub_clz.o)
    0x08002eb8   0x08002eb8   0x000000ea   Code   RO          664    x$fpl$fsub          fz_ws.l(faddsub_clz.o)
    0x08002fa2   0x08002fa2   0x00000064   Code   RO          823    x$fpl$retnan        fz_ws.l(retnan.o)
    0x08003006   0x08003006   0x0000004c   Code   RO          747    x$fpl$scalbnf       fz_ws.l(scalbnf.o)
    0x08003052   0x08003052   0x00000030   Code   RO          844    x$fpl$trapveneer    fz_ws.l(trapv.o)
    0x08003082   0x08003082   0x00000000   Code   RO          705    x$fpl$usenofp       fz_ws.l(usenofp.o)
    0x08003082   0x08003082   0x00000002   PAD
    0x08003084   0x08003084   0x00000020   Data   RO          723    .constdata          m_ws.l(rredf.o)
    0x080030a4   0x080030a4   0x00000010   Data   RO          287    .rodata.AHBPrescTable  system_stm32f2xx.o
    0x080030b4   0x080030b4   0x00000020   Data   RO          905    Region$$Table       anon$$obj.o


    Execution Region ER_RW (Exec base: 0x20000000, Load base: 0x080030d4, Size: 0x00000010, Max: 0xffffffff, ABSOLUTE)

    Exec Addr    Load Addr    Size         Type   Attr      Idx    E Section Name        Object

    0x20000000   0x080030d4   0x00000001   Data   RW           57    .data.Is_cs42l52_Stop  cs42l52.o
    0x20000001   0x080030d5   0x00000003   PAD
    0x20000004   0x080030d8   0x00000004   Data   RW          286    .data.SystemCoreClock  system_stm32f2xx.o
    0x20000008   0x080030dc   0x00000001   Data   RW          120    .data.uwTickFreq    stm32f2xx_hal.o
    0x20000009   0x080030dd   0x00000003   PAD
    0x2000000c   0x080030e0   0x00000004   Data   RW          119    .data.uwTickPrio    stm32f2xx_hal.o


    Execution Region ER_ZI (Exec base: 0x20000010, Load base: 0x080030e4, Size: 0x00004580, Max: 0xffffffff, ABSOLUTE)

    Exec Addr    Load Addr    Size         Type   Attr      Idx    E Section Name        Object

    0x20000010        -       0x00000060   Zero   RW          750    .bss                c_w.l(libspace.o)
    0x20000070        -       0x00000001   Zero   RW           56    .bss.OutputDev      cs42l52.o
    0x20000071   0x080030e4   0x00000001   PAD
    0x20000072        -       0x00003e80   Zero   RW           20    .bss.audioBuffer    main.o
    0x20003ef2   0x080030e4   0x00000002   PAD
    0x20003ef4        -       0x00000054   Zero   RW           22    .bss.hi2c1          main.o
    0x20003f48        -       0x00000040   Zero   RW           21    .bss.hi2s3          main.o
    0x20003f88        -       0x00000004   Zero   RW          121    .bss.uwTick         stm32f2xx_hal.o
    0x20003f8c   0x080030e4   0x00000004   PAD
    0x20003f90        -       0x00000200   Zero   RW          273    HEAP                startup_stm32f207xx.o
    0x20004190        -       0x00000400   Zero   RW          272    STACK               startup_stm32f207xx.o


==============================================================================

Image component sizes


      Code (inc. data)   RO Data    RW Data    ZI Data      Debug   Object Name

      1046          4          0          1          1       3759   cs42l52.o
       584          0          0          0      16148       7274   main.o
        64         26        388          0       1536        840   startup_stm32f207xx.o
       246          0          0          5          4       7423   stm32f2xx_hal.o
       414          0          0          0          0       9832   stm32f2xx_hal_cortex.o
      1890          0          0          0          0      37827   stm32f2xx_hal_i2c.o
      1340          0          0          0          0      11722   stm32f2xx_hal_i2s.o
      2466          0          0          0          0       8083   stm32f2xx_hal_rcc.o
         2          0         16          4          0       2102   system_stm32f2xx.o

    ----------------------------------------------------------------------
      8090         30        436         16      17696      88862   Object Totals
         0          0         32          0          0          0   (incl. Generated)
        38          0          0          6          7          0   (incl. Padding)

    ----------------------------------------------------------------------

      Code (inc. data)   RO Data    RW Data    ZI Data      Debug   Library Member Name

         8          0          0          0          0         68   __main.o
         0          0          0          0          0          0   __rtentry.o
        12          0          0          0          0          0   __rtentry2.o
         6          0          0          0          0          0   __rtentry4.o
        94          8          0          0          0          0   __scatter.o
        26          0          0          0          0          0   __scatter_copy.o
        28          0          0          0          0          0   __scatter_zi.o
        22          0          0          0          0        100   _rserrno.o
        18          0          0          0          0         80   exit.o
         6          0          0          0          0        152   heapauxi.o
         0          0          0          0          0          0   indicate_semi.o
         2          0          0          0          0          0   libinit.o
         2          0          0          0          0          0   libinit2.o
         2          0          0          0          0          0   libshutdown.o
         2          0          0          0          0          0   libshutdown2.o
         8          4          0          0         96         68   libspace.o
       240          0          0          0          0        100   lludivv7m.o
         8          4          0          0          0         68   rt_errno_addr_intlibspace.o
        78          0          0          0          0         80   rt_memclr_w.o
         2          0          0          0          0          0   rtexit.o
        10          0          0          0          0          0   rtexit2.o
        12          4          0          0          0         68   sys_exit.o
        74          0          0          0          0         80   sys_stackheap_outer.o
         2          0          0          0          0         68   use_no_semi.o
        98          4          0          0          0         92   d2f.o
        38          0          0          0          0         68   dflt_clz.o
       340         12          0          0          0        104   dmul.o
       156          4          0          0          0         92   dnaninf.o
        12          0          0          0          0         68   dretinf.o
        86          4          0          0          0         84   f2d.o
       450          8          0          0          0        236   faddsub_clz.o
        12          4          0          0          0         68   fcheck1.o
       388         76          0          0          0         96   fdiv.o
        54          4          0          0          0         84   ffix.o
        86          0          0          0          0        136   fflt_clz.o
       258          4          0          0          0         84   fmul.o
       140          4          0          0          0         84   fnaninf.o
        10          0          0          0          0         68   fretinf.o
        96          4          0          0          0         76   frnd.o
       100          0          0          0          0         68   retnan.o
        76          0          0          0          0         68   scalbnf.o
        48          0          0          0          0         68   trapv.o
         0          0          0          0          0          0   usenofp.o
        38          0          0          0          0         68   fpclassifyf.o
        24          0          0          0          0        204   funder.o
       360         16         32          0          0         88   rredf.o
       392         54          0          0          0        124   sinf.o

    ----------------------------------------------------------------------
      3942        218         32          0         96       3060   Library Totals
        18          0          0          0          0          0   (incl. Padding)

    ----------------------------------------------------------------------

      Code (inc. data)   RO Data    RW Data    ZI Data      Debug   Library Name

       662         20          0          0         96        932   c_w.l
      2448        128          0          0          0       1644   fz_ws.l
       814         70         32          0          0        484   m_ws.l

    ----------------------------------------------------------------------
      3942        218         32          0         96       3060   Library Totals

    ----------------------------------------------------------------------

==============================================================================


      Code (inc. data)   RO Data    RW Data    ZI Data      Debug   

     12032        248        468         16      17792      90130   Grand Totals
     12032        248        468         16      17792      90130   ELF Image Totals
     12032        248        468         16          0          0   ROM Totals

==============================================================================

    Total RO  Size (Code + RO Data)                12500 (  12.21kB)
    Total RW  Size (RW Data + ZI Data)             17808 (  17.39kB)
    Total ROM Size (Code + RO Data + RW Data)      12516 (  12.22kB)

==============================================================================

